Archive member included to satisfy reference by file (symbol)

/usr/local/gcc-arm/gcc-arm-none-eabi-5_4-2016q3/bin/../lib/gcc/arm-none-eabi/5.4.1/../../../../arm-none-eabi/lib/armv7e-m/fpu/libc_nano.a(lib_a-exit.o)
                              /usr/local/gcc-arm/gcc-arm-none-eabi-5_4-2016q3/bin/../lib/gcc/arm-none-eabi/5.4.1/../../../../arm-none-eabi/lib/armv7e-m/fpu/crt0.o (exit)
/usr/local/gcc-arm/gcc-arm-none-eabi-5_4-2016q3/bin/../lib/gcc/arm-none-eabi/5.4.1/../../../../arm-none-eabi/lib/armv7e-m/fpu/libc_nano.a(lib_a-impure.o)
                              /usr/local/gcc-arm/gcc-arm-none-eabi-5_4-2016q3/bin/../lib/gcc/arm-none-eabi/5.4.1/../../../../arm-none-eabi/lib/armv7e-m/fpu/libc_nano.a(lib_a-exit.o) (_global_impure_ptr)
/usr/local/gcc-arm/gcc-arm-none-eabi-5_4-2016q3/bin/../lib/gcc/arm-none-eabi/5.4.1/../../../../arm-none-eabi/lib/armv7e-m/fpu/libc_nano.a(lib_a-init.o)
                              /usr/local/gcc-arm/gcc-arm-none-eabi-5_4-2016q3/bin/../lib/gcc/arm-none-eabi/5.4.1/../../../../arm-none-eabi/lib/armv7e-m/fpu/crt0.o (__libc_init_array)
/usr/local/gcc-arm/gcc-arm-none-eabi-5_4-2016q3/bin/../lib/gcc/arm-none-eabi/5.4.1/../../../../arm-none-eabi/lib/armv7e-m/fpu/libc_nano.a(lib_a-memset.o)
                              /usr/local/gcc-arm/gcc-arm-none-eabi-5_4-2016q3/bin/../lib/gcc/arm-none-eabi/5.4.1/../../../../arm-none-eabi/lib/armv7e-m/fpu/crt0.o (memset)
/usr/local/gcc-arm/gcc-arm-none-eabi-5_4-2016q3/bin/../lib/gcc/arm-none-eabi/5.4.1/../../../../arm-none-eabi/lib/armv7e-m/fpu/libnosys.a(_exit.o)
                              /usr/local/gcc-arm/gcc-arm-none-eabi-5_4-2016q3/bin/../lib/gcc/arm-none-eabi/5.4.1/../../../../arm-none-eabi/lib/armv7e-m/fpu/libc_nano.a(lib_a-exit.o) (_exit)
/usr/local/gcc-arm/gcc-arm-none-eabi-5_4-2016q3/bin/../lib/gcc/arm-none-eabi/5.4.1/armv7e-m/fpu/libgcc.a(_aeabi_uldivmod.o)
                              _build/nrf52840_xxaa_bsp.c.o (__aeabi_uldivmod)
/usr/local/gcc-arm/gcc-arm-none-eabi-5_4-2016q3/bin/../lib/gcc/arm-none-eabi/5.4.1/armv7e-m/fpu/libgcc.a(_udivmoddi4.o)
                              /usr/local/gcc-arm/gcc-arm-none-eabi-5_4-2016q3/bin/../lib/gcc/arm-none-eabi/5.4.1/armv7e-m/fpu/libgcc.a(_aeabi_uldivmod.o) (__udivmoddi4)
/usr/local/gcc-arm/gcc-arm-none-eabi-5_4-2016q3/bin/../lib/gcc/arm-none-eabi/5.4.1/armv7e-m/fpu/libgcc.a(_dvmd_tls.o)
                              /usr/local/gcc-arm/gcc-arm-none-eabi-5_4-2016q3/bin/../lib/gcc/arm-none-eabi/5.4.1/armv7e-m/fpu/libgcc.a(_aeabi_uldivmod.o) (__aeabi_ldiv0)
/usr/local/gcc-arm/gcc-arm-none-eabi-5_4-2016q3/bin/../lib/gcc/arm-none-eabi/5.4.1/../../../../arm-none-eabi/lib/armv7e-m/fpu/libc_nano.a(lib_a-locale.o)
                              _build/nrf52840_xxaa_nrf_log_backend_serial.c.o (__locale_ctype_ptr)
/usr/local/gcc-arm/gcc-arm-none-eabi-5_4-2016q3/bin/../lib/gcc/arm-none-eabi/5.4.1/../../../../arm-none-eabi/lib/armv7e-m/fpu/libc_nano.a(lib_a-mbtowc_r.o)
                              /usr/local/gcc-arm/gcc-arm-none-eabi-5_4-2016q3/bin/../lib/gcc/arm-none-eabi/5.4.1/../../../../arm-none-eabi/lib/armv7e-m/fpu/libc_nano.a(lib_a-locale.o) (__ascii_mbtowc)
/usr/local/gcc-arm/gcc-arm-none-eabi-5_4-2016q3/bin/../lib/gcc/arm-none-eabi/5.4.1/../../../../arm-none-eabi/lib/armv7e-m/fpu/libc_nano.a(lib_a-memcmp.o)
                              _build/nrf52840_xxaa_main.c.o (memcmp)
/usr/local/gcc-arm/gcc-arm-none-eabi-5_4-2016q3/bin/../lib/gcc/arm-none-eabi/5.4.1/../../../../arm-none-eabi/lib/armv7e-m/fpu/libc_nano.a(lib_a-memcpy-stub.o)
                              _build/nrf52840_xxaa_nrf_log_backend_serial.c.o (memcpy)
/usr/local/gcc-arm/gcc-arm-none-eabi-5_4-2016q3/bin/../lib/gcc/arm-none-eabi/5.4.1/../../../../arm-none-eabi/lib/armv7e-m/fpu/libc_nano.a(lib_a-snprintf.o)
                              _build/nrf52840_xxaa_nrf_log_backend_serial.c.o (snprintf)
/usr/local/gcc-arm/gcc-arm-none-eabi-5_4-2016q3/bin/../lib/gcc/arm-none-eabi/5.4.1/../../../../arm-none-eabi/lib/armv7e-m/fpu/libc_nano.a(lib_a-strcmp.o)
                              /usr/local/gcc-arm/gcc-arm-none-eabi-5_4-2016q3/bin/../lib/gcc/arm-none-eabi/5.4.1/../../../../arm-none-eabi/lib/armv7e-m/fpu/libc_nano.a(lib_a-locale.o) (strcmp)
/usr/local/gcc-arm/gcc-arm-none-eabi-5_4-2016q3/bin/../lib/gcc/arm-none-eabi/5.4.1/../../../../arm-none-eabi/lib/armv7e-m/fpu/libc_nano.a(lib_a-strcpy.o)
                              _build/nrf52840_xxaa_SEGGER_RTT.c.o (strcpy)
/usr/local/gcc-arm/gcc-arm-none-eabi-5_4-2016q3/bin/../lib/gcc/arm-none-eabi/5.4.1/../../../../arm-none-eabi/lib/armv7e-m/fpu/libc_nano.a(lib_a-strlen.o)
                              _build/nrf52840_xxaa_nrf_log_backend_serial.c.o (strlen)
/usr/local/gcc-arm/gcc-arm-none-eabi-5_4-2016q3/bin/../lib/gcc/arm-none-eabi/5.4.1/../../../../arm-none-eabi/lib/armv7e-m/fpu/libc_nano.a(lib_a-wctomb_r.o)
[...]
Memory Configuration

Name             Origin             Length             Attributes
FLASH            0x0000000000022000 0x00000000000de000 xr
RAM              0x0000000020001c00 0x000000000003e400 xrw
*default*        0x0000000000000000 0xffffffffffffffff

Linker script and memory map


.text           0x0000000000022000     0x571c
 *(.isr_vector)
 .isr_vector    0x0000000000022000      0x200 _build/nrf52840_xxaa_gcc_startup_nrf52840.S.o
                0x0000000000022000                __isr_vector
 *(.text*)
 .text          0x0000000000022200       0x5c /usr/local/gcc-arm/gcc-arm-none-eabi-5_4-2016q3/bin/../lib/gcc/arm-none-eabi/5.4.1/armv7e-m/fpu/crtbegin.o
 .text          0x000000000002225c       0x74 /usr/local/gcc-arm/gcc-arm-none-eabi-5_4-2016q3/bin/../lib/gcc/arm-none-eabi/5.4.1/../../../../arm-none-eabi/lib/armv7e-m/fpu/crt0.o
                0x000000000002225c                _mainCRTStartup
                0x000000000002225c                _start
 .text.exit     0x00000000000222d0       0x28 /usr/local/gcc-arm/gcc-arm-none-eabi-5_4-2016q3/bin/../lib/gcc/arm-none-eabi/5.4.1/../../../../arm-none-eabi/lib/armv7e-m/fpu/libc_nano.a(lib_a-exit.o)
                0x00000000000222d0                exit
 .text.__libc_init_array
                0x00000000000222f8       0x4c /usr/local/gcc-arm/gcc-arm-none-eabi-5_4-2016q3/bin/../lib/gcc/arm-none-eabi/5.4.1/../../../../arm-none-eabi/lib/armv7e-m/fpu/libc_nano.a(lib_a-init.o)
                0x00000000000222f8                __libc_init_array
 .text.memset   0x0000000000022344       0x10 /usr/local/gcc-arm/gcc-arm-none-eabi-5_4-2016q3/bin/../lib/gcc/arm-none-eabi/5.4.1/../../../../arm-none-eabi/lib/armv7e-m/fpu/libc_nano.a(lib_a-memset.o)
                0x0000000000022344                memset
 .text._exit    0x0000000000022354        0x4 /usr/local/gcc-arm/gcc-arm-none-eabi-5_4-2016q3/bin/../lib/gcc/arm-none-eabi/5.4.1/../../../../arm-none-eabi/lib/armv7e-m/fpu/libnosys.a(_exit.o)
                0x0000000000022354                _exit
 .text.uart_event_handler
                0x0000000000022358       0x10 _build/nrf52840_xxaa_nrf_log_backend_serial.c.o
 .text.nrf_log_backend_serial_hexdump_handler
                0x0000000000022368      0x260 _build/nrf52840_xxaa_nrf_log_backend_serial.c.o
 .text.nrf_log_backend_serial_std_handler
                0x00000000000225c8      0x1c0 _build/nrf52840_xxaa_nrf_log_backend_serial.c.o
 .text.nrf_log_backend_init
                0x0000000000022788       0x80 _build/nrf52840_xxaa_nrf_log_backend_serial.c.o
                0x0000000000022788                nrf_log_backend_init
 .text.nrf_log_backend_std_handler_get
                0x0000000000022808        0x8 _build/nrf52840_xxaa_nrf_log_backend_serial.c.o
                0x0000000000022808                nrf_log_backend_std_handler_get
 .text.nrf_log_backend_hexdump_handler_get
                0x0000000000022810        0x8 _build/nrf52840_xxaa_nrf_log_backend_serial.c.o
                0x0000000000022810                nrf_log_backend_hexdump_handler_get
 .text.nrf_log_init
                0x0000000000022818       0x30 _build/nrf52840_xxaa_nrf_log_frontend.c.o
                0x0000000000022818                nrf_log_init
 .text.nrf_log_blocking_backend_set
                0x0000000000022848        0x8 _build/nrf52840_xxaa_nrf_log_frontend.c.o
                0x0000000000022848                nrf_log_blocking_backend_set
 .text.nrf_log_frontend_std_0
                0x0000000000022850       0xb0 _build/nrf52840_xxaa_nrf_log_frontend.c.o
                0x0000000000022850                nrf_log_frontend_std_0
 .text.nrf_log_frontend_std_1
                0x0000000000022900       0xbc _build/nrf52840_xxaa_nrf_log_frontend.c.o
                0x0000000000022900                nrf_log_frontend_std_1
 .text.nrf_log_frontend_std_2
                0x00000000000229bc       0xcc _build/nrf52840_xxaa_nrf_log_frontend.c.o
                0x00000000000229bc                nrf_log_frontend_std_2
 .text.nrf_log_frontend_dequeue
                0x0000000000022a88      0x13c _build/nrf52840_xxaa_nrf_log_frontend.c.o
                0x0000000000022a88                nrf_log_frontend_dequeue
 .text.detection_delay_timeout_handler
                0x0000000000022bc4       0xa8 _build/nrf52840_xxaa_app_button.c.o
 .text.gpiote_event_handler
                0x0000000000022c6c       0x5c _build/nrf52840_xxaa_app_button.c.o
 .text.app_button_init
                0x0000000000022cc8       0xb0 _build/nrf52840_xxaa_app_button.c.o
                0x0000000000022cc8                app_button_init
 .text.app_button_enable
                0x0000000000022d78       0x2c _build/nrf52840_xxaa_app_button.c.o
                0x0000000000022d78                app_button_enable
 .text.app_error_handler_bare
                0x0000000000022da4       0x20 _build/nrf52840_xxaa_app_error.c.o
                0x0000000000022da4                app_error_handler_bare
 .text.app_error_fault_handler
                0x0000000000022dc4       0x48 _build/nrf52840_xxaa_app_error_weak.c.o
                0x0000000000022dc4                app_error_fault_handler
 .text.RTC1_IRQHandler
                0x0000000000022e0c       0xa0 _build/nrf52840_xxaa_app_timer.c.o
                0x0000000000022e0c                RTC1_IRQHandler
 .text.SWI0_EGU0_IRQHandler
                0x0000000000022eac      0x64c _build/nrf52840_xxaa_app_timer.c.o
                0x0000000000022eac                SWI0_EGU0_IRQHandler
 .text.app_timer_init
                0x00000000000234f8      0x184 _build/nrf52840_xxaa_app_timer.c.o
                0x00000000000234f8                app_timer_init
 .text.app_timer_create
                0x000000000002367c       0x24 _build/nrf52840_xxaa_app_timer.c.o
                0x000000000002367c                app_timer_create
 .text.app_timer_start
                0x00000000000236a0       0xac _build/nrf52840_xxaa_app_timer.c.o
                0x00000000000236a0                app_timer_start
 .text.app_timer_stop
                0x000000000002374c       0x78 _build/nrf52840_xxaa_app_timer.c.o
                0x000000000002374c                app_timer_stop
 .text.app_util_critical_region_enter
                0x00000000000237c4       0x50 _build/nrf52840_xxaa_app_util_platform.c.o
                0x00000000000237c4                app_util_critical_region_enter
 .text.app_util_critical_region_exit
                0x0000000000023814       0x30 _build/nrf52840_xxaa_app_util_platform.c.o
                0x0000000000023814                app_util_critical_region_exit
 .text.bsp_board_led_on
                0x0000000000023844       0x28 _build/nrf52840_xxaa_boards.c.o
                0x0000000000023844                bsp_board_led_on
 .text.bsp_board_led_off
                0x000000000002386c       0x28 _build/nrf52840_xxaa_boards.c.o
                0x000000000002386c                bsp_board_led_off
 .text.bsp_board_leds_init
                0x0000000000023894       0x3c _build/nrf52840_xxaa_boards.c.o
                0x0000000000023894                bsp_board_leds_init
 .text.POWER_CLOCK_IRQHandler
                0x00000000000238d0       0x78 _build/nrf52840_xxaa_nrf_drv_clock.c.o
                0x00000000000238d0                POWER_CLOCK_IRQHandler
 .text.nrf_drv_clock_on_soc_event
                0x0000000000023948       0x20 _build/nrf52840_xxaa_nrf_drv_clock.c.o
                0x0000000000023948                nrf_drv_clock_on_soc_event
 .text.nrf_drv_clock_on_sd_enable
                0x0000000000023968       0x64 _build/nrf52840_xxaa_nrf_drv_clock.c.o
                0x0000000000023968                nrf_drv_clock_on_sd_enable
 .text.nrf_drv_common_irq_enable
                0x00000000000239cc       0x50 _build/nrf52840_xxaa_nrf_drv_common.c.o
                0x00000000000239cc                nrf_drv_common_irq_enable
 .text.nrf_drv_gpiote_init
                0x0000000000023a1c       0x8c _build/nrf52840_xxaa_nrf_drv_gpiote.c.o
                0x0000000000023a1c                nrf_drv_gpiote_init
 .text.nrf_drv_gpiote_is_init
                0x0000000000023aa8       0x14 _build/nrf52840_xxaa_nrf_drv_gpiote.c.o
                0x0000000000023aa8                nrf_drv_gpiote_is_init
 .text.nrf_drv_gpiote_in_init
                0x0000000000023abc      0x1b0 _build/nrf52840_xxaa_nrf_drv_gpiote.c.o
                0x0000000000023abc                nrf_drv_gpiote_in_init
 .text.nrf_drv_gpiote_in_event_enable
                0x0000000000023c6c       0xf8 _build/nrf52840_xxaa_nrf_drv_gpiote.c.o
                0x0000000000023c6c                nrf_drv_gpiote_in_event_enable
 .text.nrf_drv_gpiote_in_is_set
                0x0000000000023d64       0x20 _build/nrf52840_xxaa_nrf_drv_gpiote.c.o
                0x0000000000023d64                nrf_drv_gpiote_in_is_set
 .text.GPIOTE_IRQHandler
                0x0000000000023d84      0x5ec _build/nrf52840_xxaa_nrf_drv_gpiote.c.o
                0x0000000000023d84                GPIOTE_IRQHandler
 .text.nrf_drv_uart_init
                0x0000000000024370      0x26c _build/nrf52840_xxaa_nrf_drv_uart.c.o
                0x0000000000024370                nrf_drv_uart_init
 .text.nrf_drv_uart_uninit
                0x00000000000245dc      0x13c _build/nrf52840_xxaa_nrf_drv_uart.c.o
                0x00000000000245dc                nrf_drv_uart_uninit
 .text.nrf_drv_uart_tx
                0x0000000000024718      0x158 _build/nrf52840_xxaa_nrf_drv_uart.c.o
                0x0000000000024718                nrf_drv_uart_tx
 .text.nrf_drv_uart_tx_in_progress
                0x0000000000024870       0x18 _build/nrf52840_xxaa_nrf_drv_uart.c.o
                0x0000000000024870                nrf_drv_uart_tx_in_progress
 .text.UARTE0_UART0_IRQHandler
                0x0000000000024888      0x2fc _build/nrf52840_xxaa_nrf_drv_uart.c.o
                0x0000000000024888                UARTE0_UART0_IRQHandler
 .text.sd_app_evt_wait
                0x0000000000024b84        0x4 _build/nrf52840_xxaa_main.c.o
 .text.sd_ble_gap_conn_param_update
                0x0000000000024b88        0x4 _build/nrf52840_xxaa_main.c.o
 .text.sd_ble_gap_disconnect
                0x0000000000024b8c        0x4 _build/nrf52840_xxaa_main.c.o
 .text.sd_ble_gap_scan_start
                0x0000000000024b90        0x4 _build/nrf52840_xxaa_main.c.o
 .text.sd_ble_gap_scan_stop
                0x0000000000024b94        0x4 _build/nrf52840_xxaa_main.c.o
 .text.sd_ble_gap_connect
                0x0000000000024b98        0x4 _build/nrf52840_xxaa_main.c.o
 .text.sd_ble_cfg_set
                0x0000000000024b9c        0x4 _build/nrf52840_xxaa_main.c.o
 .text.db_disc_handler
                0x0000000000024ba0        0xc _build/nrf52840_xxaa_main.c.o
 .text.button_event_handler
                0x0000000000024bac       0x40 _build/nrf52840_xxaa_main.c.o
 .text.lbs_c_evt_handler
                0x0000000000024bec       0x70 _build/nrf52840_xxaa_main.c.o
 .text.ble_evt_dispatch
                0x0000000000024c5c      0x170 _build/nrf52840_xxaa_main.c.o
 .text.startup.main
                0x0000000000024dcc      0x154 _build/nrf52840_xxaa_main.c.o
                0x0000000000024dcc                main
 .text.sd_ble_gattc_primary_services_discover
                0x0000000000024f20        0x4 _build/nrf52840_xxaa_ble_db_discovery.c.o
 .text.sd_ble_gattc_characteristics_discover
                0x0000000000024f24        0x4 _build/nrf52840_xxaa_ble_db_discovery.c.o
 .text.sd_ble_gattc_descriptors_discover
                0x0000000000024f28        0x4 _build/nrf52840_xxaa_ble_db_discovery.c.o
 .text.discovery_error_evt_trigger
                0x0000000000024f2c       0xdc _build/nrf52840_xxaa_ble_db_discovery.c.o
 .text.descriptors_discover
                0x0000000000025008       0xcc _build/nrf52840_xxaa_ble_db_discovery.c.o
 .text.ble_db_discovery_init
                0x00000000000250d4       0x34 _build/nrf52840_xxaa_ble_db_discovery.c.o
                0x00000000000250d4                ble_db_discovery_init
 .text.ble_db_discovery_evt_register
                0x0000000000025108       0xd0 _build/nrf52840_xxaa_ble_db_discovery.c.o
                0x0000000000025108                ble_db_discovery_evt_register
 .text.ble_db_discovery_start
                0x00000000000251d8       0x68 _build/nrf52840_xxaa_ble_db_discovery.c.o
                0x00000000000251d8                ble_db_discovery_start
 .text.ble_db_discovery_on_ble_evt
                0x0000000000025240      0xc94 _build/nrf52840_xxaa_ble_db_discovery.c.o
                0x0000000000025240                ble_db_discovery_on_ble_evt
 .text.sd_ble_gap_data_length_update
                0x0000000000025ed4        0x4 _build/nrf52840_xxaa_nrf_ble_gatt.c.o
 .text.sd_ble_gattc_exchange_mtu_request
                0x0000000000025ed8        0x4 _build/nrf52840_xxaa_nrf_ble_gatt.c.o
 .text.sd_ble_gatts_exchange_mtu_reply
                0x0000000000025edc        0x4 _build/nrf52840_xxaa_nrf_ble_gatt.c.o
 .text.nrf_ble_gatt_init
                0x0000000000025ee0       0x38 _build/nrf52840_xxaa_nrf_ble_gatt.c.o
                0x0000000000025ee0                nrf_ble_gatt_init
 .text.nrf_ble_gatt_on_ble_evt
                0x0000000000025f18      0x204 _build/nrf52840_xxaa_nrf_ble_gatt.c.o
                0x0000000000025f18                nrf_ble_gatt_on_ble_evt
 .text          0x000000000002611c       0x3c _build/nrf52840_xxaa_gcc_startup_nrf52840.S.o
                0x000000000002611c                Reset_Handler
                0x0000000000026144                NMI_Handler
                0x0000000000026146                HardFault_Handler
                0x0000000000026148                MemoryManagement_Handler
                0x000000000002614a                BusFault_Handler
                0x000000000002614c                UsageFault_Handler
                0x000000000002614e                SVC_Handler
                0x0000000000026150                DebugMon_Handler
                0x0000000000026152                PendSV_Handler
                0x0000000000026154                SysTick_Handler
                0x0000000000026156                USBD_IRQHandler
                0x0000000000026156                SPIM0_SPIS0_TWIM0_TWIS0_SPI0_TWI0_IRQHandler
                0x0000000000026156                TIMER4_IRQHandler
                0x0000000000026156                CRYPTOCELL_IRQHandler
                0x0000000000026156                I2S_IRQHandler
                0x0000000000026156                SWI4_EGU4_IRQHandler
                0x0000000000026156                TIMER0_IRQHandler
                0x0000000000026156                UARTE1_IRQHandler
                0x0000000000026156                TIMER1_IRQHandler
                0x0000000000026156                SPIM3_IRQHandler
                0x0000000000026156                PWM2_IRQHandler
                0x0000000000026156                ECB_IRQHandler
                0x0000000000026156                SPIM1_SPIS1_TWIM1_TWIS1_SPI1_TWI1_IRQHandler
                0x0000000000026156                Default_Handler
                0x0000000000026156                SAADC_IRQHandler
                0x0000000000026156                CCM_AAR_IRQHandler
                0x0000000000026156                WDT_IRQHandler
                0x0000000000026156                SWI5_EGU5_IRQHandler
                0x0000000000026156                RNG_IRQHandler
                0x0000000000026156                RTC2_IRQHandler
                0x0000000000026156                PWM0_IRQHandler
                0x0000000000026156                SWI3_EGU3_IRQHandler
                0x0000000000026156                SWI1_EGU1_IRQHandler
                0x0000000000026156                SPIM2_SPIS2_SPI2_IRQHandler
                0x0000000000026156                NFCT_IRQHandler
                0x0000000000026156                MWU_IRQHandler
                0x0000000000026156                QSPI_IRQHandler
                0x0000000000026156                TIMER2_IRQHandler
                0x0000000000026156                COMP_LPCOMP_IRQHandler
                0x0000000000026156                RTC0_IRQHandler
                0x0000000000026156                PWM1_IRQHandler
                0x0000000000026156                RADIO_IRQHandler
                0x0000000000026156                PDM_IRQHandler
                0x0000000000026156                TEMP_IRQHandler
                0x0000000000026156                QDEC_IRQHandler
                0x0000000000026156                TIMER3_IRQHandler
                0x0000000000026156                PWM3_IRQHandler
                0x0000000000026156                FPU_IRQHandler
 .text.SystemInit
                0x0000000000026158      0x1a8 _build/nrf52840_xxaa_system_nrf52840.c.o
                0x0000000000026158                SystemInit
 .text.sd_ble_gattc_read
                0x0000000000026300        0x4 _build/nrf52840_xxaa_ble_lbs_c.c.o
 .text.sd_ble_gattc_write
                0x0000000000026304        0x4 _build/nrf52840_xxaa_ble_lbs_c.c.o
 .text.sd_ble_uuid_vs_add
                0x0000000000026308        0x4 _build/nrf52840_xxaa_ble_lbs_c.c.o
 .text.ble_lbs_on_db_disc_evt
                0x000000000002630c       0xc4 _build/nrf52840_xxaa_ble_lbs_c.c.o
                0x000000000002630c                ble_lbs_on_db_disc_evt
 .text.ble_lbs_c_init
                0x00000000000263d0       0x58 _build/nrf52840_xxaa_ble_lbs_c.c.o
                0x00000000000263d0                ble_lbs_c_init
 .text.ble_lbs_c_on_ble_evt
                0x0000000000026428       0xac _build/nrf52840_xxaa_ble_lbs_c.c.o
                0x0000000000026428                ble_lbs_c_on_ble_evt
 .text.ble_lbs_c_button_notif_enable
                0x00000000000264d4       0x90 _build/nrf52840_xxaa_ble_lbs_c.c.o
                0x00000000000264d4                ble_lbs_c_button_notif_enable
 .text.ble_lbs_led_status_send
                0x0000000000026564       0x90 _build/nrf52840_xxaa_ble_lbs_c.c.o
                0x0000000000026564                ble_lbs_led_status_send
 .text.ble_lbs_c_handles_assign
                0x00000000000265f4       0x18 _build/nrf52840_xxaa_ble_lbs_c.c.o
                0x00000000000265f4                ble_lbs_c_handles_assign
 .text.sd_evt_get
                0x000000000002660c        0x4 _build/nrf52840_xxaa_softdevice_handler.c.o
 .text.sd_softdevice_enable
                0x0000000000026610        0x4 _build/nrf52840_xxaa_softdevice_handler.c.o
 .text.sd_ble_enable
                0x0000000000026614        0x4 _build/nrf52840_xxaa_softdevice_handler.c.o
 .text.sd_ble_evt_get
                0x0000000000026618        0x4 _build/nrf52840_xxaa_softdevice_handler.c.o
 .text.softdevice_fault_handler
                0x000000000002661c        0x4 _build/nrf52840_xxaa_softdevice_handler.c.o
                0x000000000002661c                softdevice_fault_handler
 .text.intern_softdevice_events_execute.part.2
                0x0000000000026620       0xc0 _build/nrf52840_xxaa_softdevice_handler.c.o
 .text.softdevice_handler_is_enabled
                0x00000000000266e0        0xc _build/nrf52840_xxaa_softdevice_handler.c.o
                0x00000000000266e0                softdevice_handler_is_enabled
 .text.softdevice_handler_init
                0x00000000000266ec       0x94 _build/nrf52840_xxaa_softdevice_handler.c.o
                0x00000000000266ec                softdevice_handler_init
 .text.softdevice_ble_evt_handler_set
                0x0000000000026780       0x14 _build/nrf52840_xxaa_softdevice_handler.c.o
                0x0000000000026780                softdevice_ble_evt_handler_set
 .text.SWI2_EGU2_IRQHandler
                0x0000000000026794       0x30 _build/nrf52840_xxaa_softdevice_handler.c.o
                0x0000000000026794                SWI2_EGU2_IRQHandler
 .text.softdevice_app_ram_start_get
                0x00000000000267c4       0x14 _build/nrf52840_xxaa_softdevice_handler.c.o
                0x00000000000267c4                softdevice_app_ram_start_get
 .text.softdevice_enable
                0x00000000000267d8       0x68 _build/nrf52840_xxaa_softdevice_handler.c.o
                0x00000000000267d8                softdevice_enable
 .text.__get_current_locale
                0x0000000000026840       0x18 /usr/local/gcc-arm/gcc-arm-none-eabi-5_4-2016q3/bin/../lib/gcc/arm-none-eabi/5.4.1/../../../../arm-none-eabi/lib/armv7e-m/fpu/libc_nano.a(lib_a-locale.o)
 .text.__locale_ctype_ptr
                0x0000000000026858       0x14 /usr/local/gcc-arm/gcc-arm-none-eabi-5_4-2016q3/bin/../lib/gcc/arm-none-eabi/5.4.1/../../../../arm-none-eabi/lib/armv7e-m/fpu/libc_nano.a(lib_a-locale.o)
                0x0000000000026858                __locale_ctype_ptr
 .text.__ascii_mbtowc
                0x000000000002686c       0x24 /usr/local/gcc-arm/gcc-arm-none-eabi-5_4-2016q3/bin/../lib/gcc/arm-none-eabi/5.4.1/../../../../arm-none-eabi/lib/armv7e-m/fpu/libc_nano.a(lib_a-mbtowc_r.o)
                0x000000000002686c                __ascii_mbtowc
 .text.memcmp   0x0000000000026890       0x1e /usr/local/gcc-arm/gcc-arm-none-eabi-5_4-2016q3/bin/../lib/gcc/arm-none-eabi/5.4.1/../../../../arm-none-eabi/lib/armv7e-m/fpu/libc_nano.a(lib_a-memcmp.o)
                0x0000000000026890                memcmp
 .text.memcpy   0x00000000000268ae       0x16 /usr/local/gcc-arm/gcc-arm-none-eabi-5_4-2016q3/bin/../lib/gcc/arm-none-eabi/5.4.1/../../../../arm-none-eabi/lib/armv7e-m/fpu/libc_nano.a(lib_a-memcpy-stub.o)
                0x00000000000268ae                memcpy
 .text.snprintf
                0x00000000000268c4       0x64 /usr/local/gcc-arm/gcc-arm-none-eabi-5_4-2016q3/bin/../lib/gcc/arm-none-eabi/5.4.1/../../../../arm-none-eabi/lib/armv7e-m/fpu/libc_nano.a(lib_a-snprintf.o)
                0x00000000000268c4                snprintf
                0x00000000000268c4                sniprintf
 .text          0x0000000000026928       0x10 /usr/local/gcc-arm/gcc-arm-none-eabi-5_4-2016q3/bin/../lib/gcc/arm-none-eabi/5.4.1/../../../../arm-none-eabi/lib/armv7e-m/fpu/libc_nano.a(lib_a-strlen.o)
                0x0000000000026928                strlen
 .text.__ascii_wctomb
                0x0000000000026938       0x1a /usr/local/gcc-arm/gcc-arm-none-eabi-5_4-2016q3/bin/../lib/gcc/arm-none-eabi/5.4.1/../../../../arm-none-eabi/lib/armv7e-m/fpu/libc_nano.a(lib_a-wctomb_r.o)
                0x0000000000026938                __ascii_wctomb
 .text.__ssputs_r
                0x0000000000026952       0xb2 /usr/local/gcc-arm/gcc-arm-none-eabi-5_4-2016q3/bin/../lib/gcc/arm-none-eabi/5.4.1/../../../../arm-none-eabi/lib/armv7e-m/fpu/libc_nano.a(lib_a-nano-svfprintf.o)
                0x0000000000026952                __ssputs_r
 .text._svfprintf_r
                0x0000000000026a04      0x1e8 /usr/local/gcc-arm/gcc-arm-none-eabi-5_4-2016q3/bin/../lib/gcc/arm-none-eabi/5.4.1/../../../../arm-none-eabi/lib/armv7e-m/fpu/libc_nano.a(lib_a-nano-svfprintf.o)
                0x0000000000026a04                _svfprintf_r
                0x0000000000026a04                _svfiprintf_r
 .text._printf_common
                0x0000000000026bec       0xec /usr/local/gcc-arm/gcc-arm-none-eabi-5_4-2016q3/bin/../lib/gcc/arm-none-eabi/5.4.1/../../../../arm-none-eabi/lib/armv7e-m/fpu/libc_nano.a(lib_a-nano-vfprintf_i.o)
                0x0000000000026bec                _printf_common
 .text._printf_i
                0x0000000000026cd8      0x24c /usr/local/gcc-arm/gcc-arm-none-eabi-5_4-2016q3/bin/../lib/gcc/arm-none-eabi/5.4.1/../../../../arm-none-eabi/lib/armv7e-m/fpu/libc_nano.a(lib_a-nano-vfprintf_i.o)
                0x0000000000026cd8                _printf_i
 *fill*         0x0000000000026f24        0xc 
 .text          0x0000000000026f30       0xa0 /usr/local/gcc-arm/gcc-arm-none-eabi-5_4-2016q3/bin/../lib/gcc/arm-none-eabi/5.4.1/../../../../arm-none-eabi/lib/armv7e-m/fpu/libc_nano.a(lib_a-memchr.o)
                0x0000000000026f30                memchr
 .text.memmove  0x0000000000026fd0       0x36 /usr/local/gcc-arm/gcc-arm-none-eabi-5_4-2016q3/bin/../lib/gcc/arm-none-eabi/5.4.1/../../../../arm-none-eabi/lib/armv7e-m/fpu/libc_nano.a(lib_a-memmove.o)
                0x0000000000026fd0                memmove
 *fill*         0x0000000000027006        0x2 
 .text._free_r  0x0000000000027008       0x9c /usr/local/gcc-arm/gcc-arm-none-eabi-5_4-2016q3/bin/../lib/gcc/arm-none-eabi/5.4.1/../../../../arm-none-eabi/lib/armv7e-m/fpu/libc_nano.a(lib_a-nano-freer.o)
                0x0000000000027008                _free_r
 .text._malloc_r
                0x00000000000270a4       0xbc /usr/local/gcc-arm/gcc-arm-none-eabi-5_4-2016q3/bin/../lib/gcc/arm-none-eabi/5.4.1/../../../../arm-none-eabi/lib/armv7e-m/fpu/libc_nano.a(lib_a-nano-mallocr.o)
                0x00000000000270a4                _malloc_r
 .text._realloc_r
                0x0000000000027160       0x4c /usr/local/gcc-arm/gcc-arm-none-eabi-5_4-2016q3/bin/../lib/gcc/arm-none-eabi/5.4.1/../../../../arm-none-eabi/lib/armv7e-m/fpu/libc_nano.a(lib_a-nano-reallocr.o)
                0x0000000000027160                _realloc_r
 .text._sbrk_r  0x00000000000271ac       0x20 /usr/local/gcc-arm/gcc-arm-none-eabi-5_4-2016q3/bin/../lib/gcc/arm-none-eabi/5.4.1/../../../../arm-none-eabi/lib/armv7e-m/fpu/libc_nano.a(lib_a-sbrkr.o)
                0x00000000000271ac                _sbrk_r
 .text.__malloc_lock
                0x00000000000271cc        0x2 /usr/local/gcc-arm/gcc-arm-none-eabi-5_4-2016q3/bin/../lib/gcc/arm-none-eabi/5.4.1/../../../../arm-none-eabi/lib/armv7e-m/fpu/libc_nano.a(lib_a-mlock.o)
                0x00000000000271cc                __malloc_lock
 .text.__malloc_unlock
                0x00000000000271ce        0x2 /usr/local/gcc-arm/gcc-arm-none-eabi-5_4-2016q3/bin/../lib/gcc/arm-none-eabi/5.4.1/../../../../arm-none-eabi/lib/armv7e-m/fpu/libc_nano.a(lib_a-mlock.o)
                0x00000000000271ce                __malloc_unlock
 .text._malloc_usable_size_r
                0x00000000000271d0       0x14 /usr/local/gcc-arm/gcc-arm-none-eabi-5_4-2016q3/bin/../lib/gcc/arm-none-eabi/5.4.1/../../../../arm-none-eabi/lib/armv7e-m/fpu/libc_nano.a(lib_a-nano-msizer.o)
                0x00000000000271d0                _malloc_usable_size_r
 .text._sbrk    0x00000000000271e4       0x1c /usr/local/gcc-arm/gcc-arm-none-eabi-5_4-2016q3/bin/../lib/gcc/arm-none-eabi/5.4.1/../../../../arm-none-eabi/lib/armv7e-m/fpu/libnosys.a(sbrk.o)
                0x00000000000271e4                _sbrk
 *(.init)
 .init          0x0000000000027200        0x4 /usr/local/gcc-arm/gcc-arm-none-eabi-5_4-2016q3/bin/../lib/gcc/arm-none-eabi/5.4.1/armv7e-m/fpu/crti.o
                0x0000000000027200                _init
 .init          0x0000000000027204        0x8 /usr/local/gcc-arm/gcc-arm-none-eabi-5_4-2016q3/bin/../lib/gcc/arm-none-eabi/5.4.1/armv7e-m/fpu/crtn.o
 *(.fini)
 .fini          0x000000000002720c        0x4 /usr/local/gcc-arm/gcc-arm-none-eabi-5_4-2016q3/bin/../lib/gcc/arm-none-eabi/5.4.1/armv7e-m/fpu/crti.o
                0x000000000002720c                _fini
 .fini          0x0000000000027210        0x8 /usr/local/gcc-arm/gcc-arm-none-eabi-5_4-2016q3/bin/../lib/gcc/arm-none-eabi/5.4.1/armv7e-m/fpu/crtn.o
 *crtbegin.o(.ctors)
 *crtbegin?.o(.ctors)
 *(EXCLUDE_FILE(*crtend.o *crtend?.o) .ctors)
 *(SORT(.ctors.*))
 *(.ctors)
 *crtbegin.o(.dtors)
 *crtbegin?.o(.dtors)
 *(EXCLUDE_FILE(*crtend.o *crtend?.o) .dtors)
 *(SORT(.dtors.*))
 *(.dtors)
 *(.rodata*)
 .rodata._global_impure_ptr
                0x0000000000027218        0x4 /usr/local/gcc-arm/gcc-arm-none-eabi-5_4-2016q3/bin/../lib/gcc/arm-none-eabi/5.4.1/../../../../arm-none-eabi/lib/armv7e-m/fpu/libc_nano.a(lib_a-impure.o)
                0x0000000000027218                _global_impure_ptr
 .rodata        0x000000000002721c       0x20 _build/nrf52840_xxaa_nrf_log_backend_serial.c.o
 .rodata.str1.4
                0x000000000002723c        0x7 _build/nrf52840_xxaa_nrf_log_backend_serial.c.o
 *fill*         0x0000000000027243        0x1 
 .rodata.str1.4
                0x0000000000027244        0xb _build/nrf52840_xxaa_nrf_log_frontend.c.o
 *fill*         0x000000000002724f        0x1 
 .rodata.m_detection_delay_timer_id
                0x0000000000027250        0x4 _build/nrf52840_xxaa_app_button.c.o
 .rodata.str1.4
                0x0000000000027254       0x29 _build/nrf52840_xxaa_app_error_weak.c.o
 *fill*         0x000000000002727d        0x3 
 .rodata.m_board_led_list
                0x0000000000027280        0x4 _build/nrf52840_xxaa_boards.c.o
 .rodata        0x0000000000027284        0x4 _build/nrf52840_xxaa_main.c.o
 .rodata.m_target_periph_name
                0x0000000000027288        0xe _build/nrf52840_xxaa_main.c.o
 *fill*         0x0000000000027296        0x2 
 .rodata.m_connection_param
                0x0000000000027298        0x8 _build/nrf52840_xxaa_main.c.o
 .rodata.str1.4
                0x00000000000272a0       0xef _build/nrf52840_xxaa_main.c.o
 *fill*         0x000000000002738f        0x1 
 .rodata.m_scan_params
                0x0000000000027390        0x8 _build/nrf52840_xxaa_main.c.o
 .rodata.str1.4
                0x0000000000027398      0x185 _build/nrf52840_xxaa_nrf_ble_gatt.c.o
 *fill*         0x000000000002751d        0x3 
 .rodata        0x0000000000027520       0x10 _build/nrf52840_xxaa_ble_lbs_c.c.o
 .rodata.str1.4
                0x0000000000027530       0xa8 _build/nrf52840_xxaa_softdevice_handler.c.o
                                         0xa5 (size before relaxing)
 .rodata.str1.1
                0x00000000000275d8        0xa /usr/local/gcc-arm/gcc-arm-none-eabi-5_4-2016q3/bin/../lib/gcc/arm-none-eabi/5.4.1/../../../../arm-none-eabi/lib/armv7e-m/fpu/libc_nano.a(lib_a-locale.o)
                                          0xb (size before relaxing)
 .rodata._ctype_
                0x00000000000275e2      0x101 /usr/local/gcc-arm/gcc-arm-none-eabi-5_4-2016q3/bin/../lib/gcc/arm-none-eabi/5.4.1/../../../../arm-none-eabi/lib/armv7e-m/fpu/libc_nano.a(lib_a-ctype_.o)
                0x00000000000275e2                _ctype_
 .rodata.str1.1
                0x00000000000276e3       0x11 /usr/local/gcc-arm/gcc-arm-none-eabi-5_4-2016q3/bin/../lib/gcc/arm-none-eabi/5.4.1/../../../../arm-none-eabi/lib/armv7e-m/fpu/libc_nano.a(lib_a-nano-svfprintf.o)
 .rodata.str1.1
                0x00000000000276f4       0x22 /usr/local/gcc-arm/gcc-arm-none-eabi-5_4-2016q3/bin/../lib/gcc/arm-none-eabi/5.4.1/../../../../arm-none-eabi/lib/armv7e-m/fpu/libc_nano.a(lib_a-nano-vfprintf_i.o)
 *(.eh_frame*)
 *fill*         0x0000000000027716        0x2 
 .eh_frame      0x0000000000027718        0x0 /usr/local/gcc-arm/gcc-arm-none-eabi-5_4-2016q3/bin/../lib/gcc/arm-none-eabi/5.4.1/armv7e-m/fpu/crtbegin.o
 .eh_frame      0x0000000000027718        0x4 /usr/local/gcc-arm/gcc-arm-none-eabi-5_4-2016q3/bin/../lib/gcc/arm-none-eabi/5.4.1/armv7e-m/fpu/crtend.o

.glue_7         0x000000000002771c        0x0
 .glue_7        0x000000000002771c        0x0 linker stubs

.glue_7t        0x000000000002771c        0x0
 .glue_7t       0x000000000002771c        0x0 linker stubs

.vfp11_veneer   0x000000000002771c        0x0
 .vfp11_veneer  0x000000000002771c        0x0 linker stubs

.v4_bx          0x000000000002771c        0x0
 .v4_bx         0x000000000002771c        0x0 linker stubs

.iplt           0x000000000002771c        0x0
 .iplt          0x000000000002771c        0x0 /usr/local/gcc-arm/gcc-arm-none-eabi-5_4-2016q3/bin/../lib/gcc/arm-none-eabi/5.4.1/armv7e-m/fpu/crtbegin.o

.pwr_mgmt_data  0x000000000002771c        0x0
                [!provide]                        PROVIDE (__start_pwr_mgmt_data, .)
 *(SORT(.pwr_mgmt_data*))
                [!provide]                        PROVIDE (__stop_pwr_mgmt_data, .)

.ARM.extab
 *(.ARM.extab* .gnu.linkonce.armextab.*)
                0x000000000002771c                __exidx_start = .

.ARM.exidx      0x000000000002771c        0x8
 *(.ARM.exidx* .gnu.linkonce.armexidx.*)
 .ARM.exidx     0x000000000002771c        0x8 /usr/local/gcc-arm/gcc-arm-none-eabi-5_4-2016q3/bin/../lib/gcc/arm-none-eabi/5.4.1/../../../../arm-none-eabi/lib/armv7e-m/fpu/crt0.o
                0x0000000000027724                __exidx_end = .
                0x0000000000027724                __etext = .

.rel.dyn        0x0000000000027724        0x0
 .rel.iplt      0x0000000000027724        0x0 /usr/local/gcc-arm/gcc-arm-none-eabi-5_4-2016q3/bin/../lib/gcc/arm-none-eabi/5.4.1/armv7e-m/fpu/crtbegin.o

.data           0x0000000020001c00      0x1f0 load address 0x0000000000027724
                0x0000000020001c00                __data_start__ = .
 *(vtable)
 *(.data*)
 .data.impure_data
                0x0000000020001c00       0x60 /usr/local/gcc-arm/gcc-arm-none-eabi-5_4-2016q3/bin/../lib/gcc/arm-none-eabi/5.4.1/../../../../arm-none-eabi/lib/armv7e-m/fpu/libc_nano.a(lib_a-impure.o)
 .data._impure_ptr
                0x0000000020001c60        0x4 /usr/local/gcc-arm/gcc-arm-none-eabi-5_4-2016q3/bin/../lib/gcc/arm-none-eabi/5.4.1/../../../../arm-none-eabi/lib/armv7e-m/fpu/libc_nano.a(lib_a-impure.o)
                0x0000000020001c60                _impure_ptr
 .data.m_uart   0x0000000020001c64        0x8 _build/nrf52840_xxaa_nrf_log_backend_serial.c.o
 .data.buttons.9832
                0x0000000020001c6c        0x8 _build/nrf52840_xxaa_main.c.o
 .data.SystemCoreClock
                0x0000000020001c74        0x4 _build/nrf52840_xxaa_system_nrf52840.c.o
                0x0000000020001c74                SystemCoreClock
 .data.__global_locale
                0x0000000020001c78      0x16c /usr/local/gcc-arm/gcc-arm-none-eabi-5_4-2016q3/bin/../lib/gcc/arm-none-eabi/5.4.1/../../../../arm-none-eabi/lib/armv7e-m/fpu/libc_nano.a(lib_a-locale.o)
                0x0000000020001c78                __global_locale
                0x0000000020001de4                . = ALIGN (0x4)
                0x0000000020001de4                PROVIDE (__preinit_array_start, .)
 *(.preinit_array)
                0x0000000020001de4                PROVIDE (__preinit_array_end, .)
                0x0000000020001de4                . = ALIGN (0x4)
                0x0000000020001de4                PROVIDE (__init_array_start, .)
 *(SORT(.init_array.*))
 *(.init_array)
 .init_array    0x0000000020001de4        0x4 /usr/local/gcc-arm/gcc-arm-none-eabi-5_4-2016q3/bin/../lib/gcc/arm-none-eabi/5.4.1/armv7e-m/fpu/crtbegin.o
                0x0000000020001de8                PROVIDE (__init_array_end, .)
                0x0000000020001de8                . = ALIGN (0x4)
                [!provide]                        PROVIDE (__fini_array_start, .)
 *(SORT(.fini_array.*))
 *(.fini_array)
 .fini_array    0x0000000020001de8        0x4 /usr/local/gcc-arm/gcc-arm-none-eabi-5_4-2016q3/bin/../lib/gcc/arm-none-eabi/5.4.1/armv7e-m/fpu/crtbegin.o
                [!provide]                        PROVIDE (__fini_array_end, .)
 *(.jcr*)
 .jcr           0x0000000020001dec        0x0 /usr/local/gcc-arm/gcc-arm-none-eabi-5_4-2016q3/bin/../lib/gcc/arm-none-eabi/5.4.1/armv7e-m/fpu/crtbegin.o
 .jcr           0x0000000020001dec        0x4 /usr/local/gcc-arm/gcc-arm-none-eabi-5_4-2016q3/bin/../lib/gcc/arm-none-eabi/5.4.1/armv7e-m/fpu/crtend.o
                0x0000000020001df0                . = ALIGN (0x4)
                0x0000000020001df0                __data_end__ = .
LOAD /usr/local/gcc-arm/gcc-arm-none-eabi-5_4-2016q3/bin/../lib/gcc/arm-none-eabi/5.4.1/armv7e-m/fpu/crti.o
LOAD /usr/local/gcc-arm/gcc-arm-none-eabi-5_4-2016q3/bin/../lib/gcc/arm-none-eabi/5.4.1/armv7e-m/fpu/crtbegin.o
LOAD /usr/local/gcc-arm/gcc-arm-none-eabi-5_4-2016q3/bin/../lib/gcc/arm-none-eabi/5.4.1/../../../../arm-none-eabi/lib/armv7e-m/fpu/crt0.o
LOAD /usr/local/gcc-arm/gcc-arm-none-eabi-5_4-2016q3/bin/../lib/gcc/arm-none-eabi/5.4.1/../../../../arm-none-eabi/lib/armv7e-m/fpu/libc_nano.a
LOAD /usr/local/gcc-arm/gcc-arm-none-eabi-5_4-2016q3/bin/../lib/gcc/arm-none-eabi/5.4.1/../../../../arm-none-eabi/lib/armv7e-m/fpu/libnosys.a
LOAD _build/nrf52840_xxaa_nrf_log_backend_serial.c.o
LOAD _build/nrf52840_xxaa_nrf_log_frontend.c.o
LOAD _build/nrf52840_xxaa_app_button.c.o
LOAD _build/nrf52840_xxaa_app_error.c.o
LOAD _build/nrf52840_xxaa_app_error_weak.c.o
LOAD _build/nrf52840_xxaa_app_scheduler.c.o
LOAD _build/nrf52840_xxaa_app_timer.c.o
LOAD _build/nrf52840_xxaa_app_util_platform.c.o
LOAD _build/nrf52840_xxaa_fstorage.c.o
LOAD _build/nrf52840_xxaa_hardfault_implementation.c.o
LOAD _build/nrf52840_xxaa_nrf_assert.c.o
LOAD _build/nrf52840_xxaa_nrf_strerror.c.o
LOAD _build/nrf52840_xxaa_sdk_mapped_flags.c.o
LOAD _build/nrf52840_xxaa_boards.c.o
LOAD _build/nrf52840_xxaa_nrf_drv_clock.c.o
LOAD _build/nrf52840_xxaa_nrf_drv_common.c.o
LOAD _build/nrf52840_xxaa_nrf_drv_gpiote.c.o
LOAD _build/nrf52840_xxaa_nrf_drv_uart.c.o
LOAD _build/nrf52840_xxaa_bsp.c.o
LOAD _build/nrf52840_xxaa_bsp_btn_ble.c.o
LOAD _build/nrf52840_xxaa_bsp_nfc.c.o
LOAD _build/nrf52840_xxaa_main.c.o
LOAD _build/nrf52840_xxaa_RTT_Syscalls_GCC.c.o
LOAD _build/nrf52840_xxaa_SEGGER_RTT.c.o
LOAD _build/nrf52840_xxaa_SEGGER_RTT_printf.c.o
LOAD _build/nrf52840_xxaa_ble_advdata.c.o
LOAD _build/nrf52840_xxaa_ble_advertising.c.o
LOAD _build/nrf52840_xxaa_ble_conn_params.c.o
LOAD _build/nrf52840_xxaa_ble_conn_state.c.o
LOAD _build/nrf52840_xxaa_ble_db_discovery.c.o
LOAD _build/nrf52840_xxaa_ble_srv_common.c.o
LOAD _build/nrf52840_xxaa_nrf_ble_gatt.c.o
LOAD _build/nrf52840_xxaa_gcc_startup_nrf52840.S.o
LOAD _build/nrf52840_xxaa_system_nrf52840.c.o
LOAD _build/nrf52840_xxaa_ble_lbs_c.c.o
LOAD _build/nrf52840_xxaa_softdevice_handler.c.o
LOAD /usr/local/gcc-arm/gcc-arm-none-eabi-5_4-2016q3/bin/../lib/gcc/arm-none-eabi/5.4.1/../../../../arm-none-eabi/lib/armv7e-m/fpu/libm.a
START GROUP
LOAD /usr/local/gcc-arm/gcc-arm-none-eabi-5_4-2016q3/bin/../lib/gcc/arm-none-eabi/5.4.1/armv7e-m/fpu/libgcc.a
LOAD /usr/local/gcc-arm/gcc-arm-none-eabi-5_4-2016q3/bin/../lib/gcc/arm-none-eabi/5.4.1/../../../../arm-none-eabi/lib/armv7e-m/fpu/libc_nano.a
END GROUP
START GROUP
LOAD /usr/local/gcc-arm/gcc-arm-none-eabi-5_4-2016q3/bin/../lib/gcc/arm-none-eabi/5.4.1/armv7e-m/fpu/libgcc.a
LOAD /usr/local/gcc-arm/gcc-arm-none-eabi-5_4-2016q3/bin/../lib/gcc/arm-none-eabi/5.4.1/../../../../arm-none-eabi/lib/armv7e-m/fpu/libc_nano.a
END GROUP
LOAD /usr/local/gcc-arm/gcc-arm-none-eabi-5_4-2016q3/bin/../lib/gcc/arm-none-eabi/5.4.1/armv7e-m/fpu/crtend.o
LOAD /usr/local/gcc-arm/gcc-arm-none-eabi-5_4-2016q3/bin/../lib/gcc/arm-none-eabi/5.4.1/armv7e-m/fpu/crtn.o
START GROUP
LOAD /usr/local/gcc-arm/gcc-arm-none-eabi-5_4-2016q3/bin/../lib/gcc/arm-none-eabi/5.4.1/armv7e-m/fpu/libgcc.a
LOAD /usr/local/gcc-arm/gcc-arm-none-eabi-5_4-2016q3/bin/../lib/gcc/arm-none-eabi/5.4.1/../../../../arm-none-eabi/lib/armv7e-m/fpu/libc.a
LOAD /usr/local/gcc-arm/gcc-arm-none-eabi-5_4-2016q3/bin/../lib/gcc/arm-none-eabi/5.4.1/../../../../arm-none-eabi/lib/armv7e-m/fpu/libnosys.a
END GROUP

.igot.plt       0x0000000020001df0        0x0 load address 0x0000000000027914
 .igot.plt      0x0000000020001df0        0x0 /usr/local/gcc-arm/gcc-arm-none-eabi-5_4-2016q3/bin/../lib/gcc/arm-none-eabi/5.4.1/armv7e-m/fpu/crtbegin.o

.fs_data        0x0000000020001df0        0x0
                0x0000000020001df0                PROVIDE (__start_fs_data, .)
 *(.fs_data)
                0x0000000020001df0                PROVIDE (__stop_fs_data, .)

.bss            0x0000000020001df0      0xd90 load address 0x0000000000027914
                0x0000000020001df0                . = ALIGN (0x4)
                0x0000000020001df0                __bss_start__ = .
 *(.bss*)
 .bss           0x0000000020001df0       0x1c /usr/local/gcc-arm/gcc-arm-none-eabi-5_4-2016q3/bin/../lib/gcc/arm-none-eabi/5.4.1/armv7e-m/fpu/crtbegin.o
 .bss.m_uart_buffer
                0x0000000020001e0c      0x100 _build/nrf52840_xxaa_nrf_log_backend_serial.c.o
 .bss.m_rx_done
                0x0000000020001f0c        0x1 _build/nrf52840_xxaa_nrf_log_backend_serial.c.o
 .bss.m_blocking_mode
                0x0000000020001f0d        0x1 _build/nrf52840_xxaa_nrf_log_backend_serial.c.o
 .bss.m_initialized
                0x0000000020001f0e        0x1 _build/nrf52840_xxaa_nrf_log_backend_serial.c.o
 *fill*         0x0000000020001f0f        0x1 
 .bss.m_log_data
                0x0000000020001f10      0x418 _build/nrf52840_xxaa_nrf_log_frontend.c.o
 .bss.m_detection_delay
                0x0000000020002328        0x4 _build/nrf52840_xxaa_app_button.c.o
 .bss.mp_buttons
                0x000000002000232c        0x4 _build/nrf52840_xxaa_app_button.c.o
 .bss.m_button_count
                0x0000000020002330        0x1 _build/nrf52840_xxaa_app_button.c.o
 *fill*         0x0000000020002331        0x3 
 .bss.m_detection_delay_timer_id_data
                0x0000000020002334       0x20 _build/nrf52840_xxaa_app_button.c.o
 .bss.m_pin_state
                0x0000000020002354        0x4 _build/nrf52840_xxaa_app_button.c.o
 .bss.m_pin_transition
                0x0000000020002358        0x4 _build/nrf52840_xxaa_app_button.c.o
 .bss.m_ticks_latest
                0x000000002000235c        0x4 _build/nrf52840_xxaa_app_timer.c.o
 .bss.mp_timer_id_head
                0x0000000020002360        0x4 _build/nrf52840_xxaa_app_timer.c.o
 .bss.m_ticks_elapsed_q_read_ind
                0x0000000020002364        0x1 _build/nrf52840_xxaa_app_timer.c.o
 .bss.m_ticks_elapsed_q_write_ind
                0x0000000020002365        0x1 _build/nrf52840_xxaa_app_timer.c.o
 .bss.m_rtc1_reset
                0x0000000020002366        0x1 _build/nrf52840_xxaa_app_timer.c.o
 *fill*         0x0000000020002367        0x1 
 .bss.m_op_queue
                0x0000000020002368      0x10c _build/nrf52840_xxaa_app_timer.c.o
 .bss.m_ticks_elapsed
                0x0000000020002474        0x8 _build/nrf52840_xxaa_app_timer.c.o
 .bss.m_rtc1_running
                0x000000002000247c        0x1 _build/nrf52840_xxaa_app_timer.c.o
 *fill*         0x000000002000247d        0x3 
 .bss.m_clock_cb
                0x0000000020002480       0x14 _build/nrf52840_xxaa_nrf_drv_clock.c.o
 .bss.m_cb      0x0000000020002494       0x68 _build/nrf52840_xxaa_nrf_drv_gpiote.c.o
 .bss.m_cb      0x00000000200024fc       0x20 _build/nrf52840_xxaa_nrf_drv_uart.c.o
 .bss.m_ble_lbs_c
                0x000000002000251c       0x10 _build/nrf52840_xxaa_main.c.o
 .bss.BLE_EVT_BUFFER.9809
                0x000000002000252c       0x50 _build/nrf52840_xxaa_main.c.o
 .bss.m_gatt    0x000000002000257c       0x1c _build/nrf52840_xxaa_main.c.o
 .bss.m_ble_db_discovery
                0x0000000020002598      0x260 _build/nrf52840_xxaa_main.c.o
 .bss.m_evt_handler
                0x00000000200027f8        0x4 _build/nrf52840_xxaa_ble_db_discovery.c.o
 .bss.m_pending_user_evts
                0x00000000200027fc      0x288 _build/nrf52840_xxaa_ble_db_discovery.c.o
 .bss.m_pending_usr_evt_index
                0x0000000020002a84        0x4 _build/nrf52840_xxaa_ble_db_discovery.c.o
 .bss.m_registered_handlers
                0x0000000020002a88       0x18 _build/nrf52840_xxaa_ble_db_discovery.c.o
 .bss.m_initialized
                0x0000000020002aa0        0x1 _build/nrf52840_xxaa_ble_db_discovery.c.o
 *fill*         0x0000000020002aa1        0x3 
 .bss.m_num_of_handlers_reg
                0x0000000020002aa4        0x4 _build/nrf52840_xxaa_ble_db_discovery.c.o
 .bss.m_tx_index
                0x0000000020002aa8        0x4 _build/nrf52840_xxaa_ble_lbs_c.c.o
 .bss.m_tx_buffer
                0x0000000020002aac       0xa0 _build/nrf52840_xxaa_ble_lbs_c.c.o
 .bss.m_tx_insert_index
                0x0000000020002b4c        0x4 _build/nrf52840_xxaa_ble_lbs_c.c.o
 .bss.m_suspended
                0x0000000020002b50        0x1 _build/nrf52840_xxaa_softdevice_handler.c.o
 .bss.m_softdevice_enabled
                0x0000000020002b51        0x1 _build/nrf52840_xxaa_softdevice_handler.c.o
 .bss.m_ble_evt_buffer_size
                0x0000000020002b52        0x2 _build/nrf52840_xxaa_softdevice_handler.c.o
 .bss.mp_ble_evt_buffer
                0x0000000020002b54        0x4 _build/nrf52840_xxaa_softdevice_handler.c.o
 .bss.m_sys_evt_handler
                0x0000000020002b58        0x4 _build/nrf52840_xxaa_softdevice_handler.c.o
 .bss.m_ble_evt_handler
                0x0000000020002b5c        0x4 _build/nrf52840_xxaa_softdevice_handler.c.o
 .bss.m_evt_schedule_func
                0x0000000020002b60        0x4 _build/nrf52840_xxaa_softdevice_handler.c.o
 .bss.__malloc_sbrk_start
                0x0000000020002b64        0x4 /usr/local/gcc-arm/gcc-arm-none-eabi-5_4-2016q3/bin/../lib/gcc/arm-none-eabi/5.4.1/../../../../arm-none-eabi/lib/armv7e-m/fpu/libc_nano.a(lib_a-nano-mallocr.o)
                0x0000000020002b64                __malloc_sbrk_start
 .bss.__malloc_free_list
                0x0000000020002b68        0x4 /usr/local/gcc-arm/gcc-arm-none-eabi-5_4-2016q3/bin/../lib/gcc/arm-none-eabi/5.4.1/../../../../arm-none-eabi/lib/armv7e-m/fpu/libc_nano.a(lib_a-nano-mallocr.o)
                0x0000000020002b68                __malloc_free_list
 .bss.heap_end.4169
                0x0000000020002b6c        0x4 /usr/local/gcc-arm/gcc-arm-none-eabi-5_4-2016q3/bin/../lib/gcc/arm-none-eabi/5.4.1/../../../../arm-none-eabi/lib/armv7e-m/fpu/libnosys.a(sbrk.o)
 *(COMMON)
 COMMON         0x0000000020002b70        0xc _build/nrf52840_xxaa_app_util_platform.c.o
                0x0000000020002b70                nrf_nvic_state
 COMMON         0x0000000020002b7c        0x4 /usr/local/gcc-arm/gcc-arm-none-eabi-5_4-2016q3/bin/../lib/gcc/arm-none-eabi/5.4.1/../../../../arm-none-eabi/lib/armv7e-m/fpu/libc_nano.a(lib_a-reent.o)
                0x0000000020002b7c                errno
                0x0000000020002b80                . = ALIGN (0x4)
                0x0000000020002b80                __bss_end__ = .

.heap           0x0000000020002b80        0x0
                0x0000000020002b80                __HeapBase = .
                0x0000000020002b80                __end__ = .
                0x0000000020002b80                PROVIDE (end, .)
 *(.heap*)
 .heap          0x0000000020002b80        0x0 _build/nrf52840_xxaa_gcc_startup_nrf52840.S.o
                0x0000000020002b80                __HeapLimit = .

.stack_dummy    0x0000000020002b80     0x2000
 *(.stack*)
 .stack         0x0000000020002b80     0x2000 _build/nrf52840_xxaa_gcc_startup_nrf52840.S.o
                0x0000000020040000                __StackTop = (ORIGIN (RAM) + LENGTH (RAM))
                0x000000002003e000                __StackLimit = (__StackTop - SIZEOF (.stack_dummy))
                0x0000000020040000                PROVIDE (__stack, __StackTop)
                0x0000000000000001                ASSERT ((__StackLimit >= __HeapLimit), region RAM overflowed with stack)
OUTPUT(_build/nrf52840_xxaa.out elf32-littlearm)

.ARM.attributes
                0x0000000000000000       0x30
 .ARM.attributes
                0x0000000000000000       0x22 /usr/local/gcc-arm/gcc-arm-none-eabi-5_4-2016q3/bin/../lib/gcc/arm-none-eabi/5.4.1/armv7e-m/fpu/crti.o
 .ARM.attributes
                0x0000000000000022       0x34 /usr/local/gcc-arm/gcc-arm-none-eabi-5_4-2016q3/bin/../lib/gcc/arm-none-eabi/5.4.1/armv7e-m/fpu/crtbegin.o
 .ARM.attributes
                0x0000000000000056       0x20 /usr/local/gcc-arm/gcc-arm-none-eabi-5_4-2016q3/bin/../lib/gcc/arm-none-eabi/5.4.1/../../../../arm-none-eabi/lib/armv7e-m/fpu/crt0.o
 .ARM.attributes
                0x0000000000000076       0x34 /usr/local/gcc-arm/gcc-arm-none-eabi-5_4-2016q3/bin/../lib/gcc/arm-none-eabi/5.4.1/../../../../arm-none-eabi/lib/armv7e-m/fpu/libc_nano.a(lib_a-exit.o)
 .ARM.attributes
                0x00000000000000aa       0x34 /usr/local/gcc-arm/gcc-arm-none-eabi-5_4-2016q3/bin/../lib/gcc/arm-none-eabi/5.4.1/../../../../arm-none-eabi/lib/armv7e-m/fpu/libc_nano.a(lib_a-impure.o)
 .ARM.attributes
                0x00000000000000de       0x34 /usr/local/gcc-arm/gcc-arm-none-eabi-5_4-2016q3/bin/../lib/gcc/arm-none-eabi/5.4.1/../../../../arm-none-eabi/lib/armv7e-m/fpu/libc_nano.a(lib_a-init.o)
 .ARM.attributes
                0x0000000000000112       0x34 /usr/local/gcc-arm/gcc-arm-none-eabi-5_4-2016q3/bin/../lib/gcc/arm-none-eabi/5.4.1/../../../../arm-none-eabi/lib/armv7e-m/fpu/libc_nano.a(lib_a-memset.o)
 .ARM.attributes
                0x0000000000000146       0x34 /usr/local/gcc-arm/gcc-arm-none-eabi-5_4-2016q3/bin/../lib/gcc/arm-none-eabi/5.4.1/../../../../arm-none-eabi/lib/armv7e-m/fpu/libnosys.a(_exit.o)
 .ARM.attributes
                0x000000000000017a       0x39 _build/nrf52840_xxaa_nrf_log_backend_serial.c.o
 .ARM.attributes
                0x00000000000001b3       0x39 _build/nrf52840_xxaa_nrf_log_frontend.c.o
 .ARM.attributes
                0x00000000000001ec       0x39 _build/nrf52840_xxaa_app_button.c.o
 .ARM.attributes
                0x0000000000000225       0x39 _build/nrf52840_xxaa_app_error.c.o
 .ARM.attributes
                0x000000000000025e       0x39 _build/nrf52840_xxaa_app_error_weak.c.o
 .ARM.attributes
                0x0000000000000297       0x39 _build/nrf52840_xxaa_app_timer.c.o
 .ARM.attributes
                0x00000000000002d0       0x39 _build/nrf52840_xxaa_app_util_platform.c.o
 .ARM.attributes
                0x0000000000000309       0x39 _build/nrf52840_xxaa_boards.c.o
 .ARM.attributes
                0x0000000000000342       0x39 _build/nrf52840_xxaa_nrf_drv_clock.c.o
 .ARM.attributes
                0x000000000000037b       0x39 _build/nrf52840_xxaa_nrf_drv_common.c.o
 .ARM.attributes
                0x00000000000003b4       0x39 _build/nrf52840_xxaa_nrf_drv_gpiote.c.o
 .ARM.attributes
                0x00000000000003ed       0x39 _build/nrf52840_xxaa_nrf_drv_uart.c.o
 .ARM.attributes
                0x0000000000000426       0x39 _build/nrf52840_xxaa_main.c.o
 .ARM.attributes
                0x000000000000045f       0x39 _build/nrf52840_xxaa_ble_db_discovery.c.o
 .ARM.attributes
                0x0000000000000498       0x39 _build/nrf52840_xxaa_nrf_ble_gatt.c.o
 .ARM.attributes
                0x00000000000004d1       0x1c _build/nrf52840_xxaa_gcc_startup_nrf52840.S.o
 .ARM.attributes
                0x00000000000004ed       0x39 _build/nrf52840_xxaa_system_nrf52840.c.o
 .ARM.attributes
                0x0000000000000526       0x39 _build/nrf52840_xxaa_ble_lbs_c.c.o
 .ARM.attributes
                0x000000000000055f       0x39 _build/nrf52840_xxaa_softdevice_handler.c.o
 .ARM.attributes
                0x0000000000000598       0x34 /usr/local/gcc-arm/gcc-arm-none-eabi-5_4-2016q3/bin/../lib/gcc/arm-none-eabi/5.4.1/../../../../arm-none-eabi/lib/armv7e-m/fpu/libc_nano.a(lib_a-locale.o)
 .ARM.attributes
                0x00000000000005cc       0x34 /usr/local/gcc-arm/gcc-arm-none-eabi-5_4-2016q3/bin/../lib/gcc/arm-none-eabi/5.4.1/../../../../arm-none-eabi/lib/armv7e-m/fpu/libc_nano.a(lib_a-mbtowc_r.o)
 .ARM.attributes
                0x0000000000000600       0x34 /usr/local/gcc-arm/gcc-arm-none-eabi-5_4-2016q3/bin/../lib/gcc/arm-none-eabi/5.4.1/../../../../arm-none-eabi/lib/armv7e-m/fpu/libc_nano.a(lib_a-memcmp.o)
 .ARM.attributes
                0x0000000000000634       0x34 /usr/local/gcc-arm/gcc-arm-none-eabi-5_4-2016q3/bin/../lib/gcc/arm-none-eabi/5.4.1/../../../../arm-none-eabi/lib/armv7e-m/fpu/libc_nano.a(lib_a-memcpy-stub.o)
 .ARM.attributes
                0x0000000000000668       0x34 /usr/local/gcc-arm/gcc-arm-none-eabi-5_4-2016q3/bin/../lib/gcc/arm-none-eabi/5.4.1/../../../../arm-none-eabi/lib/armv7e-m/fpu/libc_nano.a(lib_a-snprintf.o)
 .ARM.attributes
                0x000000000000069c       0x1b /usr/local/gcc-arm/gcc-arm-none-eabi-5_4-2016q3/bin/../lib/gcc/arm-none-eabi/5.4.1/../../../../arm-none-eabi/lib/armv7e-m/fpu/libc_nano.a(lib_a-strlen.o)
 .ARM.attributes
                0x00000000000006b7       0x34 /usr/local/gcc-arm/gcc-arm-none-eabi-5_4-2016q3/bin/../lib/gcc/arm-none-eabi/5.4.1/../../../../arm-none-eabi/lib/armv7e-m/fpu/libc_nano.a(lib_a-wctomb_r.o)
 .ARM.attributes
                0x00000000000006eb       0x34 /usr/local/gcc-arm/gcc-arm-none-eabi-5_4-2016q3/bin/../lib/gcc/arm-none-eabi/5.4.1/../../../../arm-none-eabi/lib/armv7e-m/fpu/libc_nano.a(lib_a-ctype_.o)
 .ARM.attributes
                0x000000000000071f       0x34 /usr/local/gcc-arm/gcc-arm-none-eabi-5_4-2016q3/bin/../lib/gcc/arm-none-eabi/5.4.1/../../../../arm-none-eabi/lib/armv7e-m/fpu/libc_nano.a(lib_a-nano-svfprintf.o)
 .ARM.attributes
                0x0000000000000753       0x34 /usr/local/gcc-arm/gcc-arm-none-eabi-5_4-2016q3/bin/../lib/gcc/arm-none-eabi/5.4.1/../../../../arm-none-eabi/lib/armv7e-m/fpu/libc_nano.a(lib_a-nano-vfprintf_i.o)
 .ARM.attributes
                0x0000000000000787       0x20 /usr/local/gcc-arm/gcc-arm-none-eabi-5_4-2016q3/bin/../lib/gcc/arm-none-eabi/5.4.1/../../../../arm-none-eabi/lib/armv7e-m/fpu/libc_nano.a(lib_a-memchr.o)
 .ARM.attributes
                0x00000000000007a7       0x34 /usr/local/gcc-arm/gcc-arm-none-eabi-5_4-2016q3/bin/../lib/gcc/arm-none-eabi/5.4.1/../../../../arm-none-eabi/lib/armv7e-m/fpu/libc_nano.a(lib_a-memmove.o)
 .ARM.attributes
                0x00000000000007db       0x34 /usr/local/gcc-arm/gcc-arm-none-eabi-5_4-2016q3/bin/../lib/gcc/arm-none-eabi/5.4.1/../../../../arm-none-eabi/lib/armv7e-m/fpu/libc_nano.a(lib_a-nano-freer.o)
 .ARM.attributes
                0x000000000000080f       0x34 /usr/local/gcc-arm/gcc-arm-none-eabi-5_4-2016q3/bin/../lib/gcc/arm-none-eabi/5.4.1/../../../../arm-none-eabi/lib/armv7e-m/fpu/libc_nano.a(lib_a-nano-mallocr.o)
 .ARM.attributes
                0x0000000000000843       0x34 /usr/local/gcc-arm/gcc-arm-none-eabi-5_4-2016q3/bin/../lib/gcc/arm-none-eabi/5.4.1/../../../../arm-none-eabi/lib/armv7e-m/fpu/libc_nano.a(lib_a-nano-reallocr.o)
 .ARM.attributes
                0x0000000000000877       0x34 /usr/local/gcc-arm/gcc-arm-none-eabi-5_4-2016q3/bin/../lib/gcc/arm-none-eabi/5.4.1/../../../../arm-none-eabi/lib/armv7e-m/fpu/libc_nano.a(lib_a-sbrkr.o)
 .ARM.attributes
                0x00000000000008ab       0x34 /usr/local/gcc-arm/gcc-arm-none-eabi-5_4-2016q3/bin/../lib/gcc/arm-none-eabi/5.4.1/../../../../arm-none-eabi/lib/armv7e-m/fpu/libc_nano.a(lib_a-mlock.o)
 .ARM.attributes
                0x00000000000008df       0x34 /usr/local/gcc-arm/gcc-arm-none-eabi-5_4-2016q3/bin/../lib/gcc/arm-none-eabi/5.4.1/../../../../arm-none-eabi/lib/armv7e-m/fpu/libc_nano.a(lib_a-nano-msizer.o)
 .ARM.attributes
                0x0000000000000913       0x34 /usr/local/gcc-arm/gcc-arm-none-eabi-5_4-2016q3/bin/../lib/gcc/arm-none-eabi/5.4.1/../../../../arm-none-eabi/lib/armv7e-m/fpu/libc_nano.a(lib_a-reent.o)
 .ARM.attributes
                0x0000000000000947       0x34 /usr/local/gcc-arm/gcc-arm-none-eabi-5_4-2016q3/bin/../lib/gcc/arm-none-eabi/5.4.1/armv7e-m/fpu/crtend.o
 .ARM.attributes
                0x000000000000097b       0x22 /usr/local/gcc-arm/gcc-arm-none-eabi-5_4-2016q3/bin/../lib/gcc/arm-none-eabi/5.4.1/armv7e-m/fpu/crtn.o
 .ARM.attributes
                0x000000000000099d       0x34 /usr/local/gcc-arm/gcc-arm-none-eabi-5_4-2016q3/bin/../lib/gcc/arm-none-eabi/5.4.1/../../../../arm-none-eabi/lib/armv7e-m/fpu/libnosys.a(sbrk.o)

.comment        0x0000000000000000       0x6e
 .comment       0x0000000000000000       0x6e _build/nrf52840_xxaa_nrf_log_backend_serial.c.o
                                         0x6f (size before relaxing)
 .comment       0x000000000000006e       0x6f _build/nrf52840_xxaa_nrf_log_frontend.c.o
 .comment       0x000000000000006e       0x6f _build/nrf52840_xxaa_app_button.c.o
 .comment       0x000000000000006e       0x6f _build/nrf52840_xxaa_app_error.c.o
 .comment       0x000000000000006e       0x6f _build/nrf52840_xxaa_app_error_weak.c.o
 .comment       0x000000000000006e       0x6f _build/nrf52840_xxaa_app_timer.c.o
 .comment       0x000000000000006e       0x6f _build/nrf52840_xxaa_app_util_platform.c.o
 .comment       0x000000000000006e       0x6f _build/nrf52840_xxaa_boards.c.o
 .comment       0x000000000000006e       0x6f _build/nrf52840_xxaa_nrf_drv_clock.c.o
 .comment       0x000000000000006e       0x6f _build/nrf52840_xxaa_nrf_drv_common.c.o
 .comment       0x000000000000006e       0x6f _build/nrf52840_xxaa_nrf_drv_gpiote.c.o
 .comment       0x000000000000006e       0x6f _build/nrf52840_xxaa_nrf_drv_uart.c.o
 .comment       0x000000000000006e       0x6f _build/nrf52840_xxaa_main.c.o
 .comment       0x000000000000006e       0x6f _build/nrf52840_xxaa_ble_db_discovery.c.o
 .comment       0x000000000000006e       0x6f _build/nrf52840_xxaa_nrf_ble_gatt.c.o
 .comment       0x000000000000006e       0x6f _build/nrf52840_xxaa_system_nrf52840.c.o
 .comment       0x000000000000006e       0x6f _build/nrf52840_xxaa_ble_lbs_c.c.o
 .comment       0x000000000000006e       0x6f _build/nrf52840_xxaa_softdevice_handler.c.o

.debug_frame    0x0000000000000000     0x1a44
 .debug_frame   0x0000000000000000       0x28 /usr/local/gcc-arm/gcc-arm-none-eabi-5_4-2016q3/bin/../lib/gcc/arm-none-eabi/5.4.1/../../../../arm-none-eabi/lib/armv7e-m/fpu/libc_nano.a(lib_a-exit.o)
 .debug_frame   0x0000000000000028       0x2c /usr/local/gcc-arm/gcc-arm-none-eabi-5_4-2016q3/bin/../lib/gcc/arm-none-eabi/5.4.1/../../../../arm-none-eabi/lib/armv7e-m/fpu/libc_nano.a(lib_a-init.o)
 .debug_frame   0x0000000000000054       0x20 /usr/local/gcc-arm/gcc-arm-none-eabi-5_4-2016q3/bin/../lib/gcc/arm-none-eabi/5.4.1/../../../../arm-none-eabi/lib/armv7e-m/fpu/libc_nano.a(lib_a-memset.o)
 .debug_frame   0x0000000000000074       0x20 /usr/local/gcc-arm/gcc-arm-none-eabi-5_4-2016q3/bin/../lib/gcc/arm-none-eabi/5.4.1/../../../../arm-none-eabi/lib/armv7e-m/fpu/libnosys.a(_exit.o)
 .debug_frame   0x0000000000000094       0xec _build/nrf52840_xxaa_nrf_log_backend_serial.c.o
 .debug_frame   0x0000000000000180      0x294 _build/nrf52840_xxaa_nrf_log_frontend.c.o
 .debug_frame   0x0000000000000414       0xe0 _build/nrf52840_xxaa_app_button.c.o
 .debug_frame   0x00000000000004f4       0x70 _build/nrf52840_xxaa_app_error.c.o
 .debug_frame   0x0000000000000564       0x28 _build/nrf52840_xxaa_app_error_weak.c.o
 .debug_frame   0x000000000000058c      0x150 _build/nrf52840_xxaa_app_timer.c.o
 .debug_frame   0x00000000000006dc       0x94 _build/nrf52840_xxaa_app_util_platform.c.o
 .debug_frame   0x0000000000000770      0x110 _build/nrf52840_xxaa_boards.c.o
 .debug_frame   0x0000000000000880      0x1f8 _build/nrf52840_xxaa_nrf_drv_clock.c.o
 .debug_frame   0x0000000000000a78       0x3c _build/nrf52840_xxaa_nrf_drv_common.c.o
 .debug_frame   0x0000000000000ab4      0x260 _build/nrf52840_xxaa_nrf_drv_gpiote.c.o
 .debug_frame   0x0000000000000d14      0x1c0 _build/nrf52840_xxaa_nrf_drv_uart.c.o
 .debug_frame   0x0000000000000ed4      0x14c _build/nrf52840_xxaa_main.c.o
 .debug_frame   0x0000000000001020      0x17c _build/nrf52840_xxaa_ble_db_discovery.c.o
 .debug_frame   0x000000000000119c       0xe4 _build/nrf52840_xxaa_nrf_ble_gatt.c.o
 .debug_frame   0x0000000000001280       0x44 _build/nrf52840_xxaa_system_nrf52840.c.o
 .debug_frame   0x00000000000012c4      0x154 _build/nrf52840_xxaa_ble_lbs_c.c.o
 .debug_frame   0x0000000000001418      0x1b0 _build/nrf52840_xxaa_softdevice_handler.c.o
 .debug_frame   0x00000000000015c8       0x88 /usr/local/gcc-arm/gcc-arm-none-eabi-5_4-2016q3/bin/../lib/gcc/arm-none-eabi/5.4.1/../../../../arm-none-eabi/lib/armv7e-m/fpu/libc_nano.a(lib_a-locale.o)
 .debug_frame   0x0000000000001650       0x44 /usr/local/gcc-arm/gcc-arm-none-eabi-5_4-2016q3/bin/../lib/gcc/arm-none-eabi/5.4.1/../../../../arm-none-eabi/lib/armv7e-m/fpu/libc_nano.a(lib_a-mbtowc_r.o)
 .debug_frame   0x0000000000001694       0x28 /usr/local/gcc-arm/gcc-arm-none-eabi-5_4-2016q3/bin/../lib/gcc/arm-none-eabi/5.4.1/../../../../arm-none-eabi/lib/armv7e-m/fpu/libc_nano.a(lib_a-memcmp.o)
 .debug_frame   0x00000000000016bc       0x28 /usr/local/gcc-arm/gcc-arm-none-eabi-5_4-2016q3/bin/../lib/gcc/arm-none-eabi/5.4.1/../../../../arm-none-eabi/lib/armv7e-m/fpu/libc_nano.a(lib_a-memcpy-stub.o)
 .debug_frame   0x00000000000016e4       0x74 /usr/local/gcc-arm/gcc-arm-none-eabi-5_4-2016q3/bin/../lib/gcc/arm-none-eabi/5.4.1/../../../../arm-none-eabi/lib/armv7e-m/fpu/libc_nano.a(lib_a-snprintf.o)
 .debug_frame   0x0000000000001758       0x3c /usr/local/gcc-arm/gcc-arm-none-eabi-5_4-2016q3/bin/../lib/gcc/arm-none-eabi/5.4.1/../../../../arm-none-eabi/lib/armv7e-m/fpu/libc_nano.a(lib_a-wctomb_r.o)
 .debug_frame   0x0000000000001794       0x90 /usr/local/gcc-arm/gcc-arm-none-eabi-5_4-2016q3/bin/../lib/gcc/arm-none-eabi/5.4.1/../../../../arm-none-eabi/lib/armv7e-m/fpu/libc_nano.a(lib_a-nano-svfprintf.o)
 .debug_frame   0x0000000000001824       0x60 /usr/local/gcc-arm/gcc-arm-none-eabi-5_4-2016q3/bin/../lib/gcc/arm-none-eabi/5.4.1/../../../../arm-none-eabi/lib/armv7e-m/fpu/libc_nano.a(lib_a-nano-vfprintf_i.o)
 .debug_frame   0x0000000000001884       0x28 /usr/local/gcc-arm/gcc-arm-none-eabi-5_4-2016q3/bin/../lib/gcc/arm-none-eabi/5.4.1/../../../../arm-none-eabi/lib/armv7e-m/fpu/libc_nano.a(lib_a-memmove.o)
 .debug_frame   0x00000000000018ac       0x38 /usr/local/gcc-arm/gcc-arm-none-eabi-5_4-2016q3/bin/../lib/gcc/arm-none-eabi/5.4.1/../../../../arm-none-eabi/lib/armv7e-m/fpu/libc_nano.a(lib_a-nano-freer.o)
 .debug_frame   0x00000000000018e4       0x2c /usr/local/gcc-arm/gcc-arm-none-eabi-5_4-2016q3/bin/../lib/gcc/arm-none-eabi/5.4.1/../../../../arm-none-eabi/lib/armv7e-m/fpu/libc_nano.a(lib_a-nano-mallocr.o)
 .debug_frame   0x0000000000001910       0x3c /usr/local/gcc-arm/gcc-arm-none-eabi-5_4-2016q3/bin/../lib/gcc/arm-none-eabi/5.4.1/../../../../arm-none-eabi/lib/armv7e-m/fpu/libc_nano.a(lib_a-nano-reallocr.o)
 .debug_frame   0x000000000000194c       0x2c /usr/local/gcc-arm/gcc-arm-none-eabi-5_4-2016q3/bin/../lib/gcc/arm-none-eabi/5.4.1/../../../../arm-none-eabi/lib/armv7e-m/fpu/libc_nano.a(lib_a-sbrkr.o)
 .debug_frame   0x0000000000001978       0x30 /usr/local/gcc-arm/gcc-arm-none-eabi-5_4-2016q3/bin/../lib/gcc/arm-none-eabi/5.4.1/../../../../arm-none-eabi/lib/armv7e-m/fpu/libc_nano.a(lib_a-mlock.o)
 .debug_frame   0x00000000000019a8       0x20 /usr/local/gcc-arm/gcc-arm-none-eabi-5_4-2016q3/bin/../lib/gcc/arm-none-eabi/5.4.1/../../../../arm-none-eabi/lib/armv7e-m/fpu/libc_nano.a(lib_a-nano-msizer.o)
 .debug_frame   0x00000000000019c8       0x5c /usr/local/gcc-arm/gcc-arm-none-eabi-5_4-2016q3/bin/../lib/gcc/arm-none-eabi/5.4.1/../../../../arm-none-eabi/lib/armv7e-m/fpu/libc_nano.a(lib_a-reent.o)
 .debug_frame   0x0000000000001a24       0x20 /usr/local/gcc-arm/gcc-arm-none-eabi-5_4-2016q3/bin/../lib/gcc/arm-none-eabi/5.4.1/../../../../arm-none-eabi/lib/armv7e-m/fpu/libnosys.a(sbrk.o)

.debug_info     0x0000000000000000    0x1ca92
 .debug_info    0x0000000000000000     0x1651 _build/nrf52840_xxaa_nrf_log_backend_serial.c.o
 .debug_info    0x0000000000001651     0x1565 _build/nrf52840_xxaa_nrf_log_frontend.c.o
 .debug_info    0x0000000000002bb6      0x623 _build/nrf52840_xxaa_app_button.c.o
 .debug_info    0x00000000000031d9      0x3a0 _build/nrf52840_xxaa_app_error.c.o
 .debug_info    0x0000000000003579      0x3ea _build/nrf52840_xxaa_app_error_weak.c.o
 .debug_info    0x0000000000003963     0x1acd _build/nrf52840_xxaa_app_timer.c.o
 .debug_info    0x0000000000005430      0x9a4 _build/nrf52840_xxaa_app_util_platform.c.o
 .debug_info    0x0000000000005dd4      0xc48 _build/nrf52840_xxaa_boards.c.o
 .debug_info    0x0000000000006a1c     0x1773 _build/nrf52840_xxaa_nrf_drv_clock.c.o
 .debug_info    0x000000000000818f      0x6ea _build/nrf52840_xxaa_nrf_drv_common.c.o
 .debug_info    0x0000000000008879     0x29c9 _build/nrf52840_xxaa_nrf_drv_gpiote.c.o
 .debug_info    0x000000000000b242     0x4600 _build/nrf52840_xxaa_nrf_drv_uart.c.o
 .debug_info    0x000000000000f842     0x33fc _build/nrf52840_xxaa_main.c.o
 .debug_info    0x0000000000012c3e     0x279c _build/nrf52840_xxaa_ble_db_discovery.c.o
 .debug_info    0x00000000000153da     0x210c _build/nrf52840_xxaa_nrf_ble_gatt.c.o
 .debug_info    0x00000000000174e6      0xf45 _build/nrf52840_xxaa_system_nrf52840.c.o
 .debug_info    0x000000000001842b     0x1ed1 _build/nrf52840_xxaa_ble_lbs_c.c.o
 .debug_info    0x000000000001a2fc     0x2796 _build/nrf52840_xxaa_softdevice_handler.c.o

.debug_abbrev   0x0000000000000000     0x39ba
 .debug_abbrev  0x0000000000000000      0x3db _build/nrf52840_xxaa_nrf_log_backend_serial.c.o
 .debug_abbrev  0x00000000000003db      0x354 _build/nrf52840_xxaa_nrf_log_frontend.c.o
 .debug_abbrev  0x000000000000072f      0x1e1 _build/nrf52840_xxaa_app_button.c.o
 .debug_abbrev  0x0000000000000910      0x14c _build/nrf52840_xxaa_app_error.c.o
 .debug_abbrev  0x0000000000000a5c      0x189 _build/nrf52840_xxaa_app_error_weak.c.o
 .debug_abbrev  0x0000000000000be5      0x40d _build/nrf52840_xxaa_app_timer.c.o
 .debug_abbrev  0x0000000000000ff2      0x2ad _build/nrf52840_xxaa_app_util_platform.c.o
 .debug_abbrev  0x000000000000129f      0x294 _build/nrf52840_xxaa_boards.c.o
 .debug_abbrev  0x0000000000001533      0x482 _build/nrf52840_xxaa_nrf_drv_clock.c.o
 .debug_abbrev  0x00000000000019b5      0x1ad _build/nrf52840_xxaa_nrf_drv_common.c.o
 .debug_abbrev  0x0000000000001b62      0x3fe _build/nrf52840_xxaa_nrf_drv_gpiote.c.o
 .debug_abbrev  0x0000000000001f60      0x3ce _build/nrf52840_xxaa_nrf_drv_uart.c.o
 .debug_abbrev  0x000000000000232e      0x406 _build/nrf52840_xxaa_main.c.o
 .debug_abbrev  0x0000000000002734      0x45a _build/nrf52840_xxaa_ble_db_discovery.c.o
 .debug_abbrev  0x0000000000002b8e      0x3b5 _build/nrf52840_xxaa_nrf_ble_gatt.c.o
 .debug_abbrev  0x0000000000002f43      0x1d6 _build/nrf52840_xxaa_system_nrf52840.c.o
 .debug_abbrev  0x0000000000003119      0x3cd _build/nrf52840_xxaa_ble_lbs_c.c.o
 .debug_abbrev  0x00000000000034e6      0x4d4 _build/nrf52840_xxaa_softdevice_handler.c.o

.debug_loc      0x0000000000000000     0xe764
 .debug_loc     0x0000000000000000      0xfe9 _build/nrf52840_xxaa_nrf_log_backend_serial.c.o
 .debug_loc     0x0000000000000fe9     0x1dc6 _build/nrf52840_xxaa_nrf_log_frontend.c.o
 .debug_loc     0x0000000000002daf      0x37f _build/nrf52840_xxaa_app_button.c.o
 .debug_loc     0x000000000000312e      0x145 _build/nrf52840_xxaa_app_error.c.o
 .debug_loc     0x0000000000003273       0x63 _build/nrf52840_xxaa_app_error_weak.c.o
 .debug_loc     0x00000000000032d6      0xe3f _build/nrf52840_xxaa_app_timer.c.o
 .debug_loc     0x0000000000004115       0xe4 _build/nrf52840_xxaa_app_util_platform.c.o
 .debug_loc     0x00000000000041f9      0x60f _build/nrf52840_xxaa_boards.c.o
 .debug_loc     0x0000000000004808      0x511 _build/nrf52840_xxaa_nrf_drv_clock.c.o
 .debug_loc     0x0000000000004d19       0xea _build/nrf52840_xxaa_nrf_drv_common.c.o
 .debug_loc     0x0000000000004e03     0x2bd3 _build/nrf52840_xxaa_nrf_drv_gpiote.c.o
 .debug_loc     0x00000000000079d6     0x29d0 _build/nrf52840_xxaa_nrf_drv_uart.c.o
 .debug_loc     0x000000000000a3a6      0xb60 _build/nrf52840_xxaa_main.c.o
 .debug_loc     0x000000000000af06     0x210a _build/nrf52840_xxaa_ble_db_discovery.c.o
 .debug_loc     0x000000000000d010      0xba3 _build/nrf52840_xxaa_nrf_ble_gatt.c.o
 .debug_loc     0x000000000000dbb3      0x668 _build/nrf52840_xxaa_ble_lbs_c.c.o
 .debug_loc     0x000000000000e21b      0x549 _build/nrf52840_xxaa_softdevice_handler.c.o

.debug_aranges  0x0000000000000000      0x768
 .debug_aranges
                0x0000000000000000       0x50 _build/nrf52840_xxaa_nrf_log_backend_serial.c.o
 .debug_aranges
                0x0000000000000050       0x98 _build/nrf52840_xxaa_nrf_log_frontend.c.o
 .debug_aranges
                0x00000000000000e8       0x48 _build/nrf52840_xxaa_app_button.c.o
 .debug_aranges
                0x0000000000000130       0x30 _build/nrf52840_xxaa_app_error.c.o
 .debug_aranges
                0x0000000000000160       0x20 _build/nrf52840_xxaa_app_error_weak.c.o
 .debug_aranges
                0x0000000000000180       0x70 _build/nrf52840_xxaa_app_timer.c.o
 .debug_aranges
                0x00000000000001f0       0x48 _build/nrf52840_xxaa_app_util_platform.c.o
 .debug_aranges
                0x0000000000000238       0x80 _build/nrf52840_xxaa_boards.c.o
 .debug_aranges
                0x00000000000002b8       0xb0 _build/nrf52840_xxaa_nrf_drv_clock.c.o
 .debug_aranges
                0x0000000000000368       0x28 _build/nrf52840_xxaa_nrf_drv_common.c.o
 .debug_aranges
                0x0000000000000390       0xd8 _build/nrf52840_xxaa_nrf_drv_gpiote.c.o
 .debug_aranges
                0x0000000000000468       0x78 _build/nrf52840_xxaa_nrf_drv_uart.c.o
 .debug_aranges
                0x00000000000004e0       0x80 _build/nrf52840_xxaa_main.c.o
 .debug_aranges
                0x0000000000000560       0x68 _build/nrf52840_xxaa_ble_db_discovery.c.o
 .debug_aranges
                0x00000000000005c8       0x68 _build/nrf52840_xxaa_nrf_ble_gatt.c.o
 .debug_aranges
                0x0000000000000630       0x28 _build/nrf52840_xxaa_system_nrf52840.c.o
 .debug_aranges
                0x0000000000000658       0x60 _build/nrf52840_xxaa_ble_lbs_c.c.o
 .debug_aranges
                0x00000000000006b8       0xb0 _build/nrf52840_xxaa_softdevice_handler.c.o

.debug_ranges   0x0000000000000000     0x2fc8
 .debug_ranges  0x0000000000000000      0x178 _build/nrf52840_xxaa_nrf_log_backend_serial.c.o
 .debug_ranges  0x0000000000000178      0x2f8 _build/nrf52840_xxaa_nrf_log_frontend.c.o
 .debug_ranges  0x0000000000000470       0xa0 _build/nrf52840_xxaa_app_button.c.o
 .debug_ranges  0x0000000000000510       0x20 _build/nrf52840_xxaa_app_error.c.o
 .debug_ranges  0x0000000000000530       0x10 _build/nrf52840_xxaa_app_error_weak.c.o
 .debug_ranges  0x0000000000000540      0x4d0 _build/nrf52840_xxaa_app_timer.c.o
 .debug_ranges  0x0000000000000a10       0x80 _build/nrf52840_xxaa_app_util_platform.c.o
 .debug_ranges  0x0000000000000a90       0xe8 _build/nrf52840_xxaa_boards.c.o
 .debug_ranges  0x0000000000000b78      0x3d0 _build/nrf52840_xxaa_nrf_drv_clock.c.o
 .debug_ranges  0x0000000000000f48       0x38 _build/nrf52840_xxaa_nrf_drv_common.c.o
 .debug_ranges  0x0000000000000f80      0xc58 _build/nrf52840_xxaa_nrf_drv_gpiote.c.o
 .debug_ranges  0x0000000000001bd8      0x7f0 _build/nrf52840_xxaa_nrf_drv_uart.c.o
 .debug_ranges  0x00000000000023c8      0x208 _build/nrf52840_xxaa_main.c.o
 .debug_ranges  0x00000000000025d0      0x5f0 _build/nrf52840_xxaa_ble_db_discovery.c.o
 .debug_ranges  0x0000000000002bc0       0xc8 _build/nrf52840_xxaa_nrf_ble_gatt.c.o
 .debug_ranges  0x0000000000002c88       0x30 _build/nrf52840_xxaa_system_nrf52840.c.o
 .debug_ranges  0x0000000000002cb8      0x130 _build/nrf52840_xxaa_ble_lbs_c.c.o
 .debug_ranges  0x0000000000002de8      0x1e0 _build/nrf52840_xxaa_softdevice_handler.c.o

.debug_macro    0x0000000000000000    0x18c9e
 .debug_macro   0x0000000000000000      0x355 _build/nrf52840_xxaa_nrf_log_backend_serial.c.o
 .debug_macro   0x0000000000000355      0x8b0 _build/nrf52840_xxaa_nrf_log_backend_serial.c.o
 .debug_macro   0x0000000000000c05       0x22 _build/nrf52840_xxaa_nrf_log_backend_serial.c.o
 .debug_macro   0x0000000000000c27       0x4f _build/nrf52840_xxaa_nrf_log_backend_serial.c.o
 .debug_macro   0x0000000000000c76       0x44 _build/nrf52840_xxaa_nrf_log_backend_serial.c.o
 .debug_macro   0x0000000000000cba       0xfd _build/nrf52840_xxaa_nrf_log_backend_serial.c.o
 .debug_macro   0x0000000000000db7       0x5e _build/nrf52840_xxaa_nrf_log_backend_serial.c.o
 .debug_macro   0x0000000000000e15      0x1df _build/nrf52840_xxaa_nrf_log_backend_serial.c.o
 .debug_macro   0x0000000000000ff4       0x22 _build/nrf52840_xxaa_nrf_log_backend_serial.c.o
 .debug_macro   0x0000000000001016       0x52 _build/nrf52840_xxaa_nrf_log_backend_serial.c.o
 .debug_macro   0x0000000000001068       0x35 _build/nrf52840_xxaa_nrf_log_backend_serial.c.o
 .debug_macro   0x000000000000109d       0x9c _build/nrf52840_xxaa_nrf_log_backend_serial.c.o
 .debug_macro   0x0000000000001139      0x16d _build/nrf52840_xxaa_nrf_log_backend_serial.c.o
 .debug_macro   0x00000000000012a6       0x52 _build/nrf52840_xxaa_nrf_log_backend_serial.c.o
 .debug_macro   0x00000000000012f8       0x1f _build/nrf52840_xxaa_nrf_log_backend_serial.c.o
 .debug_macro   0x0000000000001317       0x43 _build/nrf52840_xxaa_nrf_log_backend_serial.c.o
 .debug_macro   0x000000000000135a       0x20 _build/nrf52840_xxaa_nrf_log_backend_serial.c.o
 .debug_macro   0x000000000000137a      0x187 _build/nrf52840_xxaa_nrf_log_backend_serial.c.o
 .debug_macro   0x0000000000001501      0x330 _build/nrf52840_xxaa_nrf_log_backend_serial.c.o
 .debug_macro   0x0000000000001831       0x10 _build/nrf52840_xxaa_nrf_log_backend_serial.c.o
 .debug_macro   0x0000000000001841       0x35 _build/nrf52840_xxaa_nrf_log_backend_serial.c.o
 .debug_macro   0x0000000000001876      0x3c0 _build/nrf52840_xxaa_nrf_log_backend_serial.c.o
 .debug_macro   0x0000000000001c36      0x16d _build/nrf52840_xxaa_nrf_log_backend_serial.c.o
 .debug_macro   0x0000000000001da3       0x2e _build/nrf52840_xxaa_nrf_log_backend_serial.c.o
 .debug_macro   0x0000000000001dd1       0x22 _build/nrf52840_xxaa_nrf_log_backend_serial.c.o
 .debug_macro   0x0000000000001df3       0x9a _build/nrf52840_xxaa_nrf_log_backend_serial.c.o
 .debug_macro   0x0000000000001e8d       0x78 _build/nrf52840_xxaa_nrf_log_backend_serial.c.o
 .debug_macro   0x0000000000001f05       0x22 _build/nrf52840_xxaa_nrf_log_backend_serial.c.o
 .debug_macro   0x0000000000001f27       0x2d _build/nrf52840_xxaa_nrf_log_backend_serial.c.o
 .debug_macro   0x0000000000001f54       0x3b _build/nrf52840_xxaa_nrf_log_backend_serial.c.o
 .debug_macro   0x0000000000001f8f       0x50 _build/nrf52840_xxaa_nrf_log_backend_serial.c.o
 .debug_macro   0x0000000000001fdf      0xe66 _build/nrf52840_xxaa_nrf_log_backend_serial.c.o
 .debug_macro   0x0000000000002e45      0x3f4 _build/nrf52840_xxaa_nrf_log_backend_serial.c.o
 .debug_macro   0x0000000000003239     0xeabd _build/nrf52840_xxaa_nrf_log_backend_serial.c.o
 .debug_macro   0x0000000000011cf6      0xa4c _build/nrf52840_xxaa_nrf_log_backend_serial.c.o
 .debug_macro   0x0000000000012742       0xa6 _build/nrf52840_xxaa_nrf_log_backend_serial.c.o
 .debug_macro   0x00000000000127e8      0x491 _build/nrf52840_xxaa_nrf_log_backend_serial.c.o
 .debug_macro   0x0000000000012c79       0x4b _build/nrf52840_xxaa_nrf_log_backend_serial.c.o
 .debug_macro   0x0000000000012cc4       0x16 _build/nrf52840_xxaa_nrf_log_backend_serial.c.o
 .debug_macro   0x0000000000012cda       0x40 _build/nrf52840_xxaa_nrf_log_backend_serial.c.o
 .debug_macro   0x0000000000012d1a       0x64 _build/nrf52840_xxaa_nrf_log_backend_serial.c.o
 .debug_macro   0x0000000000012d7e       0x2e _build/nrf52840_xxaa_nrf_log_backend_serial.c.o
 .debug_macro   0x0000000000012dac       0x1c _build/nrf52840_xxaa_nrf_log_backend_serial.c.o
 .debug_macro   0x0000000000012dc8       0x10 _build/nrf52840_xxaa_nrf_log_backend_serial.c.o
 .debug_macro   0x0000000000012dd8       0x10 _build/nrf52840_xxaa_nrf_log_backend_serial.c.o
 .debug_macro   0x0000000000012de8       0xb6 _build/nrf52840_xxaa_nrf_log_backend_serial.c.o
 .debug_macro   0x0000000000012e9e       0x16 _build/nrf52840_xxaa_nrf_log_backend_serial.c.o
 .debug_macro   0x0000000000012eb4      0x145 _build/nrf52840_xxaa_nrf_log_backend_serial.c.o
 .debug_macro   0x0000000000012ff9       0x2b _build/nrf52840_xxaa_nrf_log_backend_serial.c.o
 .debug_macro   0x0000000000013024       0x10 _build/nrf52840_xxaa_nrf_log_backend_serial.c.o
 .debug_macro   0x0000000000013034       0x7f _build/nrf52840_xxaa_nrf_log_backend_serial.c.o
 .debug_macro   0x00000000000130b3       0x28 _build/nrf52840_xxaa_nrf_log_backend_serial.c.o
 .debug_macro   0x00000000000130db       0x22 _build/nrf52840_xxaa_nrf_log_backend_serial.c.o
 .debug_macro   0x00000000000130fd       0x52 _build/nrf52840_xxaa_nrf_log_backend_serial.c.o
 .debug_macro   0x000000000001314f       0x9c _build/nrf52840_xxaa_nrf_log_backend_serial.c.o
 .debug_macro   0x00000000000131eb      0x30d _build/nrf52840_xxaa_nrf_log_backend_serial.c.o
 .debug_macro   0x00000000000134f8       0x10 _build/nrf52840_xxaa_nrf_log_backend_serial.c.o
 .debug_macro   0x0000000000013508       0x3d _build/nrf52840_xxaa_nrf_log_backend_serial.c.o
 .debug_macro   0x0000000000013545      0x341 _build/nrf52840_xxaa_nrf_log_frontend.c.o
 .debug_macro   0x0000000000013886       0x22 _build/nrf52840_xxaa_nrf_log_frontend.c.o
 .debug_macro   0x00000000000138a8      0x16a _build/nrf52840_xxaa_nrf_log_frontend.c.o
 .debug_macro   0x0000000000013a12       0x5e _build/nrf52840_xxaa_nrf_log_frontend.c.o
 .debug_macro   0x0000000000013a70       0x2e _build/nrf52840_xxaa_nrf_log_frontend.c.o
 .debug_macro   0x0000000000013a9e      0x306 _build/nrf52840_xxaa_app_button.c.o
 .debug_macro   0x0000000000013da4       0x16 _build/nrf52840_xxaa_app_button.c.o
 .debug_macro   0x0000000000013dba       0x22 _build/nrf52840_xxaa_app_button.c.o
 .debug_macro   0x0000000000013ddc       0x16 _build/nrf52840_xxaa_app_button.c.o
 .debug_macro   0x0000000000013df2       0x1c _build/nrf52840_xxaa_app_button.c.o
 .debug_macro   0x0000000000013e0e       0x28 _build/nrf52840_xxaa_app_button.c.o
 .debug_macro   0x0000000000013e36       0x1f _build/nrf52840_xxaa_app_button.c.o
 .debug_macro   0x0000000000013e55       0x30 _build/nrf52840_xxaa_app_button.c.o
 .debug_macro   0x0000000000013e85      0x2fd _build/nrf52840_xxaa_app_error.c.o
 .debug_macro   0x0000000000014182       0x35 _build/nrf52840_xxaa_app_error.c.o
 .debug_macro   0x00000000000141b7       0x22 _build/nrf52840_xxaa_app_error.c.o
 .debug_macro   0x00000000000141d9       0x16 _build/nrf52840_xxaa_app_error.c.o
 .debug_macro   0x00000000000141ef       0x97 _build/nrf52840_xxaa_app_error.c.o
 .debug_macro   0x0000000000014286       0xf6 _build/nrf52840_xxaa_app_error.c.o
 .debug_macro   0x000000000001437c       0x16 _build/nrf52840_xxaa_app_error.c.o
 .debug_macro   0x0000000000014392      0x497 _build/nrf52840_xxaa_app_error.c.o
 .debug_macro   0x0000000000014829      0x164 _build/nrf52840_xxaa_app_error.c.o
 .debug_macro   0x000000000001498d       0x16 _build/nrf52840_xxaa_app_error.c.o
 .debug_macro   0x00000000000149a3      0x2f7 _build/nrf52840_xxaa_app_error_weak.c.o
 .debug_macro   0x0000000000014c9a      0x332 _build/nrf52840_xxaa_app_timer.c.o
 .debug_macro   0x0000000000014fcc       0x16 _build/nrf52840_xxaa_app_timer.c.o
 .debug_macro   0x0000000000014fe2      0x26e _build/nrf52840_xxaa_app_util_platform.c.o
 .debug_macro   0x0000000000015250      0x292 _build/nrf52840_xxaa_boards.c.o
 .debug_macro   0x00000000000154e2      0x202 _build/nrf52840_xxaa_boards.c.o
 .debug_macro   0x00000000000156e4      0x115 _build/nrf52840_xxaa_boards.c.o
 .debug_macro   0x00000000000157f9      0x42e _build/nrf52840_xxaa_nrf_drv_clock.c.o
 .debug_macro   0x0000000000015c27       0x10 _build/nrf52840_xxaa_nrf_drv_clock.c.o
 .debug_macro   0x0000000000015c37       0x28 _build/nrf52840_xxaa_nrf_drv_clock.c.o
 .debug_macro   0x0000000000015c5f       0x1c _build/nrf52840_xxaa_nrf_drv_clock.c.o
 .debug_macro   0x0000000000015c7b       0xf7 _build/nrf52840_xxaa_nrf_drv_clock.c.o
 .debug_macro   0x0000000000015d72      0x139 _build/nrf52840_xxaa_nrf_drv_clock.c.o
 .debug_macro   0x0000000000015eab      0x1fb _build/nrf52840_xxaa_nrf_drv_clock.c.o
 .debug_macro   0x00000000000160a6      0x47f _build/nrf52840_xxaa_nrf_drv_clock.c.o
 .debug_macro   0x0000000000016525       0x46 _build/nrf52840_xxaa_nrf_drv_clock.c.o
 .debug_macro   0x000000000001656b      0x1f7 _build/nrf52840_xxaa_nrf_drv_clock.c.o
 .debug_macro   0x0000000000016762       0x22 _build/nrf52840_xxaa_nrf_drv_clock.c.o
 .debug_macro   0x0000000000016784       0xf1 _build/nrf52840_xxaa_nrf_drv_clock.c.o
 .debug_macro   0x0000000000016875       0x3c _build/nrf52840_xxaa_nrf_drv_clock.c.o
 .debug_macro   0x00000000000168b1       0x10 _build/nrf52840_xxaa_nrf_drv_clock.c.o
 .debug_macro   0x00000000000168c1       0x10 _build/nrf52840_xxaa_nrf_drv_clock.c.o
 .debug_macro   0x00000000000168d1       0x16 _build/nrf52840_xxaa_nrf_drv_clock.c.o
 .debug_macro   0x00000000000168e7       0x16 _build/nrf52840_xxaa_nrf_drv_clock.c.o
 .debug_macro   0x00000000000168fd      0x2d8 _build/nrf52840_xxaa_nrf_drv_common.c.o
 .debug_macro   0x0000000000016bd5       0x22 _build/nrf52840_xxaa_nrf_drv_common.c.o
 .debug_macro   0x0000000000016bf7      0x3ca _build/nrf52840_xxaa_nrf_drv_gpiote.c.o
 .debug_macro   0x0000000000016fc1       0x16 _build/nrf52840_xxaa_nrf_drv_gpiote.c.o
 .debug_macro   0x0000000000016fd7      0x3b7 _build/nrf52840_xxaa_nrf_drv_uart.c.o
 .debug_macro   0x000000000001738e      0x511 _build/nrf52840_xxaa_main.c.o
 .debug_macro   0x000000000001789f       0x2e _build/nrf52840_xxaa_main.c.o
 .debug_macro   0x00000000000178cd       0x1c _build/nrf52840_xxaa_main.c.o
 .debug_macro   0x00000000000178e9       0x22 _build/nrf52840_xxaa_main.c.o
 .debug_macro   0x000000000001790b       0xac _build/nrf52840_xxaa_main.c.o
 .debug_macro   0x00000000000179b7       0x6a _build/nrf52840_xxaa_main.c.o
 .debug_macro   0x0000000000017a21      0x2e9 _build/nrf52840_xxaa_main.c.o
 .debug_macro   0x0000000000017d0a       0x10 _build/nrf52840_xxaa_main.c.o
 .debug_macro   0x0000000000017d1a       0x22 _build/nrf52840_xxaa_main.c.o
 .debug_macro   0x0000000000017d3c       0x16 _build/nrf52840_xxaa_main.c.o
 .debug_macro   0x0000000000017d52       0x1c _build/nrf52840_xxaa_main.c.o
 .debug_macro   0x0000000000017d6e      0x30d _build/nrf52840_xxaa_ble_db_discovery.c.o
 .debug_macro   0x000000000001807b      0x33e _build/nrf52840_xxaa_nrf_ble_gatt.c.o
 .debug_macro   0x00000000000183b9       0xf5 _build/nrf52840_xxaa_system_nrf52840.c.o
 .debug_macro   0x00000000000184ae      0x2f7 _build/nrf52840_xxaa_ble_lbs_c.c.o
 .debug_macro   0x00000000000187a5       0x1c _build/nrf52840_xxaa_ble_lbs_c.c.o
 .debug_macro   0x00000000000187c1      0x3e2 _build/nrf52840_xxaa_softdevice_handler.c.o
 .debug_macro   0x0000000000018ba3       0x4c _build/nrf52840_xxaa_softdevice_handler.c.o
 .debug_macro   0x0000000000018bef       0x55 _build/nrf52840_xxaa_softdevice_handler.c.o
 .debug_macro   0x0000000000018c44       0x4a _build/nrf52840_xxaa_softdevice_handler.c.o
 .debug_macro   0x0000000000018c8e       0x10 _build/nrf52840_xxaa_softdevice_handler.c.o

.debug_line     0x0000000000000000     0xb0f6
 .debug_line    0x0000000000000000      0x8da _build/nrf52840_xxaa_nrf_log_backend_serial.c.o
 .debug_line    0x00000000000008da      0xb26 _build/nrf52840_xxaa_nrf_log_frontend.c.o
 .debug_line    0x0000000000001400      0x76a _build/nrf52840_xxaa_app_button.c.o
 .debug_line    0x0000000000001b6a      0x6ce _build/nrf52840_xxaa_app_error.c.o
 .debug_line    0x0000000000002238      0x6b6 _build/nrf52840_xxaa_app_error_weak.c.o
 .debug_line    0x00000000000028ee      0xab9 _build/nrf52840_xxaa_app_timer.c.o
 .debug_line    0x00000000000033a7      0x61d _build/nrf52840_xxaa_app_util_platform.c.o
 .debug_line    0x00000000000039c4      0x729 _build/nrf52840_xxaa_boards.c.o
 .debug_line    0x00000000000040ed      0xc60 _build/nrf52840_xxaa_nrf_drv_clock.c.o
 .debug_line    0x0000000000004d4d      0x665 _build/nrf52840_xxaa_nrf_drv_common.c.o
 .debug_line    0x00000000000053b2     0x1271 _build/nrf52840_xxaa_nrf_drv_gpiote.c.o
 .debug_line    0x0000000000006623     0x125b _build/nrf52840_xxaa_nrf_drv_uart.c.o
 .debug_line    0x000000000000787e      0xce5 _build/nrf52840_xxaa_main.c.o
 .debug_line    0x0000000000008563      0xb4e _build/nrf52840_xxaa_ble_db_discovery.c.o
 .debug_line    0x00000000000090b1      0x8a1 _build/nrf52840_xxaa_nrf_ble_gatt.c.o
 .debug_line    0x0000000000009952      0x3f1 _build/nrf52840_xxaa_system_nrf52840.c.o
 .debug_line    0x0000000000009d43      0x8a2 _build/nrf52840_xxaa_ble_lbs_c.c.o
 .debug_line    0x000000000000a5e5      0xb11 _build/nrf52840_xxaa_softdevice_handler.c.o

.debug_str      0x0000000000000000    0x7f635
 .debug_str     0x0000000000000000    0x6d757 _build/nrf52840_xxaa_nrf_log_backend_serial.c.o
                                      0x6e53d (size before relaxing)
 .debug_str     0x000000000006d757     0x1d01 _build/nrf52840_xxaa_nrf_log_frontend.c.o
                                      0x6e8a0 (size before relaxing)
 .debug_str     0x000000000006f458      0xd01 _build/nrf52840_xxaa_app_button.c.o
                                      0x6d0d6 (size before relaxing)
 .debug_str     0x0000000000070159      0x120 _build/nrf52840_xxaa_app_error.c.o
                                      0x6e1e3 (size before relaxing)
 .debug_str     0x0000000000070279       0xb1 _build/nrf52840_xxaa_app_error_weak.c.o
                                      0x6e1b0 (size before relaxing)
 .debug_str     0x000000000007032a      0xa88 _build/nrf52840_xxaa_app_timer.c.o
                                      0x6d67d (size before relaxing)
 .debug_str     0x0000000000070db2      0x258 _build/nrf52840_xxaa_app_util_platform.c.o
                                      0x68839 (size before relaxing)
 .debug_str     0x000000000007100a     0x15a4 _build/nrf52840_xxaa_boards.c.o
                                      0x695a3 (size before relaxing)
 .debug_str     0x00000000000725ae     0x5cd2 _build/nrf52840_xxaa_nrf_drv_clock.c.o
                                      0x741fe (size before relaxing)
 .debug_str     0x0000000000078280       0x5f _build/nrf52840_xxaa_nrf_drv_common.c.o
                                      0x6d464 (size before relaxing)
 .debug_str     0x00000000000782df      0xeb6 _build/nrf52840_xxaa_nrf_drv_gpiote.c.o
                                      0x707d6 (size before relaxing)
 .debug_str     0x0000000000079195      0xe57 _build/nrf52840_xxaa_nrf_drv_uart.c.o
                                      0x70aa1 (size before relaxing)
 .debug_str     0x0000000000079fec     0x415e _build/nrf52840_xxaa_main.c.o
                                      0x7919b (size before relaxing)
 .debug_str     0x000000000007e14a      0x648 _build/nrf52840_xxaa_ble_db_discovery.c.o
                                      0x73693 (size before relaxing)
 .debug_str     0x000000000007e792      0x459 _build/nrf52840_xxaa_nrf_ble_gatt.c.o
                                      0x7436c (size before relaxing)
 .debug_str     0x000000000007ebeb      0x2e9 _build/nrf52840_xxaa_system_nrf52840.c.o
                                      0x62cc4 (size before relaxing)
 .debug_str     0x000000000007eed4      0x270 _build/nrf52840_xxaa_ble_lbs_c.c.o
                                      0x73601 (size before relaxing)
 .debug_str     0x000000000007f144      0x4f1 _build/nrf52840_xxaa_softdevice_handler.c.o
                                      0x74746 (size before relaxing)
