Archive member included to satisfy reference by file (symbol)

/usr/local/gcc-arm/gcc-arm-none-eabi-5_4-2016q3/bin/../lib/gcc/arm-none-eabi/5.4.1/../../../../arm-none-eabi/lib/armv7e-m/fpu/libc_nano.a(lib_a-exit.o)
                              /usr/local/gcc-arm/gcc-arm-none-eabi-5_4-2016q3/bin/../lib/gcc/arm-none-eabi/5.4.1/../../../../arm-none-eabi/lib/armv7e-m/fpu/crt0.o (exit)
/usr/local/gcc-arm/gcc-arm-none-eabi-5_4-2016q3/bin/../lib/gcc/arm-none-eabi/5.4.1/../../../../arm-none-eabi/lib/armv7e-m/fpu/libc_nano.a(lib_a-impure.o)
                              /usr/local/gcc-arm/gcc-arm-none-eabi-5_4-2016q3/bin/../lib/gcc/arm-none-eabi/5.4.1/../../../../arm-none-eabi/lib/armv7e-m/fpu/libc_nano.a(lib_a-exit.o) (_global_impure_ptr)
/usr/local/gcc-arm/gcc-arm-none-eabi-5_4-2016q3/bin/../lib/gcc/arm-none-eabi/5.4.1/../../../../arm-none-eabi/lib/armv7e-m/fpu/libc_nano.a(lib_a-init.o)
                              /usr/local/gcc-arm/gcc-arm-none-eabi-5_4-2016q3/bin/../lib/gcc/arm-none-eabi/5.4.1/../../../../arm-none-eabi/lib/armv7e-m/fpu/crt0.o (__libc_init_array)
/usr/local/gcc-arm/gcc-arm-none-eabi-5_4-2016q3/bin/../lib/gcc/arm-none-eabi/5.4.1/../../../../arm-none-eabi/lib/armv7e-m/fpu/libc_nano.a(lib_a-memset.o)
                              /usr/local/gcc-arm/gcc-arm-none-eabi-5_4-2016q3/bin/../lib/gcc/arm-none-eabi/5.4.1/../../../../arm-none-eabi/lib/armv7e-m/fpu/crt0.o (memset)
/usr/local/gcc-arm/gcc-arm-none-eabi-5_4-2016q3/bin/../lib/gcc/arm-none-eabi/5.4.1/../../../../arm-none-eabi/lib/armv7e-m/fpu/libnosys.a(_exit.o)
                              /usr/local/gcc-arm/gcc-arm-none-eabi-5_4-2016q3/bin/../lib/gcc/arm-none-eabi/5.4.1/../../../../arm-none-eabi/lib/armv7e-m/fpu/libc_nano.a(lib_a-exit.o) (_exit)
/usr/local/gcc-arm/gcc-arm-none-eabi-5_4-2016q3/bin/../lib/gcc/arm-none-eabi/5.4.1/../../../../arm-none-eabi/lib/armv7e-m/fpu/libc_nano.a(lib_a-locale.o)
                              _build/nrf52840_xxaa_nrf_log_backend_serial.c.o (__locale_ctype_ptr)
/usr/local/gcc-arm/gcc-arm-none-eabi-5_4-2016q3/bin/../lib/gcc/arm-none-eabi/5.4.1/../../../../arm-none-eabi/lib/armv7e-m/fpu/libc_nano.a(lib_a-mbtowc_r.o)
                              /usr/local/gcc-arm/gcc-arm-none-eabi-5_4-2016q3/bin/../lib/gcc/arm-none-eabi/5.4.1/../../../../arm-none-eabi/lib/armv7e-m/fpu/libc_nano.a(lib_a-locale.o) (__ascii_mbtowc)
/usr/local/gcc-arm/gcc-arm-none-eabi-5_4-2016q3/bin/../lib/gcc/arm-none-eabi/5.4.1/../../../../arm-none-eabi/lib/armv7e-m/fpu/libc_nano.a(lib_a-memcpy-stub.o)
                              _build/nrf52840_xxaa_nrf_log_backend_serial.c.o (memcpy)
/usr/local/gcc-arm/gcc-arm-none-eabi-5_4-2016q3/bin/../lib/gcc/arm-none-eabi/5.4.1/../../../../arm-none-eabi/lib/armv7e-m/fpu/libc_nano.a(lib_a-snprintf.o)
                              _build/nrf52840_xxaa_nrf_log_backend_serial.c.o (snprintf)
/usr/local/gcc-arm/gcc-arm-none-eabi-5_4-2016q3/bin/../lib/gcc/arm-none-eabi/5.4.1/../../../../arm-none-eabi/lib/armv7e-m/fpu/libc_nano.a(lib_a-strcmp.o)
                              /usr/local/gcc-arm/gcc-arm-none-eabi-5_4-2016q3/bin/../lib/gcc/arm-none-eabi/5.4.1/../../../../arm-none-eabi/lib/armv7e-m/fpu/libc_nano.a(lib_a-locale.o) (strcmp)
/usr/local/gcc-arm/gcc-arm-none-eabi-5_4-2016q3/bin/../lib/gcc/arm-none-eabi/5.4.1/../../../../arm-none-eabi/lib/armv7e-m/fpu/libc_nano.a(lib_a-strcpy.o)
                              _build/nrf52840_xxaa_SEGGER_RTT.c.o (strcpy)
/usr/local/gcc-arm/gcc-arm-none-eabi-5_4-2016q3/bin/../lib/gcc/arm-none-eabi/5.4.1/../../../../arm-none-eabi/lib/armv7e-m/fpu/libc_nano.a(lib_a-strlen.o)
                              _build/nrf52840_xxaa_nrf_log_backend_serial.c.o (strlen)
/usr/local/gcc-arm/gcc-arm-none-eabi-5_4-2016q3/bin/../lib/gcc/arm-none-eabi/5.4.1/../../../../arm-none-eabi/lib/armv7e-m/fpu/libc_nano.a(lib_a-wctomb_r.o)
                              /usr/local/gcc-arm/gcc-arm-none-eabi-5_4-2016q3/bin/../lib/gcc/arm-none-eabi/5.4.1/../../../../arm-none-eabi/lib/armv7e-m/fpu/libc_nano.a(lib_a-locale.o) (__ascii_wctomb)
/usr/local/gcc-arm/gcc-arm-none-eabi-5_4-2016q3/bin/../lib/gcc/arm-none-eabi/5.4.1/../../../../arm-none-eabi/lib/armv7e-m/fpu/libc_nano.a(lib_a-ctype_.o)
                              /usr/local/gcc-arm/gcc-arm-none-eabi-5_4-2016q3/bin/../lib/gcc/arm-none-eabi/5.4.1/../../../../arm-none-eabi/lib/armv7e-m/fpu/libc_nano.a(lib_a-locale.o) (_ctype_)
/usr/local/gcc-arm/gcc-arm-none-eabi-5_4-2016q3/bin/../lib/gcc/arm-none-eabi/5.4.1/../../../../arm-none-eabi/lib/armv7e-m/fpu/libc_nano.a(lib_a-nano-svfprintf.o)
                              /usr/local/gcc-arm/gcc-arm-none-eabi-5_4-2016q3/bin/../lib/gcc/arm-none-eabi/5.4.1/../../../../arm-none-eabi/lib/armv7e-m/fpu/libc_nano.a(lib_a-snprintf.o) (_svfprintf_r)
/usr/local/gcc-arm/gcc-arm-none-eabi-5_4-2016q3/bin/../lib/gcc/arm-none-eabi/5.4.1/../../../../arm-none-eabi/lib/armv7e-m/fpu/libc_nano.a(lib_a-nano-vfprintf_i.o)
[...]
Memory Configuration

Name             Origin             Length             Attributes
FLASH            0x0000000000022000 0x00000000000de000 xr
RAM              0x0000000020003718 0x000000000003c8e8 xrw
*default*        0x0000000000000000 0xffffffffffffffff

Linker script and memory map


.text           0x0000000000022000     0x5378
 *(.isr_vector)
 .isr_vector    0x0000000000022000      0x200 _build/nrf52840_xxaa_gcc_startup_nrf52840.S.o
                0x0000000000022000                __isr_vector
 *(.text*)
 .text          0x0000000000022200       0x5c /usr/local/gcc-arm/gcc-arm-none-eabi-5_4-2016q3/bin/../lib/gcc/arm-none-eabi/5.4.1/armv7e-m/fpu/crtbegin.o
 .text          0x000000000002225c       0x74 /usr/local/gcc-arm/gcc-arm-none-eabi-5_4-2016q3/bin/../lib/gcc/arm-none-eabi/5.4.1/../../../../arm-none-eabi/lib/armv7e-m/fpu/crt0.o
                0x000000000002225c                _mainCRTStartup
                0x000000000002225c                _start
 .text.exit     0x00000000000222d0       0x28 /usr/local/gcc-arm/gcc-arm-none-eabi-5_4-2016q3/bin/../lib/gcc/arm-none-eabi/5.4.1/../../../../arm-none-eabi/lib/armv7e-m/fpu/libc_nano.a(lib_a-exit.o)
                0x00000000000222d0                exit
 .text.__libc_init_array
                0x00000000000222f8       0x4c /usr/local/gcc-arm/gcc-arm-none-eabi-5_4-2016q3/bin/../lib/gcc/arm-none-eabi/5.4.1/../../../../arm-none-eabi/lib/armv7e-m/fpu/libc_nano.a(lib_a-init.o)
                0x00000000000222f8                __libc_init_array
 .text.memset   0x0000000000022344       0x10 /usr/local/gcc-arm/gcc-arm-none-eabi-5_4-2016q3/bin/../lib/gcc/arm-none-eabi/5.4.1/../../../../arm-none-eabi/lib/armv7e-m/fpu/libc_nano.a(lib_a-memset.o)
                0x0000000000022344                memset
 .text._exit    0x0000000000022354        0x4 /usr/local/gcc-arm/gcc-arm-none-eabi-5_4-2016q3/bin/../lib/gcc/arm-none-eabi/5.4.1/../../../../arm-none-eabi/lib/armv7e-m/fpu/libnosys.a(_exit.o)
                0x0000000000022354                _exit
 .text.uart_event_handler
                0x0000000000022358       0x10 _build/nrf52840_xxaa_nrf_log_backend_serial.c.o
 .text.nrf_log_backend_serial_hexdump_handler
                0x0000000000022368      0x260 _build/nrf52840_xxaa_nrf_log_backend_serial.c.o
 .text.nrf_log_backend_serial_std_handler
                0x00000000000225c8      0x1c0 _build/nrf52840_xxaa_nrf_log_backend_serial.c.o
 .text.nrf_log_backend_init
                0x0000000000022788       0x80 _build/nrf52840_xxaa_nrf_log_backend_serial.c.o
                0x0000000000022788                nrf_log_backend_init
 .text.nrf_log_backend_std_handler_get
                0x0000000000022808        0x8 _build/nrf52840_xxaa_nrf_log_backend_serial.c.o
                0x0000000000022808                nrf_log_backend_std_handler_get
 .text.nrf_log_backend_hexdump_handler_get
                0x0000000000022810        0x8 _build/nrf52840_xxaa_nrf_log_backend_serial.c.o
                0x0000000000022810                nrf_log_backend_hexdump_handler_get
 .text.nrf_log_init
                0x0000000000022818       0x30 _build/nrf52840_xxaa_nrf_log_frontend.c.o
                0x0000000000022818                nrf_log_init
 .text.nrf_log_blocking_backend_set
                0x0000000000022848        0x8 _build/nrf52840_xxaa_nrf_log_frontend.c.o
                0x0000000000022848                nrf_log_blocking_backend_set
 .text.nrf_log_frontend_std_0
                0x0000000000022850       0xb0 _build/nrf52840_xxaa_nrf_log_frontend.c.o
                0x0000000000022850                nrf_log_frontend_std_0
 .text.nrf_log_frontend_std_1
                0x0000000000022900       0xbc _build/nrf52840_xxaa_nrf_log_frontend.c.o
                0x0000000000022900                nrf_log_frontend_std_1
 .text.nrf_log_frontend_std_2
                0x00000000000229bc       0xcc _build/nrf52840_xxaa_nrf_log_frontend.c.o
                0x00000000000229bc                nrf_log_frontend_std_2
 .text.nrf_log_frontend_dequeue
                0x0000000000022a88      0x13c _build/nrf52840_xxaa_nrf_log_frontend.c.o
                0x0000000000022a88                nrf_log_frontend_dequeue
 .text.detection_delay_timeout_handler
                0x0000000000022bc4       0xa8 _build/nrf52840_xxaa_app_button.c.o
 .text.gpiote_event_handler
                0x0000000000022c6c       0x5c _build/nrf52840_xxaa_app_button.c.o
 .text.app_button_init
                0x0000000000022cc8       0xb0 _build/nrf52840_xxaa_app_button.c.o
                0x0000000000022cc8                app_button_init
 .text.app_button_enable
                0x0000000000022d78       0x2c _build/nrf52840_xxaa_app_button.c.o
                0x0000000000022d78                app_button_enable
 .text.app_button_disable
                0x0000000000022da4       0x34 _build/nrf52840_xxaa_app_button.c.o
                0x0000000000022da4                app_button_disable
 .text.app_error_handler_bare
                0x0000000000022dd8       0x20 _build/nrf52840_xxaa_app_error.c.o
                0x0000000000022dd8                app_error_handler_bare
 .text.app_error_fault_handler
                0x0000000000022df8       0x48 _build/nrf52840_xxaa_app_error_weak.c.o
                0x0000000000022df8                app_error_fault_handler
 .text.RTC1_IRQHandler
                0x0000000000022e40       0xa0 _build/nrf52840_xxaa_app_timer.c.o
                0x0000000000022e40                RTC1_IRQHandler
 .text.SWI0_EGU0_IRQHandler
                0x0000000000022ee0      0x64c _build/nrf52840_xxaa_app_timer.c.o
                0x0000000000022ee0                SWI0_EGU0_IRQHandler
 .text.app_timer_init
                0x000000000002352c      0x184 _build/nrf52840_xxaa_app_timer.c.o
                0x000000000002352c                app_timer_init
 .text.app_timer_create
                0x00000000000236b0       0x24 _build/nrf52840_xxaa_app_timer.c.o
                0x00000000000236b0                app_timer_create
 .text.app_timer_start
                0x00000000000236d4       0xac _build/nrf52840_xxaa_app_timer.c.o
                0x00000000000236d4                app_timer_start
 .text.app_timer_stop
                0x0000000000023780       0x78 _build/nrf52840_xxaa_app_timer.c.o
                0x0000000000023780                app_timer_stop
 .text.app_util_critical_region_enter
                0x00000000000237f8       0x50 _build/nrf52840_xxaa_app_util_platform.c.o
                0x00000000000237f8                app_util_critical_region_enter
 .text.app_util_critical_region_exit
                0x0000000000023848       0x30 _build/nrf52840_xxaa_app_util_platform.c.o
                0x0000000000023848                app_util_critical_region_exit
 .text.bsp_board_led_on
                0x0000000000023878       0x28 _build/nrf52840_xxaa_boards.c.o
                0x0000000000023878                bsp_board_led_on
 .text.bsp_board_led_off
                0x00000000000238a0       0x28 _build/nrf52840_xxaa_boards.c.o
                0x00000000000238a0                bsp_board_led_off
 .text.bsp_board_leds_init
                0x00000000000238c8       0x3c _build/nrf52840_xxaa_boards.c.o
                0x00000000000238c8                bsp_board_leds_init
 .text.POWER_CLOCK_IRQHandler
                0x0000000000023904       0x78 _build/nrf52840_xxaa_nrf_drv_clock.c.o
                0x0000000000023904                POWER_CLOCK_IRQHandler
 .text.nrf_drv_clock_on_soc_event
                0x000000000002397c       0x20 _build/nrf52840_xxaa_nrf_drv_clock.c.o
                0x000000000002397c                nrf_drv_clock_on_soc_event
 .text.nrf_drv_clock_on_sd_enable
                0x000000000002399c       0x64 _build/nrf52840_xxaa_nrf_drv_clock.c.o
                0x000000000002399c                nrf_drv_clock_on_sd_enable
 .text.nrf_drv_common_irq_enable
                0x0000000000023a00       0x50 _build/nrf52840_xxaa_nrf_drv_common.c.o
                0x0000000000023a00                nrf_drv_common_irq_enable
 .text.nrf_drv_gpiote_init
                0x0000000000023a50       0x8c _build/nrf52840_xxaa_nrf_drv_gpiote.c.o
                0x0000000000023a50                nrf_drv_gpiote_init
 .text.nrf_drv_gpiote_is_init
                0x0000000000023adc       0x14 _build/nrf52840_xxaa_nrf_drv_gpiote.c.o
                0x0000000000023adc                nrf_drv_gpiote_is_init
 .text.nrf_drv_gpiote_in_init
                0x0000000000023af0      0x1b0 _build/nrf52840_xxaa_nrf_drv_gpiote.c.o
                0x0000000000023af0                nrf_drv_gpiote_in_init
 .text.nrf_drv_gpiote_in_event_enable
                0x0000000000023ca0       0xf8 _build/nrf52840_xxaa_nrf_drv_gpiote.c.o
                0x0000000000023ca0                nrf_drv_gpiote_in_event_enable
 .text.nrf_drv_gpiote_in_event_disable
                0x0000000000023d98       0x70 _build/nrf52840_xxaa_nrf_drv_gpiote.c.o
                0x0000000000023d98                nrf_drv_gpiote_in_event_disable
 .text.nrf_drv_gpiote_in_is_set
                0x0000000000023e08       0x20 _build/nrf52840_xxaa_nrf_drv_gpiote.c.o
                0x0000000000023e08                nrf_drv_gpiote_in_is_set
 .text.GPIOTE_IRQHandler
                0x0000000000023e28      0x5ec _build/nrf52840_xxaa_nrf_drv_gpiote.c.o
                0x0000000000023e28                GPIOTE_IRQHandler
 .text.nrf_drv_uart_init
                0x0000000000024414      0x26c _build/nrf52840_xxaa_nrf_drv_uart.c.o
                0x0000000000024414                nrf_drv_uart_init
 .text.nrf_drv_uart_uninit
                0x0000000000024680      0x13c _build/nrf52840_xxaa_nrf_drv_uart.c.o
                0x0000000000024680                nrf_drv_uart_uninit
 .text.nrf_drv_uart_tx
                0x00000000000247bc      0x158 _build/nrf52840_xxaa_nrf_drv_uart.c.o
                0x00000000000247bc                nrf_drv_uart_tx
 .text.nrf_drv_uart_tx_in_progress
                0x0000000000024914       0x18 _build/nrf52840_xxaa_nrf_drv_uart.c.o
                0x0000000000024914                nrf_drv_uart_tx_in_progress
 .text.UARTE0_UART0_IRQHandler
                0x000000000002492c      0x2fc _build/nrf52840_xxaa_nrf_drv_uart.c.o
                0x000000000002492c                UARTE0_UART0_IRQHandler
 .text.sd_ble_gap_adv_start
                0x0000000000024c28        0x4 _build/nrf52840_xxaa_main.c.o
 .text.sd_ble_gap_disconnect
                0x0000000000024c2c        0x4 _build/nrf52840_xxaa_main.c.o
 .text.sd_ble_gap_ppcp_set
                0x0000000000024c30        0x4 _build/nrf52840_xxaa_main.c.o
 .text.sd_ble_gap_device_name_set
                0x0000000000024c34        0x4 _build/nrf52840_xxaa_main.c.o
 .text.sd_ble_gap_sec_params_reply
                0x0000000000024c38        0x4 _build/nrf52840_xxaa_main.c.o
 .text.sd_ble_gatts_rw_authorize_reply
                0x0000000000024c3c        0x4 _build/nrf52840_xxaa_main.c.o
 .text.sd_ble_gatts_sys_attr_set
                0x0000000000024c40        0x4 _build/nrf52840_xxaa_main.c.o
 .text.sd_ble_cfg_set
                0x0000000000024c44        0x4 _build/nrf52840_xxaa_main.c.o
 .text.sd_ble_user_mem_reply
                0x0000000000024c48        0x4 _build/nrf52840_xxaa_main.c.o
 .text.sd_app_evt_wait
                0x0000000000024c4c        0x4 _build/nrf52840_xxaa_main.c.o
 .text.conn_params_error_handler
                0x0000000000024c50        0x4 _build/nrf52840_xxaa_main.c.o
 .text.on_conn_params_evt
                0x0000000000024c54       0x24 _build/nrf52840_xxaa_main.c.o
 .text.button_event_handler
                0x0000000000024c78       0x4c _build/nrf52840_xxaa_main.c.o
 .text.led_write_handler
                0x0000000000024cc4       0x30 _build/nrf52840_xxaa_main.c.o
 .text.ble_evt_dispatch
                0x0000000000024cf4      0x150 _build/nrf52840_xxaa_main.c.o
 .text.startup.main
                0x0000000000024e44      0x21c _build/nrf52840_xxaa_main.c.o
                0x0000000000024e44                main
 .text.sd_ble_gap_addr_get
                0x0000000000025060        0x4 _build/nrf52840_xxaa_ble_advdata.c.o
 .text.sd_ble_gap_adv_data_set
                0x0000000000025064        0x4 _build/nrf52840_xxaa_ble_advdata.c.o
 .text.sd_ble_gap_appearance_get
                0x0000000000025068        0x4 _build/nrf52840_xxaa_ble_advdata.c.o
 .text.sd_ble_gap_device_name_get
                0x000000000002506c        0x4 _build/nrf52840_xxaa_ble_advdata.c.o
 .text.sd_ble_uuid_encode
                0x0000000000025070        0x4 _build/nrf52840_xxaa_ble_advdata.c.o
 .text.uuid_list_sized_encode
                0x0000000000025074       0xb8 _build/nrf52840_xxaa_ble_advdata.c.o
 .text.adv_data_encode
                0x000000000002512c      0x3f8 _build/nrf52840_xxaa_ble_advdata.c.o
                0x000000000002512c                adv_data_encode
 .text.ble_advdata_set
                0x0000000000025524      0x4dc _build/nrf52840_xxaa_ble_advdata.c.o
                0x0000000000025524                ble_advdata_set
 .text.sd_ble_gap_conn_param_update
                0x0000000000025a00        0x4 _build/nrf52840_xxaa_ble_conn_params.c.o
 .text.sd_ble_gap_disconnect
                0x0000000000025a04        0x4 _build/nrf52840_xxaa_ble_conn_params.c.o
 .text.sd_ble_gap_ppcp_set
                0x0000000000025a08        0x4 _build/nrf52840_xxaa_ble_conn_params.c.o
 .text.sd_ble_gap_ppcp_get
                0x0000000000025a0c        0x4 _build/nrf52840_xxaa_ble_conn_params.c.o
 .text.update_timeout_handler
                0x0000000000025a10       0x74 _build/nrf52840_xxaa_ble_conn_params.c.o
 .text.conn_params_negotiation
                0x0000000000025a84       0x94 _build/nrf52840_xxaa_ble_conn_params.c.o
 .text.ble_conn_params_init
                0x0000000000025b18       0x74 _build/nrf52840_xxaa_ble_conn_params.c.o
                0x0000000000025b18                ble_conn_params_init
 .text.ble_conn_params_on_ble_evt
                0x0000000000025b8c       0xb8 _build/nrf52840_xxaa_ble_conn_params.c.o
                0x0000000000025b8c                ble_conn_params_on_ble_evt
 .text.ble_srv_is_notification_enabled
                0x0000000000025c44        0x8 _build/nrf52840_xxaa_ble_srv_common.c.o
                0x0000000000025c44                ble_srv_is_notification_enabled
 .text.sd_ble_gap_data_length_update
                0x0000000000025c4c        0x4 _build/nrf52840_xxaa_nrf_ble_gatt.c.o
 .text.sd_ble_gattc_exchange_mtu_request
                0x0000000000025c50        0x4 _build/nrf52840_xxaa_nrf_ble_gatt.c.o
 .text.sd_ble_gatts_exchange_mtu_reply
                0x0000000000025c54        0x4 _build/nrf52840_xxaa_nrf_ble_gatt.c.o
 .text.nrf_ble_gatt_init
                0x0000000000025c58       0x38 _build/nrf52840_xxaa_nrf_ble_gatt.c.o
                0x0000000000025c58                nrf_ble_gatt_init
 .text.nrf_ble_gatt_on_ble_evt
                0x0000000000025c90      0x204 _build/nrf52840_xxaa_nrf_ble_gatt.c.o
                0x0000000000025c90                nrf_ble_gatt_on_ble_evt
 .text          0x0000000000025e94       0x3c _build/nrf52840_xxaa_gcc_startup_nrf52840.S.o
                0x0000000000025e94                Reset_Handler
                0x0000000000025ebc                NMI_Handler
                0x0000000000025ebe                HardFault_Handler
                0x0000000000025ec0                MemoryManagement_Handler
                0x0000000000025ec2                BusFault_Handler
                0x0000000000025ec4                UsageFault_Handler
                0x0000000000025ec6                SVC_Handler
                0x0000000000025ec8                DebugMon_Handler
                0x0000000000025eca                PendSV_Handler
                0x0000000000025ecc                SysTick_Handler
                0x0000000000025ece                USBD_IRQHandler
                0x0000000000025ece                SPIM0_SPIS0_TWIM0_TWIS0_SPI0_TWI0_IRQHandler
                0x0000000000025ece                TIMER4_IRQHandler
                0x0000000000025ece                CRYPTOCELL_IRQHandler
                0x0000000000025ece                I2S_IRQHandler
                0x0000000000025ece                SWI4_EGU4_IRQHandler
                0x0000000000025ece                TIMER0_IRQHandler
                0x0000000000025ece                UARTE1_IRQHandler
                0x0000000000025ece                TIMER1_IRQHandler
                0x0000000000025ece                SPIM3_IRQHandler
                0x0000000000025ece                PWM2_IRQHandler
                0x0000000000025ece                ECB_IRQHandler
                0x0000000000025ece                SPIM1_SPIS1_TWIM1_TWIS1_SPI1_TWI1_IRQHandler
                0x0000000000025ece                Default_Handler
                0x0000000000025ece                SAADC_IRQHandler
                0x0000000000025ece                CCM_AAR_IRQHandler
                0x0000000000025ece                WDT_IRQHandler
                0x0000000000025ece                SWI5_EGU5_IRQHandler
                0x0000000000025ece                RNG_IRQHandler
                0x0000000000025ece                RTC2_IRQHandler
                0x0000000000025ece                PWM0_IRQHandler
                0x0000000000025ece                SWI3_EGU3_IRQHandler
                0x0000000000025ece                SWI1_EGU1_IRQHandler
                0x0000000000025ece                SPIM2_SPIS2_SPI2_IRQHandler
                0x0000000000025ece                NFCT_IRQHandler
                0x0000000000025ece                MWU_IRQHandler
                0x0000000000025ece                QSPI_IRQHandler
                0x0000000000025ece                TIMER2_IRQHandler
                0x0000000000025ece                COMP_LPCOMP_IRQHandler
                0x0000000000025ece                RTC0_IRQHandler
                0x0000000000025ece                PWM1_IRQHandler
                0x0000000000025ece                RADIO_IRQHandler
                0x0000000000025ece                PDM_IRQHandler
                0x0000000000025ece                TEMP_IRQHandler
                0x0000000000025ece                QDEC_IRQHandler
                0x0000000000025ece                TIMER3_IRQHandler
                0x0000000000025ece                PWM3_IRQHandler
                0x0000000000025ece                FPU_IRQHandler
 .text.SystemInit
                0x0000000000025ed0      0x1a8 _build/nrf52840_xxaa_system_nrf52840.c.o
                0x0000000000025ed0                SystemInit
 .text.sd_ble_gatts_service_add
                0x0000000000026078        0x4 _build/nrf52840_xxaa_ble_lbs.c.o
 .text.sd_ble_gatts_characteristic_add
                0x000000000002607c        0x4 _build/nrf52840_xxaa_ble_lbs.c.o
 .text.sd_ble_gatts_hvx
                0x0000000000026080        0x4 _build/nrf52840_xxaa_ble_lbs.c.o
 .text.sd_ble_uuid_vs_add
                0x0000000000026084        0x4 _build/nrf52840_xxaa_ble_lbs.c.o
 .text.ble_lbs_on_ble_evt
                0x0000000000026088       0x34 _build/nrf52840_xxaa_ble_lbs.c.o
                0x0000000000026088                ble_lbs_on_ble_evt
 .text.ble_lbs_init
                0x00000000000260bc      0x1d0 _build/nrf52840_xxaa_ble_lbs.c.o
                0x00000000000260bc                ble_lbs_init
 .text.ble_lbs_on_button_change
                0x000000000002628c       0x40 _build/nrf52840_xxaa_ble_lbs.c.o
                0x000000000002628c                ble_lbs_on_button_change
 .text.sd_evt_get
                0x00000000000262cc        0x4 _build/nrf52840_xxaa_softdevice_handler.c.o
 .text.sd_softdevice_enable
                0x00000000000262d0        0x4 _build/nrf52840_xxaa_softdevice_handler.c.o
 .text.sd_ble_enable
                0x00000000000262d4        0x4 _build/nrf52840_xxaa_softdevice_handler.c.o
 .text.sd_ble_evt_get
                0x00000000000262d8        0x4 _build/nrf52840_xxaa_softdevice_handler.c.o
 .text.softdevice_fault_handler
                0x00000000000262dc        0x4 _build/nrf52840_xxaa_softdevice_handler.c.o
                0x00000000000262dc                softdevice_fault_handler
 .text.intern_softdevice_events_execute.part.2
                0x00000000000262e0       0xc0 _build/nrf52840_xxaa_softdevice_handler.c.o
 .text.softdevice_handler_is_enabled
                0x00000000000263a0        0xc _build/nrf52840_xxaa_softdevice_handler.c.o
                0x00000000000263a0                softdevice_handler_is_enabled
 .text.softdevice_handler_init
                0x00000000000263ac       0x94 _build/nrf52840_xxaa_softdevice_handler.c.o
                0x00000000000263ac                softdevice_handler_init
 .text.softdevice_ble_evt_handler_set
                0x0000000000026440       0x14 _build/nrf52840_xxaa_softdevice_handler.c.o
                0x0000000000026440                softdevice_ble_evt_handler_set
 .text.SWI2_EGU2_IRQHandler
                0x0000000000026454       0x30 _build/nrf52840_xxaa_softdevice_handler.c.o
                0x0000000000026454                SWI2_EGU2_IRQHandler
 .text.softdevice_app_ram_start_get
                0x0000000000026484       0x14 _build/nrf52840_xxaa_softdevice_handler.c.o
                0x0000000000026484                softdevice_app_ram_start_get
 .text.softdevice_enable
                0x0000000000026498       0x68 _build/nrf52840_xxaa_softdevice_handler.c.o
                0x0000000000026498                softdevice_enable
 .text.__get_current_locale
                0x0000000000026500       0x18 /usr/local/gcc-arm/gcc-arm-none-eabi-5_4-2016q3/bin/../lib/gcc/arm-none-eabi/5.4.1/../../../../arm-none-eabi/lib/armv7e-m/fpu/libc_nano.a(lib_a-locale.o)
 .text.__locale_ctype_ptr
                0x0000000000026518       0x14 /usr/local/gcc-arm/gcc-arm-none-eabi-5_4-2016q3/bin/../lib/gcc/arm-none-eabi/5.4.1/../../../../arm-none-eabi/lib/armv7e-m/fpu/libc_nano.a(lib_a-locale.o)
                0x0000000000026518                __locale_ctype_ptr
 .text.__ascii_mbtowc
                0x000000000002652c       0x24 /usr/local/gcc-arm/gcc-arm-none-eabi-5_4-2016q3/bin/../lib/gcc/arm-none-eabi/5.4.1/../../../../arm-none-eabi/lib/armv7e-m/fpu/libc_nano.a(lib_a-mbtowc_r.o)
                0x000000000002652c                __ascii_mbtowc
 .text.memcpy   0x0000000000026550       0x16 /usr/local/gcc-arm/gcc-arm-none-eabi-5_4-2016q3/bin/../lib/gcc/arm-none-eabi/5.4.1/../../../../arm-none-eabi/lib/armv7e-m/fpu/libc_nano.a(lib_a-memcpy-stub.o)
                0x0000000000026550                memcpy
 *fill*         0x0000000000026566        0x2 
 .text.snprintf
                0x0000000000026568       0x64 /usr/local/gcc-arm/gcc-arm-none-eabi-5_4-2016q3/bin/../lib/gcc/arm-none-eabi/5.4.1/../../../../arm-none-eabi/lib/armv7e-m/fpu/libc_nano.a(lib_a-snprintf.o)
                0x0000000000026568                snprintf
                0x0000000000026568                sniprintf
 .text          0x00000000000265cc       0x10 /usr/local/gcc-arm/gcc-arm-none-eabi-5_4-2016q3/bin/../lib/gcc/arm-none-eabi/5.4.1/../../../../arm-none-eabi/lib/armv7e-m/fpu/libc_nano.a(lib_a-strlen.o)
                0x00000000000265cc                strlen
 .text.__ascii_wctomb
                0x00000000000265dc       0x1a /usr/local/gcc-arm/gcc-arm-none-eabi-5_4-2016q3/bin/../lib/gcc/arm-none-eabi/5.4.1/../../../../arm-none-eabi/lib/armv7e-m/fpu/libc_nano.a(lib_a-wctomb_r.o)
                0x00000000000265dc                __ascii_wctomb
 .text.__ssputs_r
                0x00000000000265f6       0xb2 /usr/local/gcc-arm/gcc-arm-none-eabi-5_4-2016q3/bin/../lib/gcc/arm-none-eabi/5.4.1/../../../../arm-none-eabi/lib/armv7e-m/fpu/libc_nano.a(lib_a-nano-svfprintf.o)
                0x00000000000265f6                __ssputs_r
 .text._svfprintf_r
                0x00000000000266a8      0x1e8 /usr/local/gcc-arm/gcc-arm-none-eabi-5_4-2016q3/bin/../lib/gcc/arm-none-eabi/5.4.1/../../../../arm-none-eabi/lib/armv7e-m/fpu/libc_nano.a(lib_a-nano-svfprintf.o)
                0x00000000000266a8                _svfprintf_r
                0x00000000000266a8                _svfiprintf_r
 .text._printf_common
                0x0000000000026890       0xec /usr/local/gcc-arm/gcc-arm-none-eabi-5_4-2016q3/bin/../lib/gcc/arm-none-eabi/5.4.1/../../../../arm-none-eabi/lib/armv7e-m/fpu/libc_nano.a(lib_a-nano-vfprintf_i.o)
                0x0000000000026890                _printf_common
 .text._printf_i
                0x000000000002697c      0x24c /usr/local/gcc-arm/gcc-arm-none-eabi-5_4-2016q3/bin/../lib/gcc/arm-none-eabi/5.4.1/../../../../arm-none-eabi/lib/armv7e-m/fpu/libc_nano.a(lib_a-nano-vfprintf_i.o)
                0x000000000002697c                _printf_i
 *fill*         0x0000000000026bc8        0x8 
 .text          0x0000000000026bd0       0xa0 /usr/local/gcc-arm/gcc-arm-none-eabi-5_4-2016q3/bin/../lib/gcc/arm-none-eabi/5.4.1/../../../../arm-none-eabi/lib/armv7e-m/fpu/libc_nano.a(lib_a-memchr.o)
                0x0000000000026bd0                memchr
 .text.memmove  0x0000000000026c70       0x36 /usr/local/gcc-arm/gcc-arm-none-eabi-5_4-2016q3/bin/../lib/gcc/arm-none-eabi/5.4.1/../../../../arm-none-eabi/lib/armv7e-m/fpu/libc_nano.a(lib_a-memmove.o)
                0x0000000000026c70                memmove
 *fill*         0x0000000000026ca6        0x2 
 .text._free_r  0x0000000000026ca8       0x9c /usr/local/gcc-arm/gcc-arm-none-eabi-5_4-2016q3/bin/../lib/gcc/arm-none-eabi/5.4.1/../../../../arm-none-eabi/lib/armv7e-m/fpu/libc_nano.a(lib_a-nano-freer.o)
                0x0000000000026ca8                _free_r
 .text._malloc_r
                0x0000000000026d44       0xbc /usr/local/gcc-arm/gcc-arm-none-eabi-5_4-2016q3/bin/../lib/gcc/arm-none-eabi/5.4.1/../../../../arm-none-eabi/lib/armv7e-m/fpu/libc_nano.a(lib_a-nano-mallocr.o)
                0x0000000000026d44                _malloc_r
 .text._realloc_r
                0x0000000000026e00       0x4c /usr/local/gcc-arm/gcc-arm-none-eabi-5_4-2016q3/bin/../lib/gcc/arm-none-eabi/5.4.1/../../../../arm-none-eabi/lib/armv7e-m/fpu/libc_nano.a(lib_a-nano-reallocr.o)
                0x0000000000026e00                _realloc_r
 .text._sbrk_r  0x0000000000026e4c       0x20 /usr/local/gcc-arm/gcc-arm-none-eabi-5_4-2016q3/bin/../lib/gcc/arm-none-eabi/5.4.1/../../../../arm-none-eabi/lib/armv7e-m/fpu/libc_nano.a(lib_a-sbrkr.o)
                0x0000000000026e4c                _sbrk_r
 .text.__malloc_lock
                0x0000000000026e6c        0x2 /usr/local/gcc-arm/gcc-arm-none-eabi-5_4-2016q3/bin/../lib/gcc/arm-none-eabi/5.4.1/../../../../arm-none-eabi/lib/armv7e-m/fpu/libc_nano.a(lib_a-mlock.o)
                0x0000000000026e6c                __malloc_lock
 .text.__malloc_unlock
                0x0000000000026e6e        0x2 /usr/local/gcc-arm/gcc-arm-none-eabi-5_4-2016q3/bin/../lib/gcc/arm-none-eabi/5.4.1/../../../../arm-none-eabi/lib/armv7e-m/fpu/libc_nano.a(lib_a-mlock.o)
                0x0000000000026e6e                __malloc_unlock
 .text._malloc_usable_size_r
                0x0000000000026e70       0x14 /usr/local/gcc-arm/gcc-arm-none-eabi-5_4-2016q3/bin/../lib/gcc/arm-none-eabi/5.4.1/../../../../arm-none-eabi/lib/armv7e-m/fpu/libc_nano.a(lib_a-nano-msizer.o)
                0x0000000000026e70                _malloc_usable_size_r
 .text._sbrk    0x0000000000026e84       0x1c /usr/local/gcc-arm/gcc-arm-none-eabi-5_4-2016q3/bin/../lib/gcc/arm-none-eabi/5.4.1/../../../../arm-none-eabi/lib/armv7e-m/fpu/libnosys.a(sbrk.o)
                0x0000000000026e84                _sbrk
 *(.init)
 .init          0x0000000000026ea0        0x4 /usr/local/gcc-arm/gcc-arm-none-eabi-5_4-2016q3/bin/../lib/gcc/arm-none-eabi/5.4.1/armv7e-m/fpu/crti.o
                0x0000000000026ea0                _init
 .init          0x0000000000026ea4        0x8 /usr/local/gcc-arm/gcc-arm-none-eabi-5_4-2016q3/bin/../lib/gcc/arm-none-eabi/5.4.1/armv7e-m/fpu/crtn.o
 *(.fini)
 .fini          0x0000000000026eac        0x4 /usr/local/gcc-arm/gcc-arm-none-eabi-5_4-2016q3/bin/../lib/gcc/arm-none-eabi/5.4.1/armv7e-m/fpu/crti.o
                0x0000000000026eac                _fini
 .fini          0x0000000000026eb0        0x8 /usr/local/gcc-arm/gcc-arm-none-eabi-5_4-2016q3/bin/../lib/gcc/arm-none-eabi/5.4.1/armv7e-m/fpu/crtn.o
 *crtbegin.o(.ctors)
 *crtbegin?.o(.ctors)
 *(EXCLUDE_FILE(*crtend.o *crtend?.o) .ctors)
 *(SORT(.ctors.*))
 *(.ctors)
 *crtbegin.o(.dtors)
 *crtbegin?.o(.dtors)
 *(EXCLUDE_FILE(*crtend.o *crtend?.o) .dtors)
 *(SORT(.dtors.*))
 *(.dtors)
 *(.rodata*)
 .rodata._global_impure_ptr
                0x0000000000026eb8        0x4 /usr/local/gcc-arm/gcc-arm-none-eabi-5_4-2016q3/bin/../lib/gcc/arm-none-eabi/5.4.1/../../../../arm-none-eabi/lib/armv7e-m/fpu/libc_nano.a(lib_a-impure.o)
                0x0000000000026eb8                _global_impure_ptr
 .rodata        0x0000000000026ebc       0x20 _build/nrf52840_xxaa_nrf_log_backend_serial.c.o
 .rodata.str1.4
                0x0000000000026edc        0x7 _build/nrf52840_xxaa_nrf_log_backend_serial.c.o
 *fill*         0x0000000000026ee3        0x1 
 .rodata.str1.4
                0x0000000000026ee4        0xb _build/nrf52840_xxaa_nrf_log_frontend.c.o
 *fill*         0x0000000000026eef        0x1 
 .rodata.m_detection_delay_timer_id
                0x0000000000026ef0        0x4 _build/nrf52840_xxaa_app_button.c.o
 .rodata.str1.4
                0x0000000000026ef4       0x29 _build/nrf52840_xxaa_app_error_weak.c.o
 *fill*         0x0000000000026f1d        0x3 
 .rodata.m_board_led_list
                0x0000000000026f20        0x4 _build/nrf52840_xxaa_boards.c.o
 .rodata        0x0000000000026f24        0x4 _build/nrf52840_xxaa_main.c.o
 .rodata.str1.4
                0x0000000000026f28       0xc7 _build/nrf52840_xxaa_main.c.o
 *fill*         0x0000000000026fef        0x1 
 .rodata.m_conn_params_timer_id
                0x0000000000026ff0        0x4 _build/nrf52840_xxaa_ble_conn_params.c.o
 .rodata.str1.4
                0x0000000000026ff4      0x185 _build/nrf52840_xxaa_nrf_ble_gatt.c.o
 *fill*         0x0000000000027179        0x3 
 .rodata        0x000000000002717c       0x10 _build/nrf52840_xxaa_ble_lbs.c.o
 .rodata.str1.4
                0x000000000002718c       0xa8 _build/nrf52840_xxaa_softdevice_handler.c.o
                                         0xa5 (size before relaxing)
 .rodata.str1.1
                0x0000000000027234        0xa /usr/local/gcc-arm/gcc-arm-none-eabi-5_4-2016q3/bin/../lib/gcc/arm-none-eabi/5.4.1/../../../../arm-none-eabi/lib/armv7e-m/fpu/libc_nano.a(lib_a-locale.o)
                                          0xb (size before relaxing)
 .rodata._ctype_
                0x000000000002723e      0x101 /usr/local/gcc-arm/gcc-arm-none-eabi-5_4-2016q3/bin/../lib/gcc/arm-none-eabi/5.4.1/../../../../arm-none-eabi/lib/armv7e-m/fpu/libc_nano.a(lib_a-ctype_.o)
                0x000000000002723e                _ctype_
 .rodata.str1.1
                0x000000000002733f       0x11 /usr/local/gcc-arm/gcc-arm-none-eabi-5_4-2016q3/bin/../lib/gcc/arm-none-eabi/5.4.1/../../../../arm-none-eabi/lib/armv7e-m/fpu/libc_nano.a(lib_a-nano-svfprintf.o)
 .rodata.str1.1
                0x0000000000027350       0x22 /usr/local/gcc-arm/gcc-arm-none-eabi-5_4-2016q3/bin/../lib/gcc/arm-none-eabi/5.4.1/../../../../arm-none-eabi/lib/armv7e-m/fpu/libc_nano.a(lib_a-nano-vfprintf_i.o)
 *(.eh_frame*)
 *fill*         0x0000000000027372        0x2 
 .eh_frame      0x0000000000027374        0x0 /usr/local/gcc-arm/gcc-arm-none-eabi-5_4-2016q3/bin/../lib/gcc/arm-none-eabi/5.4.1/armv7e-m/fpu/crtbegin.o
 .eh_frame      0x0000000000027374        0x4 /usr/local/gcc-arm/gcc-arm-none-eabi-5_4-2016q3/bin/../lib/gcc/arm-none-eabi/5.4.1/armv7e-m/fpu/crtend.o

.glue_7         0x0000000000027378        0x0
 .glue_7        0x0000000000027378        0x0 linker stubs

.glue_7t        0x0000000000027378        0x0
 .glue_7t       0x0000000000027378        0x0 linker stubs

.vfp11_veneer   0x0000000000027378        0x0
 .vfp11_veneer  0x0000000000027378        0x0 linker stubs

.v4_bx          0x0000000000027378        0x0
 .v4_bx         0x0000000000027378        0x0 linker stubs

.iplt           0x0000000000027378        0x0
 .iplt          0x0000000000027378        0x0 /usr/local/gcc-arm/gcc-arm-none-eabi-5_4-2016q3/bin/../lib/gcc/arm-none-eabi/5.4.1/armv7e-m/fpu/crtbegin.o

.pwr_mgmt_data  0x0000000000027378        0x0
                [!provide]                        PROVIDE (__start_pwr_mgmt_data, .)
 *(SORT(.pwr_mgmt_data*))
                [!provide]                        PROVIDE (__stop_pwr_mgmt_data, .)

.ARM.extab
 *(.ARM.extab* .gnu.linkonce.armextab.*)
                0x0000000000027378                __exidx_start = .

.ARM.exidx      0x0000000000027378        0x8
 *(.ARM.exidx* .gnu.linkonce.armexidx.*)
 .ARM.exidx     0x0000000000027378        0x8 /usr/local/gcc-arm/gcc-arm-none-eabi-5_4-2016q3/bin/../lib/gcc/arm-none-eabi/5.4.1/../../../../arm-none-eabi/lib/armv7e-m/fpu/crt0.o
                0x0000000000027380                __exidx_end = .
                0x0000000000027380                __etext = .

.rel.dyn        0x0000000000027380        0x0
 .rel.iplt      0x0000000000027380        0x0 /usr/local/gcc-arm/gcc-arm-none-eabi-5_4-2016q3/bin/../lib/gcc/arm-none-eabi/5.4.1/armv7e-m/fpu/crtbegin.o

.data           0x0000000020003718      0x1f4 load address 0x0000000000027380
                0x0000000020003718                __data_start__ = .
 *(vtable)
 *(.data*)
 .data.impure_data
                0x0000000020003718       0x60 /usr/local/gcc-arm/gcc-arm-none-eabi-5_4-2016q3/bin/../lib/gcc/arm-none-eabi/5.4.1/../../../../arm-none-eabi/lib/armv7e-m/fpu/libc_nano.a(lib_a-impure.o)
 .data._impure_ptr
                0x0000000020003778        0x4 /usr/local/gcc-arm/gcc-arm-none-eabi-5_4-2016q3/bin/../lib/gcc/arm-none-eabi/5.4.1/../../../../arm-none-eabi/lib/armv7e-m/fpu/libc_nano.a(lib_a-impure.o)
                0x0000000020003778                _impure_ptr
 .data.m_uart   0x000000002000377c        0x8 _build/nrf52840_xxaa_nrf_log_backend_serial.c.o
 .data.buttons.9608
                0x0000000020003784        0x8 _build/nrf52840_xxaa_main.c.o
 .data.m_conn_handle
                0x000000002000378c        0x2 _build/nrf52840_xxaa_main.c.o
 *fill*         0x000000002000378e        0x2 
 .data.SystemCoreClock
                0x0000000020003790        0x4 _build/nrf52840_xxaa_system_nrf52840.c.o
                0x0000000020003790                SystemCoreClock
 .data.__global_locale
                0x0000000020003794      0x16c /usr/local/gcc-arm/gcc-arm-none-eabi-5_4-2016q3/bin/../lib/gcc/arm-none-eabi/5.4.1/../../../../arm-none-eabi/lib/armv7e-m/fpu/libc_nano.a(lib_a-locale.o)
                0x0000000020003794                __global_locale
                0x0000000020003900                . = ALIGN (0x4)
                0x0000000020003900                PROVIDE (__preinit_array_start, .)
 *(.preinit_array)
                0x0000000020003900                PROVIDE (__preinit_array_end, .)
                0x0000000020003900                . = ALIGN (0x4)
                0x0000000020003900                PROVIDE (__init_array_start, .)
 *(SORT(.init_array.*))
 *(.init_array)
 .init_array    0x0000000020003900        0x4 /usr/local/gcc-arm/gcc-arm-none-eabi-5_4-2016q3/bin/../lib/gcc/arm-none-eabi/5.4.1/armv7e-m/fpu/crtbegin.o
                0x0000000020003904                PROVIDE (__init_array_end, .)
                0x0000000020003904                . = ALIGN (0x4)
                [!provide]                        PROVIDE (__fini_array_start, .)
 *(SORT(.fini_array.*))
 *(.fini_array)
 .fini_array    0x0000000020003904        0x4 /usr/local/gcc-arm/gcc-arm-none-eabi-5_4-2016q3/bin/../lib/gcc/arm-none-eabi/5.4.1/armv7e-m/fpu/crtbegin.o
                [!provide]                        PROVIDE (__fini_array_end, .)
 *(.jcr*)
 .jcr           0x0000000020003908        0x0 /usr/local/gcc-arm/gcc-arm-none-eabi-5_4-2016q3/bin/../lib/gcc/arm-none-eabi/5.4.1/armv7e-m/fpu/crtbegin.o
 .jcr           0x0000000020003908        0x4 /usr/local/gcc-arm/gcc-arm-none-eabi-5_4-2016q3/bin/../lib/gcc/arm-none-eabi/5.4.1/armv7e-m/fpu/crtend.o
                0x000000002000390c                . = ALIGN (0x4)
                0x000000002000390c                __data_end__ = .
LOAD /usr/local/gcc-arm/gcc-arm-none-eabi-5_4-2016q3/bin/../lib/gcc/arm-none-eabi/5.4.1/armv7e-m/fpu/crti.o
LOAD /usr/local/gcc-arm/gcc-arm-none-eabi-5_4-2016q3/bin/../lib/gcc/arm-none-eabi/5.4.1/armv7e-m/fpu/crtbegin.o
LOAD /usr/local/gcc-arm/gcc-arm-none-eabi-5_4-2016q3/bin/../lib/gcc/arm-none-eabi/5.4.1/../../../../arm-none-eabi/lib/armv7e-m/fpu/crt0.o
LOAD /usr/local/gcc-arm/gcc-arm-none-eabi-5_4-2016q3/bin/../lib/gcc/arm-none-eabi/5.4.1/../../../../arm-none-eabi/lib/armv7e-m/fpu/libc_nano.a
LOAD /usr/local/gcc-arm/gcc-arm-none-eabi-5_4-2016q3/bin/../lib/gcc/arm-none-eabi/5.4.1/../../../../arm-none-eabi/lib/armv7e-m/fpu/libnosys.a
LOAD _build/nrf52840_xxaa_nrf_log_backend_serial.c.o
LOAD _build/nrf52840_xxaa_nrf_log_frontend.c.o
LOAD _build/nrf52840_xxaa_app_button.c.o
LOAD _build/nrf52840_xxaa_app_error.c.o
LOAD _build/nrf52840_xxaa_app_error_weak.c.o
LOAD _build/nrf52840_xxaa_app_scheduler.c.o
LOAD _build/nrf52840_xxaa_app_timer.c.o
LOAD _build/nrf52840_xxaa_app_util_platform.c.o
LOAD _build/nrf52840_xxaa_hardfault_implementation.c.o
LOAD _build/nrf52840_xxaa_nrf_assert.c.o
LOAD _build/nrf52840_xxaa_nrf_strerror.c.o
LOAD _build/nrf52840_xxaa_boards.c.o
LOAD _build/nrf52840_xxaa_nrf_drv_clock.c.o
LOAD _build/nrf52840_xxaa_nrf_drv_common.c.o
LOAD _build/nrf52840_xxaa_nrf_drv_gpiote.c.o
LOAD _build/nrf52840_xxaa_nrf_drv_uart.c.o
LOAD _build/nrf52840_xxaa_main.c.o
LOAD _build/nrf52840_xxaa_RTT_Syscalls_GCC.c.o
LOAD _build/nrf52840_xxaa_SEGGER_RTT.c.o
LOAD _build/nrf52840_xxaa_SEGGER_RTT_printf.c.o
LOAD _build/nrf52840_xxaa_ble_advdata.c.o
LOAD _build/nrf52840_xxaa_ble_conn_params.c.o
LOAD _build/nrf52840_xxaa_ble_srv_common.c.o
LOAD _build/nrf52840_xxaa_nrf_ble_gatt.c.o
LOAD _build/nrf52840_xxaa_gcc_startup_nrf52840.S.o
LOAD _build/nrf52840_xxaa_system_nrf52840.c.o
LOAD _build/nrf52840_xxaa_ble_lbs.c.o
LOAD _build/nrf52840_xxaa_softdevice_handler.c.o
LOAD /usr/local/gcc-arm/gcc-arm-none-eabi-5_4-2016q3/bin/../lib/gcc/arm-none-eabi/5.4.1/../../../../arm-none-eabi/lib/armv7e-m/fpu/libm.a
START GROUP
LOAD /usr/local/gcc-arm/gcc-arm-none-eabi-5_4-2016q3/bin/../lib/gcc/arm-none-eabi/5.4.1/armv7e-m/fpu/libgcc.a
LOAD /usr/local/gcc-arm/gcc-arm-none-eabi-5_4-2016q3/bin/../lib/gcc/arm-none-eabi/5.4.1/../../../../arm-none-eabi/lib/armv7e-m/fpu/libc_nano.a
END GROUP
START GROUP
LOAD /usr/local/gcc-arm/gcc-arm-none-eabi-5_4-2016q3/bin/../lib/gcc/arm-none-eabi/5.4.1/armv7e-m/fpu/libgcc.a
LOAD /usr/local/gcc-arm/gcc-arm-none-eabi-5_4-2016q3/bin/../lib/gcc/arm-none-eabi/5.4.1/../../../../arm-none-eabi/lib/armv7e-m/fpu/libc_nano.a
END GROUP
LOAD /usr/local/gcc-arm/gcc-arm-none-eabi-5_4-2016q3/bin/../lib/gcc/arm-none-eabi/5.4.1/armv7e-m/fpu/crtend.o
LOAD /usr/local/gcc-arm/gcc-arm-none-eabi-5_4-2016q3/bin/../lib/gcc/arm-none-eabi/5.4.1/armv7e-m/fpu/crtn.o
START GROUP
LOAD /usr/local/gcc-arm/gcc-arm-none-eabi-5_4-2016q3/bin/../lib/gcc/arm-none-eabi/5.4.1/armv7e-m/fpu/libgcc.a
LOAD /usr/local/gcc-arm/gcc-arm-none-eabi-5_4-2016q3/bin/../lib/gcc/arm-none-eabi/5.4.1/../../../../arm-none-eabi/lib/armv7e-m/fpu/libc.a
LOAD /usr/local/gcc-arm/gcc-arm-none-eabi-5_4-2016q3/bin/../lib/gcc/arm-none-eabi/5.4.1/../../../../arm-none-eabi/lib/armv7e-m/fpu/libnosys.a
END GROUP

.igot.plt       0x000000002000390c        0x0 load address 0x0000000000027574
 .igot.plt      0x000000002000390c        0x0 /usr/local/gcc-arm/gcc-arm-none-eabi-5_4-2016q3/bin/../lib/gcc/arm-none-eabi/5.4.1/armv7e-m/fpu/crtbegin.o

.fs_data        0x000000002000390c        0x0
                [!provide]                        PROVIDE (__start_fs_data, .)
 *(.fs_data)
                [!provide]                        PROVIDE (__stop_fs_data, .)

.bss            0x000000002000390c      0x838 load address 0x0000000000027574
                0x000000002000390c                . = ALIGN (0x4)
                0x000000002000390c                __bss_start__ = .
 *(.bss*)
 .bss           0x000000002000390c       0x1c /usr/local/gcc-arm/gcc-arm-none-eabi-5_4-2016q3/bin/../lib/gcc/arm-none-eabi/5.4.1/armv7e-m/fpu/crtbegin.o
 .bss.m_uart_buffer
                0x0000000020003928      0x100 _build/nrf52840_xxaa_nrf_log_backend_serial.c.o
 .bss.m_rx_done
                0x0000000020003a28        0x1 _build/nrf52840_xxaa_nrf_log_backend_serial.c.o
 .bss.m_blocking_mode
                0x0000000020003a29        0x1 _build/nrf52840_xxaa_nrf_log_backend_serial.c.o
 .bss.m_initialized
                0x0000000020003a2a        0x1 _build/nrf52840_xxaa_nrf_log_backend_serial.c.o
 *fill*         0x0000000020003a2b        0x1 
 .bss.m_log_data
                0x0000000020003a2c      0x418 _build/nrf52840_xxaa_nrf_log_frontend.c.o
 .bss.m_detection_delay
                0x0000000020003e44        0x4 _build/nrf52840_xxaa_app_button.c.o
 .bss.mp_buttons
                0x0000000020003e48        0x4 _build/nrf52840_xxaa_app_button.c.o
 .bss.m_button_count
                0x0000000020003e4c        0x1 _build/nrf52840_xxaa_app_button.c.o
 *fill*         0x0000000020003e4d        0x3 
 .bss.m_detection_delay_timer_id_data
                0x0000000020003e50       0x20 _build/nrf52840_xxaa_app_button.c.o
 .bss.m_pin_state
                0x0000000020003e70        0x4 _build/nrf52840_xxaa_app_button.c.o
 .bss.m_pin_transition
                0x0000000020003e74        0x4 _build/nrf52840_xxaa_app_button.c.o
 .bss.m_ticks_latest
                0x0000000020003e78        0x4 _build/nrf52840_xxaa_app_timer.c.o
 .bss.mp_timer_id_head
                0x0000000020003e7c        0x4 _build/nrf52840_xxaa_app_timer.c.o
 .bss.m_ticks_elapsed_q_read_ind
                0x0000000020003e80        0x1 _build/nrf52840_xxaa_app_timer.c.o
 .bss.m_ticks_elapsed_q_write_ind
                0x0000000020003e81        0x1 _build/nrf52840_xxaa_app_timer.c.o
 .bss.m_rtc1_reset
                0x0000000020003e82        0x1 _build/nrf52840_xxaa_app_timer.c.o
 *fill*         0x0000000020003e83        0x1 
 .bss.m_op_queue
                0x0000000020003e84      0x10c _build/nrf52840_xxaa_app_timer.c.o
 .bss.m_ticks_elapsed
                0x0000000020003f90        0x8 _build/nrf52840_xxaa_app_timer.c.o
 .bss.m_rtc1_running
                0x0000000020003f98        0x1 _build/nrf52840_xxaa_app_timer.c.o
 *fill*         0x0000000020003f99        0x3 
 .bss.m_clock_cb
                0x0000000020003f9c       0x14 _build/nrf52840_xxaa_nrf_drv_clock.c.o
 .bss.m_cb      0x0000000020003fb0       0x68 _build/nrf52840_xxaa_nrf_drv_gpiote.c.o
 .bss.m_cb      0x0000000020004018       0x20 _build/nrf52840_xxaa_nrf_drv_uart.c.o
 .bss.m_lbs     0x0000000020004038       0x18 _build/nrf52840_xxaa_main.c.o
 .bss.m_gatt    0x0000000020004050       0x1c _build/nrf52840_xxaa_main.c.o
 .bss.BLE_EVT_BUFFER.9586
                0x000000002000406c       0x50 _build/nrf52840_xxaa_main.c.o
 .bss.m_change_param
                0x00000000200040bc        0x1 _build/nrf52840_xxaa_ble_conn_params.c.o
 *fill*         0x00000000200040bd        0x3 
 .bss.m_current_conn_params
                0x00000000200040c0        0x8 _build/nrf52840_xxaa_ble_conn_params.c.o
 .bss.m_update_count
                0x00000000200040c8        0x1 _build/nrf52840_xxaa_ble_conn_params.c.o
 *fill*         0x00000000200040c9        0x3 
 .bss.m_conn_params_config
                0x00000000200040cc       0x1c _build/nrf52840_xxaa_ble_conn_params.c.o
 .bss.m_conn_params_timer_id_data
                0x00000000200040e8       0x20 _build/nrf52840_xxaa_ble_conn_params.c.o
 .bss.m_conn_handle
                0x0000000020004108        0x2 _build/nrf52840_xxaa_ble_conn_params.c.o
 *fill*         0x000000002000410a        0x2 
 .bss.m_preferred_conn_params
                0x000000002000410c        0x8 _build/nrf52840_xxaa_ble_conn_params.c.o
 .bss.m_suspended
                0x0000000020004114        0x1 _build/nrf52840_xxaa_softdevice_handler.c.o
 .bss.m_softdevice_enabled
                0x0000000020004115        0x1 _build/nrf52840_xxaa_softdevice_handler.c.o
 .bss.m_ble_evt_buffer_size
                0x0000000020004116        0x2 _build/nrf52840_xxaa_softdevice_handler.c.o
 .bss.mp_ble_evt_buffer
                0x0000000020004118        0x4 _build/nrf52840_xxaa_softdevice_handler.c.o
 .bss.m_sys_evt_handler
                0x000000002000411c        0x4 _build/nrf52840_xxaa_softdevice_handler.c.o
 .bss.m_ble_evt_handler
                0x0000000020004120        0x4 _build/nrf52840_xxaa_softdevice_handler.c.o
 .bss.m_evt_schedule_func
                0x0000000020004124        0x4 _build/nrf52840_xxaa_softdevice_handler.c.o
 .bss.__malloc_sbrk_start
                0x0000000020004128        0x4 /usr/local/gcc-arm/gcc-arm-none-eabi-5_4-2016q3/bin/../lib/gcc/arm-none-eabi/5.4.1/../../../../arm-none-eabi/lib/armv7e-m/fpu/libc_nano.a(lib_a-nano-mallocr.o)
                0x0000000020004128                __malloc_sbrk_start
 .bss.__malloc_free_list
                0x000000002000412c        0x4 /usr/local/gcc-arm/gcc-arm-none-eabi-5_4-2016q3/bin/../lib/gcc/arm-none-eabi/5.4.1/../../../../arm-none-eabi/lib/armv7e-m/fpu/libc_nano.a(lib_a-nano-mallocr.o)
                0x000000002000412c                __malloc_free_list
 .bss.heap_end.4169
                0x0000000020004130        0x4 /usr/local/gcc-arm/gcc-arm-none-eabi-5_4-2016q3/bin/../lib/gcc/arm-none-eabi/5.4.1/../../../../arm-none-eabi/lib/armv7e-m/fpu/libnosys.a(sbrk.o)
 *(COMMON)
 COMMON         0x0000000020004134        0xc _build/nrf52840_xxaa_app_util_platform.c.o
                0x0000000020004134                nrf_nvic_state
 COMMON         0x0000000020004140        0x4 /usr/local/gcc-arm/gcc-arm-none-eabi-5_4-2016q3/bin/../lib/gcc/arm-none-eabi/5.4.1/../../../../arm-none-eabi/lib/armv7e-m/fpu/libc_nano.a(lib_a-reent.o)
                0x0000000020004140                errno
                0x0000000020004144                . = ALIGN (0x4)
                0x0000000020004144                __bss_end__ = .

.heap           0x0000000020004148     0x2000
                0x0000000020004148                __HeapBase = .
                0x0000000020004148                __end__ = .
                0x0000000020004148                PROVIDE (end, .)
 *(.heap*)
 .heap          0x0000000020004148     0x2000 _build/nrf52840_xxaa_gcc_startup_nrf52840.S.o
                0x0000000020006148                __HeapLimit = .

.stack_dummy    0x0000000020004148     0x2000
 *(.stack*)
 .stack         0x0000000020004148     0x2000 _build/nrf52840_xxaa_gcc_startup_nrf52840.S.o
                0x0000000020040000                __StackTop = (ORIGIN (RAM) + LENGTH (RAM))
                0x000000002003e000                __StackLimit = (__StackTop - SIZEOF (.stack_dummy))
                0x0000000020040000                PROVIDE (__stack, __StackTop)
                0x0000000000000001                ASSERT ((__StackLimit >= __HeapLimit), region RAM overflowed with stack)
OUTPUT(_build/nrf52840_xxaa.out elf32-littlearm)

.ARM.attributes
                0x0000000000000000       0x30
 .ARM.attributes
                0x0000000000000000       0x22 /usr/local/gcc-arm/gcc-arm-none-eabi-5_4-2016q3/bin/../lib/gcc/arm-none-eabi/5.4.1/armv7e-m/fpu/crti.o
 .ARM.attributes
                0x0000000000000022       0x34 /usr/local/gcc-arm/gcc-arm-none-eabi-5_4-2016q3/bin/../lib/gcc/arm-none-eabi/5.4.1/armv7e-m/fpu/crtbegin.o
 .ARM.attributes
                0x0000000000000056       0x20 /usr/local/gcc-arm/gcc-arm-none-eabi-5_4-2016q3/bin/../lib/gcc/arm-none-eabi/5.4.1/../../../../arm-none-eabi/lib/armv7e-m/fpu/crt0.o
 .ARM.attributes
                0x0000000000000076       0x34 /usr/local/gcc-arm/gcc-arm-none-eabi-5_4-2016q3/bin/../lib/gcc/arm-none-eabi/5.4.1/../../../../arm-none-eabi/lib/armv7e-m/fpu/libc_nano.a(lib_a-exit.o)
 .ARM.attributes
                0x00000000000000aa       0x34 /usr/local/gcc-arm/gcc-arm-none-eabi-5_4-2016q3/bin/../lib/gcc/arm-none-eabi/5.4.1/../../../../arm-none-eabi/lib/armv7e-m/fpu/libc_nano.a(lib_a-impure.o)
 .ARM.attributes
                0x00000000000000de       0x34 /usr/local/gcc-arm/gcc-arm-none-eabi-5_4-2016q3/bin/../lib/gcc/arm-none-eabi/5.4.1/../../../../arm-none-eabi/lib/armv7e-m/fpu/libc_nano.a(lib_a-init.o)
 .ARM.attributes
                0x0000000000000112       0x34 /usr/local/gcc-arm/gcc-arm-none-eabi-5_4-2016q3/bin/../lib/gcc/arm-none-eabi/5.4.1/../../../../arm-none-eabi/lib/armv7e-m/fpu/libc_nano.a(lib_a-memset.o)
 .ARM.attributes
                0x0000000000000146       0x34 /usr/local/gcc-arm/gcc-arm-none-eabi-5_4-2016q3/bin/../lib/gcc/arm-none-eabi/5.4.1/../../../../arm-none-eabi/lib/armv7e-m/fpu/libnosys.a(_exit.o)
 .ARM.attributes
                0x000000000000017a       0x39 _build/nrf52840_xxaa_nrf_log_backend_serial.c.o
 .ARM.attributes
                0x00000000000001b3       0x39 _build/nrf52840_xxaa_nrf_log_frontend.c.o
 .ARM.attributes
                0x00000000000001ec       0x39 _build/nrf52840_xxaa_app_button.c.o
 .ARM.attributes
                0x0000000000000225       0x39 _build/nrf52840_xxaa_app_error.c.o
 .ARM.attributes
                0x000000000000025e       0x39 _build/nrf52840_xxaa_app_error_weak.c.o
 .ARM.attributes
                0x0000000000000297       0x39 _build/nrf52840_xxaa_app_timer.c.o
 .ARM.attributes
                0x00000000000002d0       0x39 _build/nrf52840_xxaa_app_util_platform.c.o
 .ARM.attributes
                0x0000000000000309       0x39 _build/nrf52840_xxaa_boards.c.o
 .ARM.attributes
                0x0000000000000342       0x39 _build/nrf52840_xxaa_nrf_drv_clock.c.o
 .ARM.attributes
                0x000000000000037b       0x39 _build/nrf52840_xxaa_nrf_drv_common.c.o
 .ARM.attributes
                0x00000000000003b4       0x39 _build/nrf52840_xxaa_nrf_drv_gpiote.c.o
 .ARM.attributes
                0x00000000000003ed       0x39 _build/nrf52840_xxaa_nrf_drv_uart.c.o
 .ARM.attributes
                0x0000000000000426       0x39 _build/nrf52840_xxaa_main.c.o
 .ARM.attributes
                0x000000000000045f       0x39 _build/nrf52840_xxaa_ble_advdata.c.o
 .ARM.attributes
                0x0000000000000498       0x39 _build/nrf52840_xxaa_ble_conn_params.c.o
 .ARM.attributes
                0x00000000000004d1       0x39 _build/nrf52840_xxaa_ble_srv_common.c.o
 .ARM.attributes
                0x000000000000050a       0x39 _build/nrf52840_xxaa_nrf_ble_gatt.c.o
 .ARM.attributes
                0x0000000000000543       0x1c _build/nrf52840_xxaa_gcc_startup_nrf52840.S.o
 .ARM.attributes
                0x000000000000055f       0x39 _build/nrf52840_xxaa_system_nrf52840.c.o
 .ARM.attributes
                0x0000000000000598       0x39 _build/nrf52840_xxaa_ble_lbs.c.o
 .ARM.attributes
                0x00000000000005d1       0x39 _build/nrf52840_xxaa_softdevice_handler.c.o
 .ARM.attributes
                0x000000000000060a       0x34 /usr/local/gcc-arm/gcc-arm-none-eabi-5_4-2016q3/bin/../lib/gcc/arm-none-eabi/5.4.1/../../../../arm-none-eabi/lib/armv7e-m/fpu/libc_nano.a(lib_a-locale.o)
 .ARM.attributes
                0x000000000000063e       0x34 /usr/local/gcc-arm/gcc-arm-none-eabi-5_4-2016q3/bin/../lib/gcc/arm-none-eabi/5.4.1/../../../../arm-none-eabi/lib/armv7e-m/fpu/libc_nano.a(lib_a-mbtowc_r.o)
 .ARM.attributes
                0x0000000000000672       0x34 /usr/local/gcc-arm/gcc-arm-none-eabi-5_4-2016q3/bin/../lib/gcc/arm-none-eabi/5.4.1/../../../../arm-none-eabi/lib/armv7e-m/fpu/libc_nano.a(lib_a-memcpy-stub.o)
 .ARM.attributes
                0x00000000000006a6       0x34 /usr/local/gcc-arm/gcc-arm-none-eabi-5_4-2016q3/bin/../lib/gcc/arm-none-eabi/5.4.1/../../../../arm-none-eabi/lib/armv7e-m/fpu/libc_nano.a(lib_a-snprintf.o)
 .ARM.attributes
                0x00000000000006da       0x1b /usr/local/gcc-arm/gcc-arm-none-eabi-5_4-2016q3/bin/../lib/gcc/arm-none-eabi/5.4.1/../../../../arm-none-eabi/lib/armv7e-m/fpu/libc_nano.a(lib_a-strlen.o)
 .ARM.attributes
                0x00000000000006f5       0x34 /usr/local/gcc-arm/gcc-arm-none-eabi-5_4-2016q3/bin/../lib/gcc/arm-none-eabi/5.4.1/../../../../arm-none-eabi/lib/armv7e-m/fpu/libc_nano.a(lib_a-wctomb_r.o)
 .ARM.attributes
                0x0000000000000729       0x34 /usr/local/gcc-arm/gcc-arm-none-eabi-5_4-2016q3/bin/../lib/gcc/arm-none-eabi/5.4.1/../../../../arm-none-eabi/lib/armv7e-m/fpu/libc_nano.a(lib_a-ctype_.o)
 .ARM.attributes
                0x000000000000075d       0x34 /usr/local/gcc-arm/gcc-arm-none-eabi-5_4-2016q3/bin/../lib/gcc/arm-none-eabi/5.4.1/../../../../arm-none-eabi/lib/armv7e-m/fpu/libc_nano.a(lib_a-nano-svfprintf.o)
 .ARM.attributes
                0x0000000000000791       0x34 /usr/local/gcc-arm/gcc-arm-none-eabi-5_4-2016q3/bin/../lib/gcc/arm-none-eabi/5.4.1/../../../../arm-none-eabi/lib/armv7e-m/fpu/libc_nano.a(lib_a-nano-vfprintf_i.o)
 .ARM.attributes
                0x00000000000007c5       0x20 /usr/local/gcc-arm/gcc-arm-none-eabi-5_4-2016q3/bin/../lib/gcc/arm-none-eabi/5.4.1/../../../../arm-none-eabi/lib/armv7e-m/fpu/libc_nano.a(lib_a-memchr.o)
 .ARM.attributes
                0x00000000000007e5       0x34 /usr/local/gcc-arm/gcc-arm-none-eabi-5_4-2016q3/bin/../lib/gcc/arm-none-eabi/5.4.1/../../../../arm-none-eabi/lib/armv7e-m/fpu/libc_nano.a(lib_a-memmove.o)
 .ARM.attributes
                0x0000000000000819       0x34 /usr/local/gcc-arm/gcc-arm-none-eabi-5_4-2016q3/bin/../lib/gcc/arm-none-eabi/5.4.1/../../../../arm-none-eabi/lib/armv7e-m/fpu/libc_nano.a(lib_a-nano-freer.o)
 .ARM.attributes
                0x000000000000084d       0x34 /usr/local/gcc-arm/gcc-arm-none-eabi-5_4-2016q3/bin/../lib/gcc/arm-none-eabi/5.4.1/../../../../arm-none-eabi/lib/armv7e-m/fpu/libc_nano.a(lib_a-nano-mallocr.o)
 .ARM.attributes
                0x0000000000000881       0x34 /usr/local/gcc-arm/gcc-arm-none-eabi-5_4-2016q3/bin/../lib/gcc/arm-none-eabi/5.4.1/../../../../arm-none-eabi/lib/armv7e-m/fpu/libc_nano.a(lib_a-nano-reallocr.o)
 .ARM.attributes
                0x00000000000008b5       0x34 /usr/local/gcc-arm/gcc-arm-none-eabi-5_4-2016q3/bin/../lib/gcc/arm-none-eabi/5.4.1/../../../../arm-none-eabi/lib/armv7e-m/fpu/libc_nano.a(lib_a-sbrkr.o)
 .ARM.attributes
                0x00000000000008e9       0x34 /usr/local/gcc-arm/gcc-arm-none-eabi-5_4-2016q3/bin/../lib/gcc/arm-none-eabi/5.4.1/../../../../arm-none-eabi/lib/armv7e-m/fpu/libc_nano.a(lib_a-mlock.o)
 .ARM.attributes
                0x000000000000091d       0x34 /usr/local/gcc-arm/gcc-arm-none-eabi-5_4-2016q3/bin/../lib/gcc/arm-none-eabi/5.4.1/../../../../arm-none-eabi/lib/armv7e-m/fpu/libc_nano.a(lib_a-nano-msizer.o)
 .ARM.attributes
                0x0000000000000951       0x34 /usr/local/gcc-arm/gcc-arm-none-eabi-5_4-2016q3/bin/../lib/gcc/arm-none-eabi/5.4.1/../../../../arm-none-eabi/lib/armv7e-m/fpu/libc_nano.a(lib_a-reent.o)
 .ARM.attributes
                0x0000000000000985       0x34 /usr/local/gcc-arm/gcc-arm-none-eabi-5_4-2016q3/bin/../lib/gcc/arm-none-eabi/5.4.1/armv7e-m/fpu/crtend.o
 .ARM.attributes
                0x00000000000009b9       0x22 /usr/local/gcc-arm/gcc-arm-none-eabi-5_4-2016q3/bin/../lib/gcc/arm-none-eabi/5.4.1/armv7e-m/fpu/crtn.o
 .ARM.attributes
                0x00000000000009db       0x34 /usr/local/gcc-arm/gcc-arm-none-eabi-5_4-2016q3/bin/../lib/gcc/arm-none-eabi/5.4.1/../../../../arm-none-eabi/lib/armv7e-m/fpu/libnosys.a(sbrk.o)

.comment        0x0000000000000000       0x6e
 .comment       0x0000000000000000       0x6e _build/nrf52840_xxaa_nrf_log_backend_serial.c.o
                                         0x6f (size before relaxing)
 .comment       0x000000000000006e       0x6f _build/nrf52840_xxaa_nrf_log_frontend.c.o
 .comment       0x000000000000006e       0x6f _build/nrf52840_xxaa_app_button.c.o
 .comment       0x000000000000006e       0x6f _build/nrf52840_xxaa_app_error.c.o
 .comment       0x000000000000006e       0x6f _build/nrf52840_xxaa_app_error_weak.c.o
 .comment       0x000000000000006e       0x6f _build/nrf52840_xxaa_app_timer.c.o
 .comment       0x000000000000006e       0x6f _build/nrf52840_xxaa_app_util_platform.c.o
 .comment       0x000000000000006e       0x6f _build/nrf52840_xxaa_boards.c.o
 .comment       0x000000000000006e       0x6f _build/nrf52840_xxaa_nrf_drv_clock.c.o
 .comment       0x000000000000006e       0x6f _build/nrf52840_xxaa_nrf_drv_common.c.o
 .comment       0x000000000000006e       0x6f _build/nrf52840_xxaa_nrf_drv_gpiote.c.o
 .comment       0x000000000000006e       0x6f _build/nrf52840_xxaa_nrf_drv_uart.c.o
 .comment       0x000000000000006e       0x6f _build/nrf52840_xxaa_main.c.o
 .comment       0x000000000000006e       0x6f _build/nrf52840_xxaa_ble_advdata.c.o
 .comment       0x000000000000006e       0x6f _build/nrf52840_xxaa_ble_conn_params.c.o
 .comment       0x000000000000006e       0x6f _build/nrf52840_xxaa_ble_srv_common.c.o
 .comment       0x000000000000006e       0x6f _build/nrf52840_xxaa_nrf_ble_gatt.c.o
 .comment       0x000000000000006e       0x6f _build/nrf52840_xxaa_system_nrf52840.c.o
 .comment       0x000000000000006e       0x6f _build/nrf52840_xxaa_ble_lbs.c.o
 .comment       0x000000000000006e       0x6f _build/nrf52840_xxaa_softdevice_handler.c.o

.debug_frame    0x0000000000000000     0x1b30
 .debug_frame   0x0000000000000000       0x28 /usr/local/gcc-arm/gcc-arm-none-eabi-5_4-2016q3/bin/../lib/gcc/arm-none-eabi/5.4.1/../../../../arm-none-eabi/lib/armv7e-m/fpu/libc_nano.a(lib_a-exit.o)
 .debug_frame   0x0000000000000028       0x2c /usr/local/gcc-arm/gcc-arm-none-eabi-5_4-2016q3/bin/../lib/gcc/arm-none-eabi/5.4.1/../../../../arm-none-eabi/lib/armv7e-m/fpu/libc_nano.a(lib_a-init.o)
 .debug_frame   0x0000000000000054       0x20 /usr/local/gcc-arm/gcc-arm-none-eabi-5_4-2016q3/bin/../lib/gcc/arm-none-eabi/5.4.1/../../../../arm-none-eabi/lib/armv7e-m/fpu/libc_nano.a(lib_a-memset.o)
 .debug_frame   0x0000000000000074       0x20 /usr/local/gcc-arm/gcc-arm-none-eabi-5_4-2016q3/bin/../lib/gcc/arm-none-eabi/5.4.1/../../../../arm-none-eabi/lib/armv7e-m/fpu/libnosys.a(_exit.o)
 .debug_frame   0x0000000000000094       0xec _build/nrf52840_xxaa_nrf_log_backend_serial.c.o
 .debug_frame   0x0000000000000180      0x294 _build/nrf52840_xxaa_nrf_log_frontend.c.o
 .debug_frame   0x0000000000000414       0xe0 _build/nrf52840_xxaa_app_button.c.o
 .debug_frame   0x00000000000004f4       0x70 _build/nrf52840_xxaa_app_error.c.o
 .debug_frame   0x0000000000000564       0x28 _build/nrf52840_xxaa_app_error_weak.c.o
 .debug_frame   0x000000000000058c      0x150 _build/nrf52840_xxaa_app_timer.c.o
 .debug_frame   0x00000000000006dc       0x94 _build/nrf52840_xxaa_app_util_platform.c.o
 .debug_frame   0x0000000000000770      0x110 _build/nrf52840_xxaa_boards.c.o
 .debug_frame   0x0000000000000880      0x1f8 _build/nrf52840_xxaa_nrf_drv_clock.c.o
 .debug_frame   0x0000000000000a78       0x3c _build/nrf52840_xxaa_nrf_drv_common.c.o
 .debug_frame   0x0000000000000ab4      0x260 _build/nrf52840_xxaa_nrf_drv_gpiote.c.o
 .debug_frame   0x0000000000000d14      0x1c0 _build/nrf52840_xxaa_nrf_drv_uart.c.o
 .debug_frame   0x0000000000000ed4      0x170 _build/nrf52840_xxaa_main.c.o
 .debug_frame   0x0000000000001044      0x100 _build/nrf52840_xxaa_ble_advdata.c.o
 .debug_frame   0x0000000000001144      0x138 _build/nrf52840_xxaa_ble_conn_params.c.o
 .debug_frame   0x000000000000127c       0xcc _build/nrf52840_xxaa_ble_srv_common.c.o
 .debug_frame   0x0000000000001348       0xe4 _build/nrf52840_xxaa_nrf_ble_gatt.c.o
 .debug_frame   0x000000000000142c       0x44 _build/nrf52840_xxaa_system_nrf52840.c.o
 .debug_frame   0x0000000000001470       0xbc _build/nrf52840_xxaa_ble_lbs.c.o
 .debug_frame   0x000000000000152c      0x1b0 _build/nrf52840_xxaa_softdevice_handler.c.o
 .debug_frame   0x00000000000016dc       0x88 /usr/local/gcc-arm/gcc-arm-none-eabi-5_4-2016q3/bin/../lib/gcc/arm-none-eabi/5.4.1/../../../../arm-none-eabi/lib/armv7e-m/fpu/libc_nano.a(lib_a-locale.o)
 .debug_frame   0x0000000000001764       0x44 /usr/local/gcc-arm/gcc-arm-none-eabi-5_4-2016q3/bin/../lib/gcc/arm-none-eabi/5.4.1/../../../../arm-none-eabi/lib/armv7e-m/fpu/libc_nano.a(lib_a-mbtowc_r.o)
 .debug_frame   0x00000000000017a8       0x28 /usr/local/gcc-arm/gcc-arm-none-eabi-5_4-2016q3/bin/../lib/gcc/arm-none-eabi/5.4.1/../../../../arm-none-eabi/lib/armv7e-m/fpu/libc_nano.a(lib_a-memcpy-stub.o)
 .debug_frame   0x00000000000017d0       0x74 /usr/local/gcc-arm/gcc-arm-none-eabi-5_4-2016q3/bin/../lib/gcc/arm-none-eabi/5.4.1/../../../../arm-none-eabi/lib/armv7e-m/fpu/libc_nano.a(lib_a-snprintf.o)
 .debug_frame   0x0000000000001844       0x3c /usr/local/gcc-arm/gcc-arm-none-eabi-5_4-2016q3/bin/../lib/gcc/arm-none-eabi/5.4.1/../../../../arm-none-eabi/lib/armv7e-m/fpu/libc_nano.a(lib_a-wctomb_r.o)
 .debug_frame   0x0000000000001880       0x90 /usr/local/gcc-arm/gcc-arm-none-eabi-5_4-2016q3/bin/../lib/gcc/arm-none-eabi/5.4.1/../../../../arm-none-eabi/lib/armv7e-m/fpu/libc_nano.a(lib_a-nano-svfprintf.o)
 .debug_frame   0x0000000000001910       0x60 /usr/local/gcc-arm/gcc-arm-none-eabi-5_4-2016q3/bin/../lib/gcc/arm-none-eabi/5.4.1/../../../../arm-none-eabi/lib/armv7e-m/fpu/libc_nano.a(lib_a-nano-vfprintf_i.o)
 .debug_frame   0x0000000000001970       0x28 /usr/local/gcc-arm/gcc-arm-none-eabi-5_4-2016q3/bin/../lib/gcc/arm-none-eabi/5.4.1/../../../../arm-none-eabi/lib/armv7e-m/fpu/libc_nano.a(lib_a-memmove.o)
 .debug_frame   0x0000000000001998       0x38 /usr/local/gcc-arm/gcc-arm-none-eabi-5_4-2016q3/bin/../lib/gcc/arm-none-eabi/5.4.1/../../../../arm-none-eabi/lib/armv7e-m/fpu/libc_nano.a(lib_a-nano-freer.o)
 .debug_frame   0x00000000000019d0       0x2c /usr/local/gcc-arm/gcc-arm-none-eabi-5_4-2016q3/bin/../lib/gcc/arm-none-eabi/5.4.1/../../../../arm-none-eabi/lib/armv7e-m/fpu/libc_nano.a(lib_a-nano-mallocr.o)
 .debug_frame   0x00000000000019fc       0x3c /usr/local/gcc-arm/gcc-arm-none-eabi-5_4-2016q3/bin/../lib/gcc/arm-none-eabi/5.4.1/../../../../arm-none-eabi/lib/armv7e-m/fpu/libc_nano.a(lib_a-nano-reallocr.o)
 .debug_frame   0x0000000000001a38       0x2c /usr/local/gcc-arm/gcc-arm-none-eabi-5_4-2016q3/bin/../lib/gcc/arm-none-eabi/5.4.1/../../../../arm-none-eabi/lib/armv7e-m/fpu/libc_nano.a(lib_a-sbrkr.o)
 .debug_frame   0x0000000000001a64       0x30 /usr/local/gcc-arm/gcc-arm-none-eabi-5_4-2016q3/bin/../lib/gcc/arm-none-eabi/5.4.1/../../../../arm-none-eabi/lib/armv7e-m/fpu/libc_nano.a(lib_a-mlock.o)
 .debug_frame   0x0000000000001a94       0x20 /usr/local/gcc-arm/gcc-arm-none-eabi-5_4-2016q3/bin/../lib/gcc/arm-none-eabi/5.4.1/../../../../arm-none-eabi/lib/armv7e-m/fpu/libc_nano.a(lib_a-nano-msizer.o)
 .debug_frame   0x0000000000001ab4       0x5c /usr/local/gcc-arm/gcc-arm-none-eabi-5_4-2016q3/bin/../lib/gcc/arm-none-eabi/5.4.1/../../../../arm-none-eabi/lib/armv7e-m/fpu/libc_nano.a(lib_a-reent.o)
 .debug_frame   0x0000000000001b10       0x20 /usr/local/gcc-arm/gcc-arm-none-eabi-5_4-2016q3/bin/../lib/gcc/arm-none-eabi/5.4.1/../../../../arm-none-eabi/lib/armv7e-m/fpu/libnosys.a(sbrk.o)

.debug_info     0x0000000000000000    0x1eb4b
 .debug_info    0x0000000000000000     0x1651 _build/nrf52840_xxaa_nrf_log_backend_serial.c.o
 .debug_info    0x0000000000001651     0x1565 _build/nrf52840_xxaa_nrf_log_frontend.c.o
 .debug_info    0x0000000000002bb6      0x623 _build/nrf52840_xxaa_app_button.c.o
 .debug_info    0x00000000000031d9      0x3a0 _build/nrf52840_xxaa_app_error.c.o
 .debug_info    0x0000000000003579      0x3ea _build/nrf52840_xxaa_app_error_weak.c.o
 .debug_info    0x0000000000003963     0x1acd _build/nrf52840_xxaa_app_timer.c.o
 .debug_info    0x0000000000005430      0x9a4 _build/nrf52840_xxaa_app_util_platform.c.o
 .debug_info    0x0000000000005dd4      0xc48 _build/nrf52840_xxaa_boards.c.o
 .debug_info    0x0000000000006a1c     0x1773 _build/nrf52840_xxaa_nrf_drv_clock.c.o
 .debug_info    0x000000000000818f      0x6ea _build/nrf52840_xxaa_nrf_drv_common.c.o
 .debug_info    0x0000000000008879     0x29c9 _build/nrf52840_xxaa_nrf_drv_gpiote.c.o
 .debug_info    0x000000000000b242     0x4600 _build/nrf52840_xxaa_nrf_drv_uart.c.o
 .debug_info    0x000000000000f842     0x391f _build/nrf52840_xxaa_main.c.o
 .debug_info    0x0000000000013161     0x1b2c _build/nrf52840_xxaa_ble_advdata.c.o
 .debug_info    0x0000000000014c8d     0x1cb4 _build/nrf52840_xxaa_ble_conn_params.c.o
 .debug_info    0x0000000000016941      0xcb5 _build/nrf52840_xxaa_ble_srv_common.c.o
 .debug_info    0x00000000000175f6     0x210c _build/nrf52840_xxaa_nrf_ble_gatt.c.o
 .debug_info    0x0000000000019702      0xf45 _build/nrf52840_xxaa_system_nrf52840.c.o
 .debug_info    0x000000000001a647     0x1d6e _build/nrf52840_xxaa_ble_lbs.c.o
 .debug_info    0x000000000001c3b5     0x2796 _build/nrf52840_xxaa_softdevice_handler.c.o

.debug_abbrev   0x0000000000000000     0x3e5f
 .debug_abbrev  0x0000000000000000      0x3db _build/nrf52840_xxaa_nrf_log_backend_serial.c.o
 .debug_abbrev  0x00000000000003db      0x354 _build/nrf52840_xxaa_nrf_log_frontend.c.o
 .debug_abbrev  0x000000000000072f      0x1e1 _build/nrf52840_xxaa_app_button.c.o
 .debug_abbrev  0x0000000000000910      0x14c _build/nrf52840_xxaa_app_error.c.o
 .debug_abbrev  0x0000000000000a5c      0x189 _build/nrf52840_xxaa_app_error_weak.c.o
 .debug_abbrev  0x0000000000000be5      0x40d _build/nrf52840_xxaa_app_timer.c.o
 .debug_abbrev  0x0000000000000ff2      0x2ad _build/nrf52840_xxaa_app_util_platform.c.o
 .debug_abbrev  0x000000000000129f      0x294 _build/nrf52840_xxaa_boards.c.o
 .debug_abbrev  0x0000000000001533      0x482 _build/nrf52840_xxaa_nrf_drv_clock.c.o
 .debug_abbrev  0x00000000000019b5      0x1ad _build/nrf52840_xxaa_nrf_drv_common.c.o
 .debug_abbrev  0x0000000000001b62      0x3fe _build/nrf52840_xxaa_nrf_drv_gpiote.c.o
 .debug_abbrev  0x0000000000001f60      0x3ce _build/nrf52840_xxaa_nrf_drv_uart.c.o
 .debug_abbrev  0x000000000000232e      0x3f5 _build/nrf52840_xxaa_main.c.o
 .debug_abbrev  0x0000000000002723      0x369 _build/nrf52840_xxaa_ble_advdata.c.o
 .debug_abbrev  0x0000000000002a8c      0x409 _build/nrf52840_xxaa_ble_conn_params.c.o
 .debug_abbrev  0x0000000000002e95      0x24f _build/nrf52840_xxaa_ble_srv_common.c.o
 .debug_abbrev  0x00000000000030e4      0x3b5 _build/nrf52840_xxaa_nrf_ble_gatt.c.o
 .debug_abbrev  0x0000000000003499      0x1d6 _build/nrf52840_xxaa_system_nrf52840.c.o
 .debug_abbrev  0x000000000000366f      0x31c _build/nrf52840_xxaa_ble_lbs.c.o
 .debug_abbrev  0x000000000000398b      0x4d4 _build/nrf52840_xxaa_softdevice_handler.c.o

.debug_loc      0x0000000000000000     0xe372
 .debug_loc     0x0000000000000000      0xfe9 _build/nrf52840_xxaa_nrf_log_backend_serial.c.o
 .debug_loc     0x0000000000000fe9     0x1dc6 _build/nrf52840_xxaa_nrf_log_frontend.c.o
 .debug_loc     0x0000000000002daf      0x37f _build/nrf52840_xxaa_app_button.c.o
 .debug_loc     0x000000000000312e      0x145 _build/nrf52840_xxaa_app_error.c.o
 .debug_loc     0x0000000000003273       0x63 _build/nrf52840_xxaa_app_error_weak.c.o
 .debug_loc     0x00000000000032d6      0xe3f _build/nrf52840_xxaa_app_timer.c.o
 .debug_loc     0x0000000000004115       0xe4 _build/nrf52840_xxaa_app_util_platform.c.o
 .debug_loc     0x00000000000041f9      0x60f _build/nrf52840_xxaa_boards.c.o
 .debug_loc     0x0000000000004808      0x511 _build/nrf52840_xxaa_nrf_drv_clock.c.o
 .debug_loc     0x0000000000004d19       0xea _build/nrf52840_xxaa_nrf_drv_common.c.o
 .debug_loc     0x0000000000004e03     0x2bd3 _build/nrf52840_xxaa_nrf_drv_gpiote.c.o
 .debug_loc     0x00000000000079d6     0x29d0 _build/nrf52840_xxaa_nrf_drv_uart.c.o
 .debug_loc     0x000000000000a3a6      0x7a8 _build/nrf52840_xxaa_main.c.o
 .debug_loc     0x000000000000ab4e     0x1acf _build/nrf52840_xxaa_ble_advdata.c.o
 .debug_loc     0x000000000000c61d      0x3ba _build/nrf52840_xxaa_ble_conn_params.c.o
 .debug_loc     0x000000000000c9d7      0x56c _build/nrf52840_xxaa_ble_srv_common.c.o
 .debug_loc     0x000000000000cf43      0xba3 _build/nrf52840_xxaa_nrf_ble_gatt.c.o
 .debug_loc     0x000000000000dae6      0x343 _build/nrf52840_xxaa_ble_lbs.c.o
 .debug_loc     0x000000000000de29      0x549 _build/nrf52840_xxaa_softdevice_handler.c.o

.debug_aranges  0x0000000000000000      0x828
 .debug_aranges
                0x0000000000000000       0x50 _build/nrf52840_xxaa_nrf_log_backend_serial.c.o
 .debug_aranges
                0x0000000000000050       0x98 _build/nrf52840_xxaa_nrf_log_frontend.c.o
 .debug_aranges
                0x00000000000000e8       0x48 _build/nrf52840_xxaa_app_button.c.o
 .debug_aranges
                0x0000000000000130       0x30 _build/nrf52840_xxaa_app_error.c.o
 .debug_aranges
                0x0000000000000160       0x20 _build/nrf52840_xxaa_app_error_weak.c.o
 .debug_aranges
                0x0000000000000180       0x70 _build/nrf52840_xxaa_app_timer.c.o
 .debug_aranges
                0x00000000000001f0       0x48 _build/nrf52840_xxaa_app_util_platform.c.o
 .debug_aranges
                0x0000000000000238       0x80 _build/nrf52840_xxaa_boards.c.o
 .debug_aranges
                0x00000000000002b8       0xb0 _build/nrf52840_xxaa_nrf_drv_clock.c.o
 .debug_aranges
                0x0000000000000368       0x28 _build/nrf52840_xxaa_nrf_drv_common.c.o
 .debug_aranges
                0x0000000000000390       0xd8 _build/nrf52840_xxaa_nrf_drv_gpiote.c.o
 .debug_aranges
                0x0000000000000468       0x78 _build/nrf52840_xxaa_nrf_drv_uart.c.o
 .debug_aranges
                0x00000000000004e0       0xa0 _build/nrf52840_xxaa_main.c.o
 .debug_aranges
                0x0000000000000580       0x58 _build/nrf52840_xxaa_ble_advdata.c.o
 .debug_aranges
                0x00000000000005d8       0x68 _build/nrf52840_xxaa_ble_conn_params.c.o
 .debug_aranges
                0x0000000000000640       0x58 _build/nrf52840_xxaa_ble_srv_common.c.o
 .debug_aranges
                0x0000000000000698       0x68 _build/nrf52840_xxaa_nrf_ble_gatt.c.o
 .debug_aranges
                0x0000000000000700       0x28 _build/nrf52840_xxaa_system_nrf52840.c.o
 .debug_aranges
                0x0000000000000728       0x50 _build/nrf52840_xxaa_ble_lbs.c.o
 .debug_aranges
                0x0000000000000778       0xb0 _build/nrf52840_xxaa_softdevice_handler.c.o

.debug_ranges   0x0000000000000000     0x2da8
 .debug_ranges  0x0000000000000000      0x178 _build/nrf52840_xxaa_nrf_log_backend_serial.c.o
 .debug_ranges  0x0000000000000178      0x2f8 _build/nrf52840_xxaa_nrf_log_frontend.c.o
 .debug_ranges  0x0000000000000470       0xa0 _build/nrf52840_xxaa_app_button.c.o
 .debug_ranges  0x0000000000000510       0x20 _build/nrf52840_xxaa_app_error.c.o
 .debug_ranges  0x0000000000000530       0x10 _build/nrf52840_xxaa_app_error_weak.c.o
 .debug_ranges  0x0000000000000540      0x4d0 _build/nrf52840_xxaa_app_timer.c.o
 .debug_ranges  0x0000000000000a10       0x80 _build/nrf52840_xxaa_app_util_platform.c.o
 .debug_ranges  0x0000000000000a90       0xe8 _build/nrf52840_xxaa_boards.c.o
 .debug_ranges  0x0000000000000b78      0x3d0 _build/nrf52840_xxaa_nrf_drv_clock.c.o
 .debug_ranges  0x0000000000000f48       0x38 _build/nrf52840_xxaa_nrf_drv_common.c.o
 .debug_ranges  0x0000000000000f80      0xc58 _build/nrf52840_xxaa_nrf_drv_gpiote.c.o
 .debug_ranges  0x0000000000001bd8      0x7f0 _build/nrf52840_xxaa_nrf_drv_uart.c.o
 .debug_ranges  0x00000000000023c8      0x160 _build/nrf52840_xxaa_main.c.o
 .debug_ranges  0x0000000000002528      0x310 _build/nrf52840_xxaa_ble_advdata.c.o
 .debug_ranges  0x0000000000002838       0xd0 _build/nrf52840_xxaa_ble_conn_params.c.o
 .debug_ranges  0x0000000000002908      0x160 _build/nrf52840_xxaa_ble_srv_common.c.o
 .debug_ranges  0x0000000000002a68       0xc8 _build/nrf52840_xxaa_nrf_ble_gatt.c.o
 .debug_ranges  0x0000000000002b30       0x30 _build/nrf52840_xxaa_system_nrf52840.c.o
 .debug_ranges  0x0000000000002b60       0x68 _build/nrf52840_xxaa_ble_lbs.c.o
 .debug_ranges  0x0000000000002bc8      0x1e0 _build/nrf52840_xxaa_softdevice_handler.c.o

.debug_macro    0x0000000000000000    0x19830
 .debug_macro   0x0000000000000000      0x355 _build/nrf52840_xxaa_nrf_log_backend_serial.c.o
 .debug_macro   0x0000000000000355      0x8aa _build/nrf52840_xxaa_nrf_log_backend_serial.c.o
 .debug_macro   0x0000000000000bff       0x22 _build/nrf52840_xxaa_nrf_log_backend_serial.c.o
 .debug_macro   0x0000000000000c21       0x4f _build/nrf52840_xxaa_nrf_log_backend_serial.c.o
 .debug_macro   0x0000000000000c70       0x44 _build/nrf52840_xxaa_nrf_log_backend_serial.c.o
 .debug_macro   0x0000000000000cb4       0xfd _build/nrf52840_xxaa_nrf_log_backend_serial.c.o
 .debug_macro   0x0000000000000db1       0x5e _build/nrf52840_xxaa_nrf_log_backend_serial.c.o
 .debug_macro   0x0000000000000e0f      0x1df _build/nrf52840_xxaa_nrf_log_backend_serial.c.o
 .debug_macro   0x0000000000000fee       0x22 _build/nrf52840_xxaa_nrf_log_backend_serial.c.o
 .debug_macro   0x0000000000001010       0x52 _build/nrf52840_xxaa_nrf_log_backend_serial.c.o
 .debug_macro   0x0000000000001062       0x35 _build/nrf52840_xxaa_nrf_log_backend_serial.c.o
 .debug_macro   0x0000000000001097       0x9c _build/nrf52840_xxaa_nrf_log_backend_serial.c.o
 .debug_macro   0x0000000000001133      0x16d _build/nrf52840_xxaa_nrf_log_backend_serial.c.o
 .debug_macro   0x00000000000012a0       0x52 _build/nrf52840_xxaa_nrf_log_backend_serial.c.o
 .debug_macro   0x00000000000012f2       0x1f _build/nrf52840_xxaa_nrf_log_backend_serial.c.o
 .debug_macro   0x0000000000001311       0x43 _build/nrf52840_xxaa_nrf_log_backend_serial.c.o
 .debug_macro   0x0000000000001354       0x20 _build/nrf52840_xxaa_nrf_log_backend_serial.c.o
 .debug_macro   0x0000000000001374      0x187 _build/nrf52840_xxaa_nrf_log_backend_serial.c.o
 .debug_macro   0x00000000000014fb      0x330 _build/nrf52840_xxaa_nrf_log_backend_serial.c.o
 .debug_macro   0x000000000000182b       0x10 _build/nrf52840_xxaa_nrf_log_backend_serial.c.o
 .debug_macro   0x000000000000183b       0x35 _build/nrf52840_xxaa_nrf_log_backend_serial.c.o
 .debug_macro   0x0000000000001870      0x3a4 _build/nrf52840_xxaa_nrf_log_backend_serial.c.o
 .debug_macro   0x0000000000001c14      0x16d _build/nrf52840_xxaa_nrf_log_backend_serial.c.o
 .debug_macro   0x0000000000001d81       0x2e _build/nrf52840_xxaa_nrf_log_backend_serial.c.o
 .debug_macro   0x0000000000001daf       0x22 _build/nrf52840_xxaa_nrf_log_backend_serial.c.o
 .debug_macro   0x0000000000001dd1       0x9a _build/nrf52840_xxaa_nrf_log_backend_serial.c.o
 .debug_macro   0x0000000000001e6b       0x78 _build/nrf52840_xxaa_nrf_log_backend_serial.c.o
 .debug_macro   0x0000000000001ee3       0x22 _build/nrf52840_xxaa_nrf_log_backend_serial.c.o
 .debug_macro   0x0000000000001f05       0x2d _build/nrf52840_xxaa_nrf_log_backend_serial.c.o
 .debug_macro   0x0000000000001f32       0x3b _build/nrf52840_xxaa_nrf_log_backend_serial.c.o
 .debug_macro   0x0000000000001f6d       0x50 _build/nrf52840_xxaa_nrf_log_backend_serial.c.o
 .debug_macro   0x0000000000001fbd      0xe66 _build/nrf52840_xxaa_nrf_log_backend_serial.c.o
 .debug_macro   0x0000000000002e23      0x3f4 _build/nrf52840_xxaa_nrf_log_backend_serial.c.o
 .debug_macro   0x0000000000003217     0xeabd _build/nrf52840_xxaa_nrf_log_backend_serial.c.o
 .debug_macro   0x0000000000011cd4      0xa4c _build/nrf52840_xxaa_nrf_log_backend_serial.c.o
 .debug_macro   0x0000000000012720       0xa6 _build/nrf52840_xxaa_nrf_log_backend_serial.c.o
 .debug_macro   0x00000000000127c6      0x491 _build/nrf52840_xxaa_nrf_log_backend_serial.c.o
 .debug_macro   0x0000000000012c57       0x4b _build/nrf52840_xxaa_nrf_log_backend_serial.c.o
 .debug_macro   0x0000000000012ca2       0x16 _build/nrf52840_xxaa_nrf_log_backend_serial.c.o
 .debug_macro   0x0000000000012cb8       0x40 _build/nrf52840_xxaa_nrf_log_backend_serial.c.o
 .debug_macro   0x0000000000012cf8       0x64 _build/nrf52840_xxaa_nrf_log_backend_serial.c.o
 .debug_macro   0x0000000000012d5c       0x2e _build/nrf52840_xxaa_nrf_log_backend_serial.c.o
 .debug_macro   0x0000000000012d8a       0x1c _build/nrf52840_xxaa_nrf_log_backend_serial.c.o
 .debug_macro   0x0000000000012da6       0x10 _build/nrf52840_xxaa_nrf_log_backend_serial.c.o
 .debug_macro   0x0000000000012db6       0x10 _build/nrf52840_xxaa_nrf_log_backend_serial.c.o
 .debug_macro   0x0000000000012dc6       0xb6 _build/nrf52840_xxaa_nrf_log_backend_serial.c.o
 .debug_macro   0x0000000000012e7c       0x16 _build/nrf52840_xxaa_nrf_log_backend_serial.c.o
 .debug_macro   0x0000000000012e92      0x145 _build/nrf52840_xxaa_nrf_log_backend_serial.c.o
 .debug_macro   0x0000000000012fd7       0x2b _build/nrf52840_xxaa_nrf_log_backend_serial.c.o
 .debug_macro   0x0000000000013002       0x10 _build/nrf52840_xxaa_nrf_log_backend_serial.c.o
 .debug_macro   0x0000000000013012       0x7f _build/nrf52840_xxaa_nrf_log_backend_serial.c.o
 .debug_macro   0x0000000000013091       0x28 _build/nrf52840_xxaa_nrf_log_backend_serial.c.o
 .debug_macro   0x00000000000130b9       0x22 _build/nrf52840_xxaa_nrf_log_backend_serial.c.o
 .debug_macro   0x00000000000130db       0x52 _build/nrf52840_xxaa_nrf_log_backend_serial.c.o
 .debug_macro   0x000000000001312d       0x9c _build/nrf52840_xxaa_nrf_log_backend_serial.c.o
 .debug_macro   0x00000000000131c9      0x30d _build/nrf52840_xxaa_nrf_log_backend_serial.c.o
 .debug_macro   0x00000000000134d6       0x10 _build/nrf52840_xxaa_nrf_log_backend_serial.c.o
 .debug_macro   0x00000000000134e6       0x3d _build/nrf52840_xxaa_nrf_log_backend_serial.c.o
 .debug_macro   0x0000000000013523      0x341 _build/nrf52840_xxaa_nrf_log_frontend.c.o
 .debug_macro   0x0000000000013864       0x22 _build/nrf52840_xxaa_nrf_log_frontend.c.o
 .debug_macro   0x0000000000013886      0x16a _build/nrf52840_xxaa_nrf_log_frontend.c.o
 .debug_macro   0x00000000000139f0       0x5e _build/nrf52840_xxaa_nrf_log_frontend.c.o
 .debug_macro   0x0000000000013a4e       0x2e _build/nrf52840_xxaa_nrf_log_frontend.c.o
 .debug_macro   0x0000000000013a7c      0x306 _build/nrf52840_xxaa_app_button.c.o
 .debug_macro   0x0000000000013d82       0x16 _build/nrf52840_xxaa_app_button.c.o
 .debug_macro   0x0000000000013d98       0x22 _build/nrf52840_xxaa_app_button.c.o
 .debug_macro   0x0000000000013dba       0x16 _build/nrf52840_xxaa_app_button.c.o
 .debug_macro   0x0000000000013dd0       0x1c _build/nrf52840_xxaa_app_button.c.o
 .debug_macro   0x0000000000013dec       0x28 _build/nrf52840_xxaa_app_button.c.o
 .debug_macro   0x0000000000013e14       0x1f _build/nrf52840_xxaa_app_button.c.o
 .debug_macro   0x0000000000013e33       0x30 _build/nrf52840_xxaa_app_button.c.o
 .debug_macro   0x0000000000013e63      0x2fd _build/nrf52840_xxaa_app_error.c.o
 .debug_macro   0x0000000000014160       0x35 _build/nrf52840_xxaa_app_error.c.o
 .debug_macro   0x0000000000014195       0x22 _build/nrf52840_xxaa_app_error.c.o
 .debug_macro   0x00000000000141b7       0x16 _build/nrf52840_xxaa_app_error.c.o
 .debug_macro   0x00000000000141cd       0x97 _build/nrf52840_xxaa_app_error.c.o
 .debug_macro   0x0000000000014264       0xf6 _build/nrf52840_xxaa_app_error.c.o
 .debug_macro   0x000000000001435a       0x16 _build/nrf52840_xxaa_app_error.c.o
 .debug_macro   0x0000000000014370      0x497 _build/nrf52840_xxaa_app_error.c.o
 .debug_macro   0x0000000000014807      0x164 _build/nrf52840_xxaa_app_error.c.o
 .debug_macro   0x000000000001496b       0x16 _build/nrf52840_xxaa_app_error.c.o
 .debug_macro   0x0000000000014981      0x2f7 _build/nrf52840_xxaa_app_error_weak.c.o
 .debug_macro   0x0000000000014c78      0x332 _build/nrf52840_xxaa_app_timer.c.o
 .debug_macro   0x0000000000014faa       0x16 _build/nrf52840_xxaa_app_timer.c.o
 .debug_macro   0x0000000000014fc0      0x26e _build/nrf52840_xxaa_app_util_platform.c.o
 .debug_macro   0x000000000001522e      0x292 _build/nrf52840_xxaa_boards.c.o
 .debug_macro   0x00000000000154c0      0x202 _build/nrf52840_xxaa_boards.c.o
 .debug_macro   0x00000000000156c2      0x115 _build/nrf52840_xxaa_boards.c.o
 .debug_macro   0x00000000000157d7      0x42e _build/nrf52840_xxaa_nrf_drv_clock.c.o
 .debug_macro   0x0000000000015c05       0x10 _build/nrf52840_xxaa_nrf_drv_clock.c.o
 .debug_macro   0x0000000000015c15       0x28 _build/nrf52840_xxaa_nrf_drv_clock.c.o
 .debug_macro   0x0000000000015c3d       0x1c _build/nrf52840_xxaa_nrf_drv_clock.c.o
 .debug_macro   0x0000000000015c59       0xf7 _build/nrf52840_xxaa_nrf_drv_clock.c.o
 .debug_macro   0x0000000000015d50      0x139 _build/nrf52840_xxaa_nrf_drv_clock.c.o
 .debug_macro   0x0000000000015e89      0x1fb _build/nrf52840_xxaa_nrf_drv_clock.c.o
 .debug_macro   0x0000000000016084      0x47f _build/nrf52840_xxaa_nrf_drv_clock.c.o
 .debug_macro   0x0000000000016503       0x46 _build/nrf52840_xxaa_nrf_drv_clock.c.o
 .debug_macro   0x0000000000016549      0x1f7 _build/nrf52840_xxaa_nrf_drv_clock.c.o
 .debug_macro   0x0000000000016740       0x22 _build/nrf52840_xxaa_nrf_drv_clock.c.o
 .debug_macro   0x0000000000016762       0xf1 _build/nrf52840_xxaa_nrf_drv_clock.c.o
 .debug_macro   0x0000000000016853       0x3c _build/nrf52840_xxaa_nrf_drv_clock.c.o
 .debug_macro   0x000000000001688f       0x10 _build/nrf52840_xxaa_nrf_drv_clock.c.o
 .debug_macro   0x000000000001689f       0x10 _build/nrf52840_xxaa_nrf_drv_clock.c.o
 .debug_macro   0x00000000000168af       0x16 _build/nrf52840_xxaa_nrf_drv_clock.c.o
 .debug_macro   0x00000000000168c5       0x16 _build/nrf52840_xxaa_nrf_drv_clock.c.o
 .debug_macro   0x00000000000168db      0x2d8 _build/nrf52840_xxaa_nrf_drv_common.c.o
 .debug_macro   0x0000000000016bb3       0x22 _build/nrf52840_xxaa_nrf_drv_common.c.o
 .debug_macro   0x0000000000016bd5      0x3ca _build/nrf52840_xxaa_nrf_drv_gpiote.c.o
 .debug_macro   0x0000000000016f9f       0x16 _build/nrf52840_xxaa_nrf_drv_gpiote.c.o
 .debug_macro   0x0000000000016fb5      0x3b7 _build/nrf52840_xxaa_nrf_drv_uart.c.o
 .debug_macro   0x000000000001736c      0x4e0 _build/nrf52840_xxaa_main.c.o
 .debug_macro   0x000000000001784c      0x479 _build/nrf52840_xxaa_main.c.o
 .debug_macro   0x0000000000017cc5       0x40 _build/nrf52840_xxaa_main.c.o
 .debug_macro   0x0000000000017d05       0xac _build/nrf52840_xxaa_main.c.o
 .debug_macro   0x0000000000017db1      0x2e9 _build/nrf52840_xxaa_main.c.o
 .debug_macro   0x000000000001809a       0x6a _build/nrf52840_xxaa_main.c.o
 .debug_macro   0x0000000000018104       0x46 _build/nrf52840_xxaa_main.c.o
 .debug_macro   0x000000000001814a       0x16 _build/nrf52840_xxaa_main.c.o
 .debug_macro   0x0000000000018160       0x2e _build/nrf52840_xxaa_main.c.o
 .debug_macro   0x000000000001818e       0x22 _build/nrf52840_xxaa_main.c.o
 .debug_macro   0x00000000000181b0       0x16 _build/nrf52840_xxaa_main.c.o
 .debug_macro   0x00000000000181c6       0x1c _build/nrf52840_xxaa_main.c.o
 .debug_macro   0x00000000000181e2      0x2a3 _build/nrf52840_xxaa_ble_advdata.c.o
 .debug_macro   0x0000000000018485       0x1c _build/nrf52840_xxaa_ble_advdata.c.o
 .debug_macro   0x00000000000184a1       0x64 _build/nrf52840_xxaa_ble_advdata.c.o
 .debug_macro   0x0000000000018505      0x308 _build/nrf52840_xxaa_ble_conn_params.c.o
 .debug_macro   0x000000000001880d      0x10e _build/nrf52840_xxaa_ble_conn_params.c.o
 .debug_macro   0x000000000001891b       0x86 _build/nrf52840_xxaa_ble_conn_params.c.o
 .debug_macro   0x00000000000189a1      0x2d2 _build/nrf52840_xxaa_ble_srv_common.c.o
 .debug_macro   0x0000000000018c73      0x33e _build/nrf52840_xxaa_nrf_ble_gatt.c.o
 .debug_macro   0x0000000000018fb1       0xf5 _build/nrf52840_xxaa_system_nrf52840.c.o
 .debug_macro   0x00000000000190a6      0x291 _build/nrf52840_xxaa_ble_lbs.c.o
 .debug_macro   0x0000000000019337       0x1c _build/nrf52840_xxaa_ble_lbs.c.o
 .debug_macro   0x0000000000019353      0x3e2 _build/nrf52840_xxaa_softdevice_handler.c.o
 .debug_macro   0x0000000000019735       0x4c _build/nrf52840_xxaa_softdevice_handler.c.o
 .debug_macro   0x0000000000019781       0x55 _build/nrf52840_xxaa_softdevice_handler.c.o
 .debug_macro   0x00000000000197d6       0x4a _build/nrf52840_xxaa_softdevice_handler.c.o
 .debug_macro   0x0000000000019820       0x10 _build/nrf52840_xxaa_softdevice_handler.c.o

.debug_line     0x0000000000000000     0xba04
 .debug_line    0x0000000000000000      0x8bf _build/nrf52840_xxaa_nrf_log_backend_serial.c.o
 .debug_line    0x00000000000008bf      0xb0e _build/nrf52840_xxaa_nrf_log_frontend.c.o
 .debug_line    0x00000000000013cd      0x74f _build/nrf52840_xxaa_app_button.c.o
 .debug_line    0x0000000000001b1c      0x6b6 _build/nrf52840_xxaa_app_error.c.o
 .debug_line    0x00000000000021d2      0x69e _build/nrf52840_xxaa_app_error_weak.c.o
 .debug_line    0x0000000000002870      0xaa4 _build/nrf52840_xxaa_app_timer.c.o
 .debug_line    0x0000000000003314      0x60e _build/nrf52840_xxaa_app_util_platform.c.o
 .debug_line    0x0000000000003922      0x714 _build/nrf52840_xxaa_boards.c.o
 .debug_line    0x0000000000004036      0xc3c _build/nrf52840_xxaa_nrf_drv_clock.c.o
 .debug_line    0x0000000000004c72      0x650 _build/nrf52840_xxaa_nrf_drv_common.c.o
 .debug_line    0x00000000000052c2     0x1250 _build/nrf52840_xxaa_nrf_drv_gpiote.c.o
 .debug_line    0x0000000000006512     0x123a _build/nrf52840_xxaa_nrf_drv_uart.c.o
 .debug_line    0x000000000000774c      0xbe9 _build/nrf52840_xxaa_main.c.o
 .debug_line    0x0000000000008335      0x998 _build/nrf52840_xxaa_ble_advdata.c.o
 .debug_line    0x0000000000008ccd      0x789 _build/nrf52840_xxaa_ble_conn_params.c.o
 .debug_line    0x0000000000009456      0x771 _build/nrf52840_xxaa_ble_srv_common.c.o
 .debug_line    0x0000000000009bc7      0x883 _build/nrf52840_xxaa_nrf_ble_gatt.c.o
 .debug_line    0x000000000000a44a      0x3e8 _build/nrf52840_xxaa_system_nrf52840.c.o
 .debug_line    0x000000000000a832      0x6e5 _build/nrf52840_xxaa_ble_lbs.c.o
 .debug_line    0x000000000000af17      0xaed _build/nrf52840_xxaa_softdevice_handler.c.o

.debug_str      0x0000000000000000    0x7f9a3
 .debug_str     0x0000000000000000    0x6d6d8 _build/nrf52840_xxaa_nrf_log_backend_serial.c.o
                                      0x6e4d1 (size before relaxing)
 .debug_str     0x000000000006d6d8     0x1cfe _build/nrf52840_xxaa_nrf_log_frontend.c.o
                                      0x6e834 (size before relaxing)
 .debug_str     0x000000000006f3d6      0xcfe _build/nrf52840_xxaa_app_button.c.o
                                      0x6d06a (size before relaxing)
 .debug_str     0x00000000000700d4      0x11d _build/nrf52840_xxaa_app_error.c.o
                                      0x6e177 (size before relaxing)
 .debug_str     0x00000000000701f1       0xae _build/nrf52840_xxaa_app_error_weak.c.o
                                      0x6e144 (size before relaxing)
 .debug_str     0x000000000007029f      0xa85 _build/nrf52840_xxaa_app_timer.c.o
                                      0x6d611 (size before relaxing)
 .debug_str     0x0000000000070d24      0x255 _build/nrf52840_xxaa_app_util_platform.c.o
                                      0x687cd (size before relaxing)
 .debug_str     0x0000000000070f79     0x15a1 _build/nrf52840_xxaa_boards.c.o
                                      0x69537 (size before relaxing)
 .debug_str     0x000000000007251a     0x5cd8 _build/nrf52840_xxaa_nrf_drv_clock.c.o
                                      0x74192 (size before relaxing)
 .debug_str     0x00000000000781f2       0x5c _build/nrf52840_xxaa_nrf_drv_common.c.o
                                      0x6d3f8 (size before relaxing)
 .debug_str     0x000000000007824e      0xebc _build/nrf52840_xxaa_nrf_drv_gpiote.c.o
                                      0x7076a (size before relaxing)
 .debug_str     0x000000000007910a      0xe54 _build/nrf52840_xxaa_nrf_drv_uart.c.o
                                      0x70a35 (size before relaxing)
 .debug_str     0x0000000000079f5e     0x437a _build/nrf52840_xxaa_main.c.o
                                      0x7932e (size before relaxing)
 .debug_str     0x000000000007e2d8      0x374 _build/nrf52840_xxaa_ble_advdata.c.o
                                      0x71452 (size before relaxing)
 .debug_str     0x000000000007e64c      0x1e7 _build/nrf52840_xxaa_ble_conn_params.c.o
                                      0x72acc (size before relaxing)
 .debug_str     0x000000000007e833      0x461 _build/nrf52840_xxaa_ble_srv_common.c.o
                                      0x71354 (size before relaxing)
 .debug_str     0x000000000007ec94      0x43c _build/nrf52840_xxaa_nrf_ble_gatt.c.o
                                      0x74300 (size before relaxing)
 .debug_str     0x000000000007f0d0      0x2e6 _build/nrf52840_xxaa_system_nrf52840.c.o
                                      0x62cb4 (size before relaxing)
 .debug_str     0x000000000007f3b6       0xff _build/nrf52840_xxaa_ble_lbs.c.o
                                      0x71aa1 (size before relaxing)
 .debug_str     0x000000000007f4b5      0x4ee _build/nrf52840_xxaa_softdevice_handler.c.o
                                      0x746da (size before relaxing)
