Archive member included to satisfy reference by file (symbol)

/usr/local/gcc-arm/gcc-arm-none-eabi-5_4-2016q3/bin/../lib/gcc/arm-none-eabi/5.4.1/../../../../arm-none-eabi/lib/armv7e-m/fpu/libc_nano.a(lib_a-exit.o)
                              /usr/local/gcc-arm/gcc-arm-none-eabi-5_4-2016q3/bin/../lib/gcc/arm-none-eabi/5.4.1/../../../../arm-none-eabi/lib/armv7e-m/fpu/crt0.o (exit)
/usr/local/gcc-arm/gcc-arm-none-eabi-5_4-2016q3/bin/../lib/gcc/arm-none-eabi/5.4.1/../../../../arm-none-eabi/lib/armv7e-m/fpu/libc_nano.a(lib_a-impure.o)
                              /usr/local/gcc-arm/gcc-arm-none-eabi-5_4-2016q3/bin/../lib/gcc/arm-none-eabi/5.4.1/../../../../arm-none-eabi/lib/armv7e-m/fpu/libc_nano.a(lib_a-exit.o) (_global_impure_ptr)
/usr/local/gcc-arm/gcc-arm-none-eabi-5_4-2016q3/bin/../lib/gcc/arm-none-eabi/5.4.1/../../../../arm-none-eabi/lib/armv7e-m/fpu/libc_nano.a(lib_a-init.o)
                              /usr/local/gcc-arm/gcc-arm-none-eabi-5_4-2016q3/bin/../lib/gcc/arm-none-eabi/5.4.1/../../../../arm-none-eabi/lib/armv7e-m/fpu/crt0.o (__libc_init_array)
/usr/local/gcc-arm/gcc-arm-none-eabi-5_4-2016q3/bin/../lib/gcc/arm-none-eabi/5.4.1/../../../../arm-none-eabi/lib/armv7e-m/fpu/libc_nano.a(lib_a-memset.o)
                              /usr/local/gcc-arm/gcc-arm-none-eabi-5_4-2016q3/bin/../lib/gcc/arm-none-eabi/5.4.1/../../../../arm-none-eabi/lib/armv7e-m/fpu/crt0.o (memset)
/usr/local/gcc-arm/gcc-arm-none-eabi-5_4-2016q3/bin/../lib/gcc/arm-none-eabi/5.4.1/../../../../arm-none-eabi/lib/armv7e-m/fpu/libnosys.a(_exit.o)
                              /usr/local/gcc-arm/gcc-arm-none-eabi-5_4-2016q3/bin/../lib/gcc/arm-none-eabi/5.4.1/../../../../arm-none-eabi/lib/armv7e-m/fpu/libc_nano.a(lib_a-exit.o) (_exit)
/usr/local/gcc-arm/gcc-arm-none-eabi-5_4-2016q3/bin/../lib/gcc/arm-none-eabi/5.4.1/armv7e-m/fpu/libgcc.a(_aeabi_uldivmod.o)
                              _build/nrf52840_xxaa_bsp.c.o (__aeabi_uldivmod)
/usr/local/gcc-arm/gcc-arm-none-eabi-5_4-2016q3/bin/../lib/gcc/arm-none-eabi/5.4.1/armv7e-m/fpu/libgcc.a(_udivmoddi4.o)
                              /usr/local/gcc-arm/gcc-arm-none-eabi-5_4-2016q3/bin/../lib/gcc/arm-none-eabi/5.4.1/armv7e-m/fpu/libgcc.a(_aeabi_uldivmod.o) (__udivmoddi4)
/usr/local/gcc-arm/gcc-arm-none-eabi-5_4-2016q3/bin/../lib/gcc/arm-none-eabi/5.4.1/armv7e-m/fpu/libgcc.a(_dvmd_tls.o)
                              /usr/local/gcc-arm/gcc-arm-none-eabi-5_4-2016q3/bin/../lib/gcc/arm-none-eabi/5.4.1/armv7e-m/fpu/libgcc.a(_aeabi_uldivmod.o) (__aeabi_ldiv0)
/usr/local/gcc-arm/gcc-arm-none-eabi-5_4-2016q3/bin/../lib/gcc/arm-none-eabi/5.4.1/../../../../arm-none-eabi/lib/armv7e-m/fpu/libc_nano.a(lib_a-locale.o)
                              _build/nrf52840_xxaa_nrf_log_backend_serial.c.o (__locale_ctype_ptr)
/usr/local/gcc-arm/gcc-arm-none-eabi-5_4-2016q3/bin/../lib/gcc/arm-none-eabi/5.4.1/../../../../arm-none-eabi/lib/armv7e-m/fpu/libc_nano.a(lib_a-mbtowc_r.o)
                              /usr/local/gcc-arm/gcc-arm-none-eabi-5_4-2016q3/bin/../lib/gcc/arm-none-eabi/5.4.1/../../../../arm-none-eabi/lib/armv7e-m/fpu/libc_nano.a(lib_a-locale.o) (__ascii_mbtowc)
/usr/local/gcc-arm/gcc-arm-none-eabi-5_4-2016q3/bin/../lib/gcc/arm-none-eabi/5.4.1/../../../../arm-none-eabi/lib/armv7e-m/fpu/libc_nano.a(lib_a-memcpy-stub.o)
                              _build/nrf52840_xxaa_nrf_log_backend_serial.c.o (memcpy)
/usr/local/gcc-arm/gcc-arm-none-eabi-5_4-2016q3/bin/../lib/gcc/arm-none-eabi/5.4.1/../../../../arm-none-eabi/lib/armv7e-m/fpu/libc_nano.a(lib_a-snprintf.o)
                              _build/nrf52840_xxaa_nrf_log_backend_serial.c.o (snprintf)
/usr/local/gcc-arm/gcc-arm-none-eabi-5_4-2016q3/bin/../lib/gcc/arm-none-eabi/5.4.1/../../../../arm-none-eabi/lib/armv7e-m/fpu/libc_nano.a(lib_a-strcmp.o)
                              /usr/local/gcc-arm/gcc-arm-none-eabi-5_4-2016q3/bin/../lib/gcc/arm-none-eabi/5.4.1/../../../../arm-none-eabi/lib/armv7e-m/fpu/libc_nano.a(lib_a-locale.o) (strcmp)
/usr/local/gcc-arm/gcc-arm-none-eabi-5_4-2016q3/bin/../lib/gcc/arm-none-eabi/5.4.1/../../../../arm-none-eabi/lib/armv7e-m/fpu/libc_nano.a(lib_a-strcpy.o)
                              _build/nrf52840_xxaa_SEGGER_RTT.c.o (strcpy)
/usr/local/gcc-arm/gcc-arm-none-eabi-5_4-2016q3/bin/../lib/gcc/arm-none-eabi/5.4.1/../../../../arm-none-eabi/lib/armv7e-m/fpu/libc_nano.a(lib_a-strlen.o)
                              _build/nrf52840_xxaa_nrf_log_backend_serial.c.o (strlen)
/usr/local/gcc-arm/gcc-arm-none-eabi-5_4-2016q3/bin/../lib/gcc/arm-none-eabi/5.4.1/../../../../arm-none-eabi/lib/armv7e-m/fpu/libc_nano.a(lib_a-wctomb_r.o)
                              /usr/local/gcc-arm/gcc-arm-none-eabi-5_4-2016q3/bin/../lib/gcc/arm-none-eabi/5.4.1/../../../../arm-none-eabi/lib/armv7e-m/fpu/libc_nano.a(lib_a-locale.o) (__ascii_wctomb)
/usr/local/gcc-arm/gcc-arm-none-eabi-5_4-2016q3/bin/../lib/gcc/arm-none-eabi/5.4.1/../../../../arm-none-eabi/lib/armv7e-m/fpu/libc_nano.a(lib_a-ctype_.o)
[...]
Memory Configuration

Name             Origin             Length             Attributes
FLASH            0x0000000000000000 0x0000000000100000 xr
RAM              0x0000000020000000 0x0000000000040000 xrw
*default*        0x0000000000000000 0xffffffffffffffff

Linker script and memory map


.text           0x0000000000000000     0x3408
 *(.isr_vector)
 .isr_vector    0x0000000000000000      0x200 _build/nrf52840_xxaa_gcc_startup_nrf52840.S.o
                0x0000000000000000                __isr_vector
 *(.text*)
 .text          0x0000000000000200       0x5c /usr/local/gcc-arm/gcc-arm-none-eabi-5_4-2016q3/bin/../lib/gcc/arm-none-eabi/5.4.1/armv7e-m/fpu/crtbegin.o
 .text          0x000000000000025c       0x74 /usr/local/gcc-arm/gcc-arm-none-eabi-5_4-2016q3/bin/../lib/gcc/arm-none-eabi/5.4.1/../../../../arm-none-eabi/lib/armv7e-m/fpu/crt0.o
                0x000000000000025c                _mainCRTStartup
                0x000000000000025c                _start
 .text.exit     0x00000000000002d0       0x28 /usr/local/gcc-arm/gcc-arm-none-eabi-5_4-2016q3/bin/../lib/gcc/arm-none-eabi/5.4.1/../../../../arm-none-eabi/lib/armv7e-m/fpu/libc_nano.a(lib_a-exit.o)
                0x00000000000002d0                exit
 .text.__libc_init_array
                0x00000000000002f8       0x4c /usr/local/gcc-arm/gcc-arm-none-eabi-5_4-2016q3/bin/../lib/gcc/arm-none-eabi/5.4.1/../../../../arm-none-eabi/lib/armv7e-m/fpu/libc_nano.a(lib_a-init.o)
                0x00000000000002f8                __libc_init_array
 .text.memset   0x0000000000000344       0x10 /usr/local/gcc-arm/gcc-arm-none-eabi-5_4-2016q3/bin/../lib/gcc/arm-none-eabi/5.4.1/../../../../arm-none-eabi/lib/armv7e-m/fpu/libc_nano.a(lib_a-memset.o)
                0x0000000000000344                memset
 .text._exit    0x0000000000000354        0x4 /usr/local/gcc-arm/gcc-arm-none-eabi-5_4-2016q3/bin/../lib/gcc/arm-none-eabi/5.4.1/../../../../arm-none-eabi/lib/armv7e-m/fpu/libnosys.a(_exit.o)
                0x0000000000000354                _exit
 .text.uart_event_handler
                0x0000000000000358       0x10 _build/nrf52840_xxaa_nrf_log_backend_serial.c.o
 .text.nrf_log_backend_serial_hexdump_handler
                0x0000000000000368      0x260 _build/nrf52840_xxaa_nrf_log_backend_serial.c.o
 .text.nrf_log_backend_serial_std_handler
                0x00000000000005c8      0x1c0 _build/nrf52840_xxaa_nrf_log_backend_serial.c.o
 .text.nrf_log_backend_init
                0x0000000000000788       0x80 _build/nrf52840_xxaa_nrf_log_backend_serial.c.o
                0x0000000000000788                nrf_log_backend_init
 .text.nrf_log_backend_std_handler_get
                0x0000000000000808        0x8 _build/nrf52840_xxaa_nrf_log_backend_serial.c.o
                0x0000000000000808                nrf_log_backend_std_handler_get
 .text.nrf_log_backend_hexdump_handler_get
                0x0000000000000810        0x8 _build/nrf52840_xxaa_nrf_log_backend_serial.c.o
                0x0000000000000810                nrf_log_backend_hexdump_handler_get
 .text.nrf_log_init
                0x0000000000000818       0x30 _build/nrf52840_xxaa_nrf_log_frontend.c.o
                0x0000000000000818                nrf_log_init
 .text.nrf_log_blocking_backend_set
                0x0000000000000848        0x8 _build/nrf52840_xxaa_nrf_log_frontend.c.o
                0x0000000000000848                nrf_log_blocking_backend_set
 .text.nrf_log_frontend_std_0
                0x0000000000000850       0x98 _build/nrf52840_xxaa_nrf_log_frontend.c.o
                0x0000000000000850                nrf_log_frontend_std_0
 .text.nrf_log_frontend_hexdump
                0x00000000000008e8       0xf8 _build/nrf52840_xxaa_nrf_log_frontend.c.o
                0x00000000000008e8                nrf_log_frontend_hexdump
 .text.nrf_log_frontend_dequeue
                0x00000000000009e0      0x13c _build/nrf52840_xxaa_nrf_log_frontend.c.o
                0x00000000000009e0                nrf_log_frontend_dequeue
 .text.bsp_board_led_invert
                0x0000000000000b1c       0x40 _build/nrf52840_xxaa_boards.c.o
                0x0000000000000b1c                bsp_board_led_invert
 .text.bsp_board_leds_init
                0x0000000000000b5c       0x3c _build/nrf52840_xxaa_boards.c.o
                0x0000000000000b5c                bsp_board_leds_init
 .text.app_error_handler_bare
                0x0000000000000b98       0x20 _build/nrf52840_xxaa_app_error.c.o
                0x0000000000000b98                app_error_handler_bare
 .text.app_error_fault_handler
                0x0000000000000bb8       0x48 _build/nrf52840_xxaa_app_error_weak.c.o
                0x0000000000000bb8                app_error_fault_handler
 .text.RTC1_IRQHandler
                0x0000000000000c00       0xa0 _build/nrf52840_xxaa_app_timer.c.o
                0x0000000000000c00                RTC1_IRQHandler
 .text.SWI0_EGU0_IRQHandler
                0x0000000000000ca0      0x64c _build/nrf52840_xxaa_app_timer.c.o
                0x0000000000000ca0                SWI0_EGU0_IRQHandler
 .text.app_util_critical_region_enter
                0x00000000000012ec       0x10 _build/nrf52840_xxaa_app_util_platform.c.o
                0x00000000000012ec                app_util_critical_region_enter
 .text.app_util_critical_region_exit
                0x00000000000012fc       0x14 _build/nrf52840_xxaa_app_util_platform.c.o
                0x00000000000012fc                app_util_critical_region_exit
 .text.nrf_drv_common_irq_enable
                0x0000000000001310       0x50 _build/nrf52840_xxaa_nrf_drv_common.c.o
                0x0000000000001310                nrf_drv_common_irq_enable
 .text.GPIOTE_IRQHandler
                0x0000000000001360      0x5ec _build/nrf52840_xxaa_nrf_drv_gpiote.c.o
                0x0000000000001360                GPIOTE_IRQHandler
 .text.nrf_drv_spi_init
                0x000000000000194c      0x1c4 _build/nrf52840_xxaa_nrf_drv_spi.c.o
                0x000000000000194c                nrf_drv_spi_init
 .text.nrf_drv_spi_transfer
                0x0000000000001b10      0x12c _build/nrf52840_xxaa_nrf_drv_spi.c.o
                0x0000000000001b10                nrf_drv_spi_transfer
 .text.SPIM0_SPIS0_TWIM0_TWIS0_SPI0_TWI0_IRQHandler
                0x0000000000001c3c       0x60 _build/nrf52840_xxaa_nrf_drv_spi.c.o
                0x0000000000001c3c                SPIM0_SPIS0_TWIM0_TWIS0_SPI0_TWI0_IRQHandler
 .text.nrf_drv_uart_init
                0x0000000000001c9c      0x26c _build/nrf52840_xxaa_nrf_drv_uart.c.o
                0x0000000000001c9c                nrf_drv_uart_init
 .text.nrf_drv_uart_uninit
                0x0000000000001f08      0x13c _build/nrf52840_xxaa_nrf_drv_uart.c.o
                0x0000000000001f08                nrf_drv_uart_uninit
 .text.nrf_drv_uart_tx
                0x0000000000002044      0x158 _build/nrf52840_xxaa_nrf_drv_uart.c.o
                0x0000000000002044                nrf_drv_uart_tx
 .text.nrf_drv_uart_tx_in_progress
                0x000000000000219c       0x18 _build/nrf52840_xxaa_nrf_drv_uart.c.o
                0x000000000000219c                nrf_drv_uart_tx_in_progress
 .text.UARTE0_UART0_IRQHandler
                0x00000000000021b4      0x2fc _build/nrf52840_xxaa_nrf_drv_uart.c.o
                0x00000000000021b4                UARTE0_UART0_IRQHandler
 .text.spi_event_handler
                0x00000000000024b0       0x60 _build/nrf52840_xxaa_main.c.o
                0x00000000000024b0                spi_event_handler
 .text.startup.main
                0x0000000000002510      0x138 _build/nrf52840_xxaa_main.c.o
                0x0000000000002510                main
 .text          0x0000000000002648       0x3c _build/nrf52840_xxaa_gcc_startup_nrf52840.S.o
                0x0000000000002648                Reset_Handler
                0x0000000000002670                NMI_Handler
                0x0000000000002672                HardFault_Handler
                0x0000000000002674                MemoryManagement_Handler
                0x0000000000002676                BusFault_Handler
                0x0000000000002678                UsageFault_Handler
                0x000000000000267a                SVC_Handler
                0x000000000000267c                DebugMon_Handler
                0x000000000000267e                PendSV_Handler
                0x0000000000002680                SysTick_Handler
                0x0000000000002682                PWM3_IRQHandler
                0x0000000000002682                FPU_IRQHandler
                0x0000000000002682                USBD_IRQHandler
                0x0000000000002682                TIMER4_IRQHandler
                0x0000000000002682                CRYPTOCELL_IRQHandler
                0x0000000000002682                I2S_IRQHandler
                0x0000000000002682                SWI4_EGU4_IRQHandler
                0x0000000000002682                TIMER0_IRQHandler
                0x0000000000002682                UARTE1_IRQHandler
                0x0000000000002682                TIMER1_IRQHandler
                0x0000000000002682                SPIM3_IRQHandler
                0x0000000000002682                PWM2_IRQHandler
                0x0000000000002682                ECB_IRQHandler
                0x0000000000002682                SPIM1_SPIS1_TWIM1_TWIS1_SPI1_TWI1_IRQHandler
                0x0000000000002682                Default_Handler
                0x0000000000002682                SAADC_IRQHandler
                0x0000000000002682                CCM_AAR_IRQHandler
                0x0000000000002682                WDT_IRQHandler
                0x0000000000002682                SWI5_EGU5_IRQHandler
                0x0000000000002682                RNG_IRQHandler
                0x0000000000002682                RTC2_IRQHandler
                0x0000000000002682                PWM0_IRQHandler
                0x0000000000002682                SWI3_EGU3_IRQHandler
                0x0000000000002682                SWI1_EGU1_IRQHandler
                0x0000000000002682                SPIM2_SPIS2_SPI2_IRQHandler
                0x0000000000002682                NFCT_IRQHandler
                0x0000000000002682                MWU_IRQHandler
                0x0000000000002682                QSPI_IRQHandler
                0x0000000000002682                TIMER2_IRQHandler
                0x0000000000002682                COMP_LPCOMP_IRQHandler
                0x0000000000002682                RTC0_IRQHandler
                0x0000000000002682                SWI2_EGU2_IRQHandler
                0x0000000000002682                PWM1_IRQHandler
                0x0000000000002682                POWER_CLOCK_IRQHandler
                0x0000000000002682                RADIO_IRQHandler
                0x0000000000002682                PDM_IRQHandler
                0x0000000000002682                TEMP_IRQHandler
                0x0000000000002682                QDEC_IRQHandler
                0x0000000000002682                TIMER3_IRQHandler
 .text.SystemInit
                0x0000000000002684      0x1a8 _build/nrf52840_xxaa_system_nrf52840.c.o
                0x0000000000002684                SystemInit
 .text.__get_current_locale
                0x000000000000282c       0x18 /usr/local/gcc-arm/gcc-arm-none-eabi-5_4-2016q3/bin/../lib/gcc/arm-none-eabi/5.4.1/../../../../arm-none-eabi/lib/armv7e-m/fpu/libc_nano.a(lib_a-locale.o)
 .text.__locale_ctype_ptr
                0x0000000000002844       0x14 /usr/local/gcc-arm/gcc-arm-none-eabi-5_4-2016q3/bin/../lib/gcc/arm-none-eabi/5.4.1/../../../../arm-none-eabi/lib/armv7e-m/fpu/libc_nano.a(lib_a-locale.o)
                0x0000000000002844                __locale_ctype_ptr
 .text.__ascii_mbtowc
                0x0000000000002858       0x24 /usr/local/gcc-arm/gcc-arm-none-eabi-5_4-2016q3/bin/../lib/gcc/arm-none-eabi/5.4.1/../../../../arm-none-eabi/lib/armv7e-m/fpu/libc_nano.a(lib_a-mbtowc_r.o)
                0x0000000000002858                __ascii_mbtowc
 .text.memcpy   0x000000000000287c       0x16 /usr/local/gcc-arm/gcc-arm-none-eabi-5_4-2016q3/bin/../lib/gcc/arm-none-eabi/5.4.1/../../../../arm-none-eabi/lib/armv7e-m/fpu/libc_nano.a(lib_a-memcpy-stub.o)
                0x000000000000287c                memcpy
 *fill*         0x0000000000002892        0x2 
 .text.snprintf
                0x0000000000002894       0x64 /usr/local/gcc-arm/gcc-arm-none-eabi-5_4-2016q3/bin/../lib/gcc/arm-none-eabi/5.4.1/../../../../arm-none-eabi/lib/armv7e-m/fpu/libc_nano.a(lib_a-snprintf.o)
                0x0000000000002894                snprintf
                0x0000000000002894                sniprintf
 .text          0x00000000000028f8       0x10 /usr/local/gcc-arm/gcc-arm-none-eabi-5_4-2016q3/bin/../lib/gcc/arm-none-eabi/5.4.1/../../../../arm-none-eabi/lib/armv7e-m/fpu/libc_nano.a(lib_a-strlen.o)
                0x00000000000028f8                strlen
 .text.__ascii_wctomb
                0x0000000000002908       0x1a /usr/local/gcc-arm/gcc-arm-none-eabi-5_4-2016q3/bin/../lib/gcc/arm-none-eabi/5.4.1/../../../../arm-none-eabi/lib/armv7e-m/fpu/libc_nano.a(lib_a-wctomb_r.o)
                0x0000000000002908                __ascii_wctomb
 .text.__ssputs_r
                0x0000000000002922       0xb2 /usr/local/gcc-arm/gcc-arm-none-eabi-5_4-2016q3/bin/../lib/gcc/arm-none-eabi/5.4.1/../../../../arm-none-eabi/lib/armv7e-m/fpu/libc_nano.a(lib_a-nano-svfprintf.o)
                0x0000000000002922                __ssputs_r
 .text._svfprintf_r
                0x00000000000029d4      0x1e8 /usr/local/gcc-arm/gcc-arm-none-eabi-5_4-2016q3/bin/../lib/gcc/arm-none-eabi/5.4.1/../../../../arm-none-eabi/lib/armv7e-m/fpu/libc_nano.a(lib_a-nano-svfprintf.o)
                0x00000000000029d4                _svfprintf_r
                0x00000000000029d4                _svfiprintf_r
 .text._printf_common
                0x0000000000002bbc       0xec /usr/local/gcc-arm/gcc-arm-none-eabi-5_4-2016q3/bin/../lib/gcc/arm-none-eabi/5.4.1/../../../../arm-none-eabi/lib/armv7e-m/fpu/libc_nano.a(lib_a-nano-vfprintf_i.o)
                0x0000000000002bbc                _printf_common
 .text._printf_i
                0x0000000000002ca8      0x24c /usr/local/gcc-arm/gcc-arm-none-eabi-5_4-2016q3/bin/../lib/gcc/arm-none-eabi/5.4.1/../../../../arm-none-eabi/lib/armv7e-m/fpu/libc_nano.a(lib_a-nano-vfprintf_i.o)
                0x0000000000002ca8                _printf_i
 *fill*         0x0000000000002ef4        0xc 
 .text          0x0000000000002f00       0xa0 /usr/local/gcc-arm/gcc-arm-none-eabi-5_4-2016q3/bin/../lib/gcc/arm-none-eabi/5.4.1/../../../../arm-none-eabi/lib/armv7e-m/fpu/libc_nano.a(lib_a-memchr.o)
                0x0000000000002f00                memchr
 .text.memmove  0x0000000000002fa0       0x36 /usr/local/gcc-arm/gcc-arm-none-eabi-5_4-2016q3/bin/../lib/gcc/arm-none-eabi/5.4.1/../../../../arm-none-eabi/lib/armv7e-m/fpu/libc_nano.a(lib_a-memmove.o)
                0x0000000000002fa0                memmove
 *fill*         0x0000000000002fd6        0x2 
 .text._free_r  0x0000000000002fd8       0x9c /usr/local/gcc-arm/gcc-arm-none-eabi-5_4-2016q3/bin/../lib/gcc/arm-none-eabi/5.4.1/../../../../arm-none-eabi/lib/armv7e-m/fpu/libc_nano.a(lib_a-nano-freer.o)
                0x0000000000002fd8                _free_r
 .text._malloc_r
                0x0000000000003074       0xbc /usr/local/gcc-arm/gcc-arm-none-eabi-5_4-2016q3/bin/../lib/gcc/arm-none-eabi/5.4.1/../../../../arm-none-eabi/lib/armv7e-m/fpu/libc_nano.a(lib_a-nano-mallocr.o)
                0x0000000000003074                _malloc_r
 .text._realloc_r
                0x0000000000003130       0x4c /usr/local/gcc-arm/gcc-arm-none-eabi-5_4-2016q3/bin/../lib/gcc/arm-none-eabi/5.4.1/../../../../arm-none-eabi/lib/armv7e-m/fpu/libc_nano.a(lib_a-nano-reallocr.o)
                0x0000000000003130                _realloc_r
 .text._sbrk_r  0x000000000000317c       0x20 /usr/local/gcc-arm/gcc-arm-none-eabi-5_4-2016q3/bin/../lib/gcc/arm-none-eabi/5.4.1/../../../../arm-none-eabi/lib/armv7e-m/fpu/libc_nano.a(lib_a-sbrkr.o)
                0x000000000000317c                _sbrk_r
 .text.__malloc_lock
                0x000000000000319c        0x2 /usr/local/gcc-arm/gcc-arm-none-eabi-5_4-2016q3/bin/../lib/gcc/arm-none-eabi/5.4.1/../../../../arm-none-eabi/lib/armv7e-m/fpu/libc_nano.a(lib_a-mlock.o)
                0x000000000000319c                __malloc_lock
 .text.__malloc_unlock
                0x000000000000319e        0x2 /usr/local/gcc-arm/gcc-arm-none-eabi-5_4-2016q3/bin/../lib/gcc/arm-none-eabi/5.4.1/../../../../arm-none-eabi/lib/armv7e-m/fpu/libc_nano.a(lib_a-mlock.o)
                0x000000000000319e                __malloc_unlock
 .text._malloc_usable_size_r
                0x00000000000031a0       0x14 /usr/local/gcc-arm/gcc-arm-none-eabi-5_4-2016q3/bin/../lib/gcc/arm-none-eabi/5.4.1/../../../../arm-none-eabi/lib/armv7e-m/fpu/libc_nano.a(lib_a-nano-msizer.o)
                0x00000000000031a0                _malloc_usable_size_r
 .text._sbrk    0x00000000000031b4       0x1c /usr/local/gcc-arm/gcc-arm-none-eabi-5_4-2016q3/bin/../lib/gcc/arm-none-eabi/5.4.1/../../../../arm-none-eabi/lib/armv7e-m/fpu/libnosys.a(sbrk.o)
                0x00000000000031b4                _sbrk
 *(.init)
 .init          0x00000000000031d0        0x4 /usr/local/gcc-arm/gcc-arm-none-eabi-5_4-2016q3/bin/../lib/gcc/arm-none-eabi/5.4.1/armv7e-m/fpu/crti.o
                0x00000000000031d0                _init
 .init          0x00000000000031d4        0x8 /usr/local/gcc-arm/gcc-arm-none-eabi-5_4-2016q3/bin/../lib/gcc/arm-none-eabi/5.4.1/armv7e-m/fpu/crtn.o
 *(.fini)
 .fini          0x00000000000031dc        0x4 /usr/local/gcc-arm/gcc-arm-none-eabi-5_4-2016q3/bin/../lib/gcc/arm-none-eabi/5.4.1/armv7e-m/fpu/crti.o
                0x00000000000031dc                _fini
 .fini          0x00000000000031e0        0x8 /usr/local/gcc-arm/gcc-arm-none-eabi-5_4-2016q3/bin/../lib/gcc/arm-none-eabi/5.4.1/armv7e-m/fpu/crtn.o
 *crtbegin.o(.ctors)
 *crtbegin?.o(.ctors)
 *(EXCLUDE_FILE(*crtend.o *crtend?.o) .ctors)
 *(SORT(.ctors.*))
 *(.ctors)
 *crtbegin.o(.dtors)
 *crtbegin?.o(.dtors)
 *(EXCLUDE_FILE(*crtend.o *crtend?.o) .dtors)
 *(SORT(.dtors.*))
 *(.dtors)
 *(.rodata*)
 .rodata._global_impure_ptr
                0x00000000000031e8        0x4 /usr/local/gcc-arm/gcc-arm-none-eabi-5_4-2016q3/bin/../lib/gcc/arm-none-eabi/5.4.1/../../../../arm-none-eabi/lib/armv7e-m/fpu/libc_nano.a(lib_a-impure.o)
                0x00000000000031e8                _global_impure_ptr
 .rodata        0x00000000000031ec       0x20 _build/nrf52840_xxaa_nrf_log_backend_serial.c.o
 .rodata.str1.4
                0x000000000000320c        0x7 _build/nrf52840_xxaa_nrf_log_backend_serial.c.o
 *fill*         0x0000000000003213        0x1 
 .rodata.str1.4
                0x0000000000003214        0xb _build/nrf52840_xxaa_nrf_log_frontend.c.o
 *fill*         0x000000000000321f        0x1 
 .rodata.m_board_led_list
                0x0000000000003220        0x4 _build/nrf52840_xxaa_boards.c.o
 .rodata.str1.4
                0x0000000000003224       0x29 _build/nrf52840_xxaa_app_error_weak.c.o
 *fill*         0x000000000000324d        0x3 
 .rodata        0x0000000000003250       0x10 _build/nrf52840_xxaa_main.c.o
 .rodata.spi    0x0000000000003260        0x8 _build/nrf52840_xxaa_main.c.o
 .rodata.str1.4
                0x0000000000003268       0x5c _build/nrf52840_xxaa_main.c.o
                                         0x5b (size before relaxing)
 .rodata.str1.1
                0x00000000000032c4        0xa /usr/local/gcc-arm/gcc-arm-none-eabi-5_4-2016q3/bin/../lib/gcc/arm-none-eabi/5.4.1/../../../../arm-none-eabi/lib/armv7e-m/fpu/libc_nano.a(lib_a-locale.o)
                                          0xb (size before relaxing)
 .rodata._ctype_
                0x00000000000032ce      0x101 /usr/local/gcc-arm/gcc-arm-none-eabi-5_4-2016q3/bin/../lib/gcc/arm-none-eabi/5.4.1/../../../../arm-none-eabi/lib/armv7e-m/fpu/libc_nano.a(lib_a-ctype_.o)
                0x00000000000032ce                _ctype_
 .rodata.str1.1
                0x00000000000033cf       0x11 /usr/local/gcc-arm/gcc-arm-none-eabi-5_4-2016q3/bin/../lib/gcc/arm-none-eabi/5.4.1/../../../../arm-none-eabi/lib/armv7e-m/fpu/libc_nano.a(lib_a-nano-svfprintf.o)
 .rodata.str1.1
                0x00000000000033e0       0x22 /usr/local/gcc-arm/gcc-arm-none-eabi-5_4-2016q3/bin/../lib/gcc/arm-none-eabi/5.4.1/../../../../arm-none-eabi/lib/armv7e-m/fpu/libc_nano.a(lib_a-nano-vfprintf_i.o)
 *(.eh_frame*)
 *fill*         0x0000000000003402        0x2 
 .eh_frame      0x0000000000003404        0x0 /usr/local/gcc-arm/gcc-arm-none-eabi-5_4-2016q3/bin/../lib/gcc/arm-none-eabi/5.4.1/armv7e-m/fpu/crtbegin.o
 .eh_frame      0x0000000000003404        0x4 /usr/local/gcc-arm/gcc-arm-none-eabi-5_4-2016q3/bin/../lib/gcc/arm-none-eabi/5.4.1/armv7e-m/fpu/crtend.o

.glue_7         0x0000000000003408        0x0
 .glue_7        0x0000000000003408        0x0 linker stubs

.glue_7t        0x0000000000003408        0x0
 .glue_7t       0x0000000000003408        0x0 linker stubs

.vfp11_veneer   0x0000000000003408        0x0
 .vfp11_veneer  0x0000000000003408        0x0 linker stubs

.v4_bx          0x0000000000003408        0x0
 .v4_bx         0x0000000000003408        0x0 linker stubs

.iplt           0x0000000000003408        0x0
 .iplt          0x0000000000003408        0x0 /usr/local/gcc-arm/gcc-arm-none-eabi-5_4-2016q3/bin/../lib/gcc/arm-none-eabi/5.4.1/armv7e-m/fpu/crtbegin.o

.pwr_mgmt_data  0x0000000000003408        0x0
                [!provide]                        PROVIDE (__start_pwr_mgmt_data, .)
 *(SORT(.pwr_mgmt_data*))
                [!provide]                        PROVIDE (__stop_pwr_mgmt_data, .)

.ARM.extab
 *(.ARM.extab* .gnu.linkonce.armextab.*)
                0x0000000000003408                __exidx_start = .

.ARM.exidx      0x0000000000003408        0x8
 *(.ARM.exidx* .gnu.linkonce.armexidx.*)
 .ARM.exidx     0x0000000000003408        0x8 /usr/local/gcc-arm/gcc-arm-none-eabi-5_4-2016q3/bin/../lib/gcc/arm-none-eabi/5.4.1/../../../../arm-none-eabi/lib/armv7e-m/fpu/crt0.o
                0x0000000000003410                __exidx_end = .
                0x0000000000003410                __etext = .

.rel.dyn        0x0000000000003410        0x0
 .rel.iplt      0x0000000000003410        0x0 /usr/local/gcc-arm/gcc-arm-none-eabi-5_4-2016q3/bin/../lib/gcc/arm-none-eabi/5.4.1/armv7e-m/fpu/crtbegin.o

.data           0x0000000020000000      0x1f0 load address 0x0000000000003410
                0x0000000020000000                __data_start__ = .
 *(vtable)
 *(.data*)
 .data.impure_data
                0x0000000020000000       0x60 /usr/local/gcc-arm/gcc-arm-none-eabi-5_4-2016q3/bin/../lib/gcc/arm-none-eabi/5.4.1/../../../../arm-none-eabi/lib/armv7e-m/fpu/libc_nano.a(lib_a-impure.o)
 .data._impure_ptr
                0x0000000020000060        0x4 /usr/local/gcc-arm/gcc-arm-none-eabi-5_4-2016q3/bin/../lib/gcc/arm-none-eabi/5.4.1/../../../../arm-none-eabi/lib/armv7e-m/fpu/libc_nano.a(lib_a-impure.o)
                0x0000000020000060                _impure_ptr
 .data.m_uart   0x0000000020000064        0x8 _build/nrf52840_xxaa_nrf_log_backend_serial.c.o
 .data.m_tx_buf
                0x000000002000006c        0x7 _build/nrf52840_xxaa_main.c.o
 *fill*         0x0000000020000073        0x1 
 .data.SystemCoreClock
                0x0000000020000074        0x4 _build/nrf52840_xxaa_system_nrf52840.c.o
                0x0000000020000074                SystemCoreClock
 .data.__global_locale
                0x0000000020000078      0x16c /usr/local/gcc-arm/gcc-arm-none-eabi-5_4-2016q3/bin/../lib/gcc/arm-none-eabi/5.4.1/../../../../arm-none-eabi/lib/armv7e-m/fpu/libc_nano.a(lib_a-locale.o)
                0x0000000020000078                __global_locale
                0x00000000200001e4                . = ALIGN (0x4)
                0x00000000200001e4                PROVIDE (__preinit_array_start, .)
 *(.preinit_array)
                0x00000000200001e4                PROVIDE (__preinit_array_end, .)
                0x00000000200001e4                . = ALIGN (0x4)
                0x00000000200001e4                PROVIDE (__init_array_start, .)
 *(SORT(.init_array.*))
 *(.init_array)
 .init_array    0x00000000200001e4        0x4 /usr/local/gcc-arm/gcc-arm-none-eabi-5_4-2016q3/bin/../lib/gcc/arm-none-eabi/5.4.1/armv7e-m/fpu/crtbegin.o
                0x00000000200001e8                PROVIDE (__init_array_end, .)
                0x00000000200001e8                . = ALIGN (0x4)
                [!provide]                        PROVIDE (__fini_array_start, .)
 *(SORT(.fini_array.*))
 *(.fini_array)
 .fini_array    0x00000000200001e8        0x4 /usr/local/gcc-arm/gcc-arm-none-eabi-5_4-2016q3/bin/../lib/gcc/arm-none-eabi/5.4.1/armv7e-m/fpu/crtbegin.o
                [!provide]                        PROVIDE (__fini_array_end, .)
 *(.jcr*)
 .jcr           0x00000000200001ec        0x0 /usr/local/gcc-arm/gcc-arm-none-eabi-5_4-2016q3/bin/../lib/gcc/arm-none-eabi/5.4.1/armv7e-m/fpu/crtbegin.o
 .jcr           0x00000000200001ec        0x4 /usr/local/gcc-arm/gcc-arm-none-eabi-5_4-2016q3/bin/../lib/gcc/arm-none-eabi/5.4.1/armv7e-m/fpu/crtend.o
                0x00000000200001f0                . = ALIGN (0x4)
                0x00000000200001f0                __data_end__ = .
LOAD /usr/local/gcc-arm/gcc-arm-none-eabi-5_4-2016q3/bin/../lib/gcc/arm-none-eabi/5.4.1/armv7e-m/fpu/crti.o
LOAD /usr/local/gcc-arm/gcc-arm-none-eabi-5_4-2016q3/bin/../lib/gcc/arm-none-eabi/5.4.1/armv7e-m/fpu/crtbegin.o
LOAD /usr/local/gcc-arm/gcc-arm-none-eabi-5_4-2016q3/bin/../lib/gcc/arm-none-eabi/5.4.1/../../../../arm-none-eabi/lib/armv7e-m/fpu/crt0.o
LOAD /usr/local/gcc-arm/gcc-arm-none-eabi-5_4-2016q3/bin/../lib/gcc/arm-none-eabi/5.4.1/../../../../arm-none-eabi/lib/armv7e-m/fpu/libc_nano.a
LOAD /usr/local/gcc-arm/gcc-arm-none-eabi-5_4-2016q3/bin/../lib/gcc/arm-none-eabi/5.4.1/../../../../arm-none-eabi/lib/armv7e-m/fpu/libnosys.a
LOAD _build/nrf52840_xxaa_nrf_log_backend_serial.c.o
LOAD _build/nrf52840_xxaa_nrf_log_frontend.c.o
LOAD _build/nrf52840_xxaa_boards.c.o
LOAD _build/nrf52840_xxaa_app_button.c.o
LOAD _build/nrf52840_xxaa_app_error.c.o
LOAD _build/nrf52840_xxaa_app_error_weak.c.o
LOAD _build/nrf52840_xxaa_app_scheduler.c.o
LOAD _build/nrf52840_xxaa_app_timer.c.o
LOAD _build/nrf52840_xxaa_app_util_platform.c.o
LOAD _build/nrf52840_xxaa_nrf_assert.c.o
LOAD _build/nrf52840_xxaa_nrf_strerror.c.o
LOAD _build/nrf52840_xxaa_nrf_drv_common.c.o
LOAD _build/nrf52840_xxaa_nrf_drv_gpiote.c.o
LOAD _build/nrf52840_xxaa_nrf_drv_spi.c.o
LOAD _build/nrf52840_xxaa_nrf_drv_uart.c.o
LOAD _build/nrf52840_xxaa_bsp.c.o
LOAD _build/nrf52840_xxaa_bsp_nfc.c.o
LOAD _build/nrf52840_xxaa_main.c.o
LOAD _build/nrf52840_xxaa_RTT_Syscalls_GCC.c.o
LOAD _build/nrf52840_xxaa_SEGGER_RTT.c.o
LOAD _build/nrf52840_xxaa_SEGGER_RTT_printf.c.o
LOAD _build/nrf52840_xxaa_gcc_startup_nrf52840.S.o
LOAD _build/nrf52840_xxaa_system_nrf52840.c.o
LOAD /usr/local/gcc-arm/gcc-arm-none-eabi-5_4-2016q3/bin/../lib/gcc/arm-none-eabi/5.4.1/../../../../arm-none-eabi/lib/armv7e-m/fpu/libm.a
START GROUP
LOAD /usr/local/gcc-arm/gcc-arm-none-eabi-5_4-2016q3/bin/../lib/gcc/arm-none-eabi/5.4.1/armv7e-m/fpu/libgcc.a
LOAD /usr/local/gcc-arm/gcc-arm-none-eabi-5_4-2016q3/bin/../lib/gcc/arm-none-eabi/5.4.1/../../../../arm-none-eabi/lib/armv7e-m/fpu/libc_nano.a
END GROUP
START GROUP
LOAD /usr/local/gcc-arm/gcc-arm-none-eabi-5_4-2016q3/bin/../lib/gcc/arm-none-eabi/5.4.1/armv7e-m/fpu/libgcc.a
LOAD /usr/local/gcc-arm/gcc-arm-none-eabi-5_4-2016q3/bin/../lib/gcc/arm-none-eabi/5.4.1/../../../../arm-none-eabi/lib/armv7e-m/fpu/libc_nano.a
END GROUP
LOAD /usr/local/gcc-arm/gcc-arm-none-eabi-5_4-2016q3/bin/../lib/gcc/arm-none-eabi/5.4.1/armv7e-m/fpu/crtend.o
LOAD /usr/local/gcc-arm/gcc-arm-none-eabi-5_4-2016q3/bin/../lib/gcc/arm-none-eabi/5.4.1/armv7e-m/fpu/crtn.o
START GROUP
LOAD /usr/local/gcc-arm/gcc-arm-none-eabi-5_4-2016q3/bin/../lib/gcc/arm-none-eabi/5.4.1/armv7e-m/fpu/libgcc.a
LOAD /usr/local/gcc-arm/gcc-arm-none-eabi-5_4-2016q3/bin/../lib/gcc/arm-none-eabi/5.4.1/../../../../arm-none-eabi/lib/armv7e-m/fpu/libc.a
LOAD /usr/local/gcc-arm/gcc-arm-none-eabi-5_4-2016q3/bin/../lib/gcc/arm-none-eabi/5.4.1/../../../../arm-none-eabi/lib/armv7e-m/fpu/libnosys.a
END GROUP

.igot.plt       0x00000000200001f0        0x0 load address 0x0000000000003600
 .igot.plt      0x00000000200001f0        0x0 /usr/local/gcc-arm/gcc-arm-none-eabi-5_4-2016q3/bin/../lib/gcc/arm-none-eabi/5.4.1/armv7e-m/fpu/crtbegin.o

.fs_data        0x00000000200001f0        0x0
                [!provide]                        PROVIDE (__start_fs_data, .)
 *(.fs_data)
                [!provide]                        PROVIDE (__stop_fs_data, .)

.bss            0x00000000200001f0      0x728 load address 0x0000000000003600
                0x00000000200001f0                . = ALIGN (0x4)
                0x00000000200001f0                __bss_start__ = .
 *(.bss*)
 .bss           0x00000000200001f0       0x1c /usr/local/gcc-arm/gcc-arm-none-eabi-5_4-2016q3/bin/../lib/gcc/arm-none-eabi/5.4.1/armv7e-m/fpu/crtbegin.o
 .bss.m_uart_buffer
                0x000000002000020c      0x100 _build/nrf52840_xxaa_nrf_log_backend_serial.c.o
 .bss.m_rx_done
                0x000000002000030c        0x1 _build/nrf52840_xxaa_nrf_log_backend_serial.c.o
 .bss.m_blocking_mode
                0x000000002000030d        0x1 _build/nrf52840_xxaa_nrf_log_backend_serial.c.o
 .bss.m_initialized
                0x000000002000030e        0x1 _build/nrf52840_xxaa_nrf_log_backend_serial.c.o
 *fill*         0x000000002000030f        0x1 
 .bss.m_log_data
                0x0000000020000310      0x418 _build/nrf52840_xxaa_nrf_log_frontend.c.o
 .bss.m_ticks_latest
                0x0000000020000728        0x4 _build/nrf52840_xxaa_app_timer.c.o
 .bss.mp_timer_id_head
                0x000000002000072c        0x4 _build/nrf52840_xxaa_app_timer.c.o
 .bss.m_ticks_elapsed_q_read_ind
                0x0000000020000730        0x1 _build/nrf52840_xxaa_app_timer.c.o
 .bss.m_ticks_elapsed_q_write_ind
                0x0000000020000731        0x1 _build/nrf52840_xxaa_app_timer.c.o
 .bss.m_rtc1_reset
                0x0000000020000732        0x1 _build/nrf52840_xxaa_app_timer.c.o
 *fill*         0x0000000020000733        0x1 
 .bss.m_op_queue
                0x0000000020000734      0x10c _build/nrf52840_xxaa_app_timer.c.o
 .bss.m_ticks_elapsed
                0x0000000020000840        0x8 _build/nrf52840_xxaa_app_timer.c.o
 .bss.m_rtc1_running
                0x0000000020000848        0x1 _build/nrf52840_xxaa_app_timer.c.o
 *fill*         0x0000000020000849        0x3 
 .bss.m_in_critical_region
                0x000000002000084c        0x4 _build/nrf52840_xxaa_app_util_platform.c.o
 .bss.m_cb      0x0000000020000850       0x68 _build/nrf52840_xxaa_nrf_drv_gpiote.c.o
 .bss.m_cb      0x00000000200008b8       0x24 _build/nrf52840_xxaa_nrf_drv_spi.c.o
 .bss.m_cb      0x00000000200008dc       0x20 _build/nrf52840_xxaa_nrf_drv_uart.c.o
 .bss.m_rx_buf  0x00000000200008fc        0x8 _build/nrf52840_xxaa_main.c.o
 .bss.spi_xfer_done
                0x0000000020000904        0x1 _build/nrf52840_xxaa_main.c.o
 *fill*         0x0000000020000905        0x3 
 .bss.__malloc_sbrk_start
                0x0000000020000908        0x4 /usr/local/gcc-arm/gcc-arm-none-eabi-5_4-2016q3/bin/../lib/gcc/arm-none-eabi/5.4.1/../../../../arm-none-eabi/lib/armv7e-m/fpu/libc_nano.a(lib_a-nano-mallocr.o)
                0x0000000020000908                __malloc_sbrk_start
 .bss.__malloc_free_list
                0x000000002000090c        0x4 /usr/local/gcc-arm/gcc-arm-none-eabi-5_4-2016q3/bin/../lib/gcc/arm-none-eabi/5.4.1/../../../../arm-none-eabi/lib/armv7e-m/fpu/libc_nano.a(lib_a-nano-mallocr.o)
                0x000000002000090c                __malloc_free_list
 .bss.heap_end.4169
                0x0000000020000910        0x4 /usr/local/gcc-arm/gcc-arm-none-eabi-5_4-2016q3/bin/../lib/gcc/arm-none-eabi/5.4.1/../../../../arm-none-eabi/lib/armv7e-m/fpu/libnosys.a(sbrk.o)
 *(COMMON)
 COMMON         0x0000000020000914        0x4 /usr/local/gcc-arm/gcc-arm-none-eabi-5_4-2016q3/bin/../lib/gcc/arm-none-eabi/5.4.1/../../../../arm-none-eabi/lib/armv7e-m/fpu/libc_nano.a(lib_a-reent.o)
                0x0000000020000914                errno
                0x0000000020000918                . = ALIGN (0x4)
                0x0000000020000918                __bss_end__ = .

.heap           0x0000000020000918     0x2000
                0x0000000020000918                __HeapBase = .
                0x0000000020000918                __end__ = .
                0x0000000020000918                PROVIDE (end, .)
 *(.heap*)
 .heap          0x0000000020000918     0x2000 _build/nrf52840_xxaa_gcc_startup_nrf52840.S.o
                0x0000000020002918                __HeapLimit = .

.stack_dummy    0x0000000020000918     0x2000
 *(.stack*)
 .stack         0x0000000020000918     0x2000 _build/nrf52840_xxaa_gcc_startup_nrf52840.S.o
                0x0000000020040000                __StackTop = (ORIGIN (RAM) + LENGTH (RAM))
                0x000000002003e000                __StackLimit = (__StackTop - SIZEOF (.stack_dummy))
                0x0000000020040000                PROVIDE (__stack, __StackTop)
                0x0000000000000001                ASSERT ((__StackLimit >= __HeapLimit), region RAM overflowed with stack)
OUTPUT(_build/nrf52840_xxaa.out elf32-littlearm)

.ARM.attributes
                0x0000000000000000       0x30
 .ARM.attributes
                0x0000000000000000       0x22 /usr/local/gcc-arm/gcc-arm-none-eabi-5_4-2016q3/bin/../lib/gcc/arm-none-eabi/5.4.1/armv7e-m/fpu/crti.o
 .ARM.attributes
                0x0000000000000022       0x34 /usr/local/gcc-arm/gcc-arm-none-eabi-5_4-2016q3/bin/../lib/gcc/arm-none-eabi/5.4.1/armv7e-m/fpu/crtbegin.o
 .ARM.attributes
                0x0000000000000056       0x20 /usr/local/gcc-arm/gcc-arm-none-eabi-5_4-2016q3/bin/../lib/gcc/arm-none-eabi/5.4.1/../../../../arm-none-eabi/lib/armv7e-m/fpu/crt0.o
 .ARM.attributes
                0x0000000000000076       0x34 /usr/local/gcc-arm/gcc-arm-none-eabi-5_4-2016q3/bin/../lib/gcc/arm-none-eabi/5.4.1/../../../../arm-none-eabi/lib/armv7e-m/fpu/libc_nano.a(lib_a-exit.o)
 .ARM.attributes
                0x00000000000000aa       0x34 /usr/local/gcc-arm/gcc-arm-none-eabi-5_4-2016q3/bin/../lib/gcc/arm-none-eabi/5.4.1/../../../../arm-none-eabi/lib/armv7e-m/fpu/libc_nano.a(lib_a-impure.o)
 .ARM.attributes
                0x00000000000000de       0x34 /usr/local/gcc-arm/gcc-arm-none-eabi-5_4-2016q3/bin/../lib/gcc/arm-none-eabi/5.4.1/../../../../arm-none-eabi/lib/armv7e-m/fpu/libc_nano.a(lib_a-init.o)
 .ARM.attributes
                0x0000000000000112       0x34 /usr/local/gcc-arm/gcc-arm-none-eabi-5_4-2016q3/bin/../lib/gcc/arm-none-eabi/5.4.1/../../../../arm-none-eabi/lib/armv7e-m/fpu/libc_nano.a(lib_a-memset.o)
 .ARM.attributes
                0x0000000000000146       0x34 /usr/local/gcc-arm/gcc-arm-none-eabi-5_4-2016q3/bin/../lib/gcc/arm-none-eabi/5.4.1/../../../../arm-none-eabi/lib/armv7e-m/fpu/libnosys.a(_exit.o)
 .ARM.attributes
                0x000000000000017a       0x39 _build/nrf52840_xxaa_nrf_log_backend_serial.c.o
 .ARM.attributes
                0x00000000000001b3       0x39 _build/nrf52840_xxaa_nrf_log_frontend.c.o
 .ARM.attributes
                0x00000000000001ec       0x39 _build/nrf52840_xxaa_boards.c.o
 .ARM.attributes
                0x0000000000000225       0x39 _build/nrf52840_xxaa_app_error.c.o
 .ARM.attributes
                0x000000000000025e       0x39 _build/nrf52840_xxaa_app_error_weak.c.o
 .ARM.attributes
                0x0000000000000297       0x39 _build/nrf52840_xxaa_app_timer.c.o
 .ARM.attributes
                0x00000000000002d0       0x39 _build/nrf52840_xxaa_app_util_platform.c.o
 .ARM.attributes
                0x0000000000000309       0x39 _build/nrf52840_xxaa_nrf_drv_common.c.o
 .ARM.attributes
                0x0000000000000342       0x39 _build/nrf52840_xxaa_nrf_drv_gpiote.c.o
 .ARM.attributes
                0x000000000000037b       0x39 _build/nrf52840_xxaa_nrf_drv_spi.c.o
 .ARM.attributes
                0x00000000000003b4       0x39 _build/nrf52840_xxaa_nrf_drv_uart.c.o
 .ARM.attributes
                0x00000000000003ed       0x39 _build/nrf52840_xxaa_main.c.o
 .ARM.attributes
                0x0000000000000426       0x1c _build/nrf52840_xxaa_gcc_startup_nrf52840.S.o
 .ARM.attributes
                0x0000000000000442       0x39 _build/nrf52840_xxaa_system_nrf52840.c.o
 .ARM.attributes
                0x000000000000047b       0x34 /usr/local/gcc-arm/gcc-arm-none-eabi-5_4-2016q3/bin/../lib/gcc/arm-none-eabi/5.4.1/../../../../arm-none-eabi/lib/armv7e-m/fpu/libc_nano.a(lib_a-locale.o)
 .ARM.attributes
                0x00000000000004af       0x34 /usr/local/gcc-arm/gcc-arm-none-eabi-5_4-2016q3/bin/../lib/gcc/arm-none-eabi/5.4.1/../../../../arm-none-eabi/lib/armv7e-m/fpu/libc_nano.a(lib_a-mbtowc_r.o)
 .ARM.attributes
                0x00000000000004e3       0x34 /usr/local/gcc-arm/gcc-arm-none-eabi-5_4-2016q3/bin/../lib/gcc/arm-none-eabi/5.4.1/../../../../arm-none-eabi/lib/armv7e-m/fpu/libc_nano.a(lib_a-memcpy-stub.o)
 .ARM.attributes
                0x0000000000000517       0x34 /usr/local/gcc-arm/gcc-arm-none-eabi-5_4-2016q3/bin/../lib/gcc/arm-none-eabi/5.4.1/../../../../arm-none-eabi/lib/armv7e-m/fpu/libc_nano.a(lib_a-snprintf.o)
 .ARM.attributes
                0x000000000000054b       0x1b /usr/local/gcc-arm/gcc-arm-none-eabi-5_4-2016q3/bin/../lib/gcc/arm-none-eabi/5.4.1/../../../../arm-none-eabi/lib/armv7e-m/fpu/libc_nano.a(lib_a-strlen.o)
 .ARM.attributes
                0x0000000000000566       0x34 /usr/local/gcc-arm/gcc-arm-none-eabi-5_4-2016q3/bin/../lib/gcc/arm-none-eabi/5.4.1/../../../../arm-none-eabi/lib/armv7e-m/fpu/libc_nano.a(lib_a-wctomb_r.o)
 .ARM.attributes
                0x000000000000059a       0x34 /usr/local/gcc-arm/gcc-arm-none-eabi-5_4-2016q3/bin/../lib/gcc/arm-none-eabi/5.4.1/../../../../arm-none-eabi/lib/armv7e-m/fpu/libc_nano.a(lib_a-ctype_.o)
 .ARM.attributes
                0x00000000000005ce       0x34 /usr/local/gcc-arm/gcc-arm-none-eabi-5_4-2016q3/bin/../lib/gcc/arm-none-eabi/5.4.1/../../../../arm-none-eabi/lib/armv7e-m/fpu/libc_nano.a(lib_a-nano-svfprintf.o)
 .ARM.attributes
                0x0000000000000602       0x34 /usr/local/gcc-arm/gcc-arm-none-eabi-5_4-2016q3/bin/../lib/gcc/arm-none-eabi/5.4.1/../../../../arm-none-eabi/lib/armv7e-m/fpu/libc_nano.a(lib_a-nano-vfprintf_i.o)
 .ARM.attributes
                0x0000000000000636       0x20 /usr/local/gcc-arm/gcc-arm-none-eabi-5_4-2016q3/bin/../lib/gcc/arm-none-eabi/5.4.1/../../../../arm-none-eabi/lib/armv7e-m/fpu/libc_nano.a(lib_a-memchr.o)
 .ARM.attributes
                0x0000000000000656       0x34 /usr/local/gcc-arm/gcc-arm-none-eabi-5_4-2016q3/bin/../lib/gcc/arm-none-eabi/5.4.1/../../../../arm-none-eabi/lib/armv7e-m/fpu/libc_nano.a(lib_a-memmove.o)
 .ARM.attributes
                0x000000000000068a       0x34 /usr/local/gcc-arm/gcc-arm-none-eabi-5_4-2016q3/bin/../lib/gcc/arm-none-eabi/5.4.1/../../../../arm-none-eabi/lib/armv7e-m/fpu/libc_nano.a(lib_a-nano-freer.o)
 .ARM.attributes
                0x00000000000006be       0x34 /usr/local/gcc-arm/gcc-arm-none-eabi-5_4-2016q3/bin/../lib/gcc/arm-none-eabi/5.4.1/../../../../arm-none-eabi/lib/armv7e-m/fpu/libc_nano.a(lib_a-nano-mallocr.o)
 .ARM.attributes
                0x00000000000006f2       0x34 /usr/local/gcc-arm/gcc-arm-none-eabi-5_4-2016q3/bin/../lib/gcc/arm-none-eabi/5.4.1/../../../../arm-none-eabi/lib/armv7e-m/fpu/libc_nano.a(lib_a-nano-reallocr.o)
 .ARM.attributes
                0x0000000000000726       0x34 /usr/local/gcc-arm/gcc-arm-none-eabi-5_4-2016q3/bin/../lib/gcc/arm-none-eabi/5.4.1/../../../../arm-none-eabi/lib/armv7e-m/fpu/libc_nano.a(lib_a-sbrkr.o)
 .ARM.attributes
                0x000000000000075a       0x34 /usr/local/gcc-arm/gcc-arm-none-eabi-5_4-2016q3/bin/../lib/gcc/arm-none-eabi/5.4.1/../../../../arm-none-eabi/lib/armv7e-m/fpu/libc_nano.a(lib_a-mlock.o)
 .ARM.attributes
                0x000000000000078e       0x34 /usr/local/gcc-arm/gcc-arm-none-eabi-5_4-2016q3/bin/../lib/gcc/arm-none-eabi/5.4.1/../../../../arm-none-eabi/lib/armv7e-m/fpu/libc_nano.a(lib_a-nano-msizer.o)
 .ARM.attributes
                0x00000000000007c2       0x34 /usr/local/gcc-arm/gcc-arm-none-eabi-5_4-2016q3/bin/../lib/gcc/arm-none-eabi/5.4.1/../../../../arm-none-eabi/lib/armv7e-m/fpu/libc_nano.a(lib_a-reent.o)
 .ARM.attributes
                0x00000000000007f6       0x34 /usr/local/gcc-arm/gcc-arm-none-eabi-5_4-2016q3/bin/../lib/gcc/arm-none-eabi/5.4.1/armv7e-m/fpu/crtend.o
 .ARM.attributes
                0x000000000000082a       0x22 /usr/local/gcc-arm/gcc-arm-none-eabi-5_4-2016q3/bin/../lib/gcc/arm-none-eabi/5.4.1/armv7e-m/fpu/crtn.o
 .ARM.attributes
                0x000000000000084c       0x34 /usr/local/gcc-arm/gcc-arm-none-eabi-5_4-2016q3/bin/../lib/gcc/arm-none-eabi/5.4.1/../../../../arm-none-eabi/lib/armv7e-m/fpu/libnosys.a(sbrk.o)

.comment        0x0000000000000000       0x6e
 .comment       0x0000000000000000       0x6e _build/nrf52840_xxaa_nrf_log_backend_serial.c.o
                                         0x6f (size before relaxing)
 .comment       0x000000000000006e       0x6f _build/nrf52840_xxaa_nrf_log_frontend.c.o
 .comment       0x000000000000006e       0x6f _build/nrf52840_xxaa_boards.c.o
 .comment       0x000000000000006e       0x6f _build/nrf52840_xxaa_app_error.c.o
 .comment       0x000000000000006e       0x6f _build/nrf52840_xxaa_app_error_weak.c.o
 .comment       0x000000000000006e       0x6f _build/nrf52840_xxaa_app_timer.c.o
 .comment       0x000000000000006e       0x6f _build/nrf52840_xxaa_app_util_platform.c.o
 .comment       0x000000000000006e       0x6f _build/nrf52840_xxaa_nrf_drv_common.c.o
 .comment       0x000000000000006e       0x6f _build/nrf52840_xxaa_nrf_drv_gpiote.c.o
 .comment       0x000000000000006e       0x6f _build/nrf52840_xxaa_nrf_drv_spi.c.o
 .comment       0x000000000000006e       0x6f _build/nrf52840_xxaa_nrf_drv_uart.c.o
 .comment       0x000000000000006e       0x6f _build/nrf52840_xxaa_main.c.o
 .comment       0x000000000000006e       0x6f _build/nrf52840_xxaa_system_nrf52840.c.o

.debug_frame    0x0000000000000000     0x11bc
 .debug_frame   0x0000000000000000       0x28 /usr/local/gcc-arm/gcc-arm-none-eabi-5_4-2016q3/bin/../lib/gcc/arm-none-eabi/5.4.1/../../../../arm-none-eabi/lib/armv7e-m/fpu/libc_nano.a(lib_a-exit.o)
 .debug_frame   0x0000000000000028       0x2c /usr/local/gcc-arm/gcc-arm-none-eabi-5_4-2016q3/bin/../lib/gcc/arm-none-eabi/5.4.1/../../../../arm-none-eabi/lib/armv7e-m/fpu/libc_nano.a(lib_a-init.o)
 .debug_frame   0x0000000000000054       0x20 /usr/local/gcc-arm/gcc-arm-none-eabi-5_4-2016q3/bin/../lib/gcc/arm-none-eabi/5.4.1/../../../../arm-none-eabi/lib/armv7e-m/fpu/libc_nano.a(lib_a-memset.o)
 .debug_frame   0x0000000000000074       0x20 /usr/local/gcc-arm/gcc-arm-none-eabi-5_4-2016q3/bin/../lib/gcc/arm-none-eabi/5.4.1/../../../../arm-none-eabi/lib/armv7e-m/fpu/libnosys.a(_exit.o)
 .debug_frame   0x0000000000000094       0xec _build/nrf52840_xxaa_nrf_log_backend_serial.c.o
 .debug_frame   0x0000000000000180      0x2c4 _build/nrf52840_xxaa_nrf_log_frontend.c.o
 .debug_frame   0x0000000000000444      0x110 _build/nrf52840_xxaa_boards.c.o
 .debug_frame   0x0000000000000554       0x70 _build/nrf52840_xxaa_app_error.c.o
 .debug_frame   0x00000000000005c4       0x28 _build/nrf52840_xxaa_app_error_weak.c.o
 .debug_frame   0x00000000000005ec      0x12c _build/nrf52840_xxaa_app_timer.c.o
 .debug_frame   0x0000000000000718       0x70 _build/nrf52840_xxaa_app_util_platform.c.o
 .debug_frame   0x0000000000000788       0x2c _build/nrf52840_xxaa_nrf_drv_common.c.o
 .debug_frame   0x00000000000007b4      0x260 _build/nrf52840_xxaa_nrf_drv_gpiote.c.o
 .debug_frame   0x0000000000000a14      0x104 _build/nrf52840_xxaa_nrf_drv_spi.c.o
 .debug_frame   0x0000000000000b18      0x1c0 _build/nrf52840_xxaa_nrf_drv_uart.c.o
 .debug_frame   0x0000000000000cd8       0x4c _build/nrf52840_xxaa_main.c.o
 .debug_frame   0x0000000000000d24       0x44 _build/nrf52840_xxaa_system_nrf52840.c.o
 .debug_frame   0x0000000000000d68       0x88 /usr/local/gcc-arm/gcc-arm-none-eabi-5_4-2016q3/bin/../lib/gcc/arm-none-eabi/5.4.1/../../../../arm-none-eabi/lib/armv7e-m/fpu/libc_nano.a(lib_a-locale.o)
 .debug_frame   0x0000000000000df0       0x44 /usr/local/gcc-arm/gcc-arm-none-eabi-5_4-2016q3/bin/../lib/gcc/arm-none-eabi/5.4.1/../../../../arm-none-eabi/lib/armv7e-m/fpu/libc_nano.a(lib_a-mbtowc_r.o)
 .debug_frame   0x0000000000000e34       0x28 /usr/local/gcc-arm/gcc-arm-none-eabi-5_4-2016q3/bin/../lib/gcc/arm-none-eabi/5.4.1/../../../../arm-none-eabi/lib/armv7e-m/fpu/libc_nano.a(lib_a-memcpy-stub.o)
 .debug_frame   0x0000000000000e5c       0x74 /usr/local/gcc-arm/gcc-arm-none-eabi-5_4-2016q3/bin/../lib/gcc/arm-none-eabi/5.4.1/../../../../arm-none-eabi/lib/armv7e-m/fpu/libc_nano.a(lib_a-snprintf.o)
 .debug_frame   0x0000000000000ed0       0x3c /usr/local/gcc-arm/gcc-arm-none-eabi-5_4-2016q3/bin/../lib/gcc/arm-none-eabi/5.4.1/../../../../arm-none-eabi/lib/armv7e-m/fpu/libc_nano.a(lib_a-wctomb_r.o)
 .debug_frame   0x0000000000000f0c       0x90 /usr/local/gcc-arm/gcc-arm-none-eabi-5_4-2016q3/bin/../lib/gcc/arm-none-eabi/5.4.1/../../../../arm-none-eabi/lib/armv7e-m/fpu/libc_nano.a(lib_a-nano-svfprintf.o)
 .debug_frame   0x0000000000000f9c       0x60 /usr/local/gcc-arm/gcc-arm-none-eabi-5_4-2016q3/bin/../lib/gcc/arm-none-eabi/5.4.1/../../../../arm-none-eabi/lib/armv7e-m/fpu/libc_nano.a(lib_a-nano-vfprintf_i.o)
 .debug_frame   0x0000000000000ffc       0x28 /usr/local/gcc-arm/gcc-arm-none-eabi-5_4-2016q3/bin/../lib/gcc/arm-none-eabi/5.4.1/../../../../arm-none-eabi/lib/armv7e-m/fpu/libc_nano.a(lib_a-memmove.o)
 .debug_frame   0x0000000000001024       0x38 /usr/local/gcc-arm/gcc-arm-none-eabi-5_4-2016q3/bin/../lib/gcc/arm-none-eabi/5.4.1/../../../../arm-none-eabi/lib/armv7e-m/fpu/libc_nano.a(lib_a-nano-freer.o)
 .debug_frame   0x000000000000105c       0x2c /usr/local/gcc-arm/gcc-arm-none-eabi-5_4-2016q3/bin/../lib/gcc/arm-none-eabi/5.4.1/../../../../arm-none-eabi/lib/armv7e-m/fpu/libc_nano.a(lib_a-nano-mallocr.o)
 .debug_frame   0x0000000000001088       0x3c /usr/local/gcc-arm/gcc-arm-none-eabi-5_4-2016q3/bin/../lib/gcc/arm-none-eabi/5.4.1/../../../../arm-none-eabi/lib/armv7e-m/fpu/libc_nano.a(lib_a-nano-reallocr.o)
 .debug_frame   0x00000000000010c4       0x2c /usr/local/gcc-arm/gcc-arm-none-eabi-5_4-2016q3/bin/../lib/gcc/arm-none-eabi/5.4.1/../../../../arm-none-eabi/lib/armv7e-m/fpu/libc_nano.a(lib_a-sbrkr.o)
 .debug_frame   0x00000000000010f0       0x30 /usr/local/gcc-arm/gcc-arm-none-eabi-5_4-2016q3/bin/../lib/gcc/arm-none-eabi/5.4.1/../../../../arm-none-eabi/lib/armv7e-m/fpu/libc_nano.a(lib_a-mlock.o)
 .debug_frame   0x0000000000001120       0x20 /usr/local/gcc-arm/gcc-arm-none-eabi-5_4-2016q3/bin/../lib/gcc/arm-none-eabi/5.4.1/../../../../arm-none-eabi/lib/armv7e-m/fpu/libc_nano.a(lib_a-nano-msizer.o)
 .debug_frame   0x0000000000001140       0x5c /usr/local/gcc-arm/gcc-arm-none-eabi-5_4-2016q3/bin/../lib/gcc/arm-none-eabi/5.4.1/../../../../arm-none-eabi/lib/armv7e-m/fpu/libc_nano.a(lib_a-reent.o)
 .debug_frame   0x000000000000119c       0x20 /usr/local/gcc-arm/gcc-arm-none-eabi-5_4-2016q3/bin/../lib/gcc/arm-none-eabi/5.4.1/../../../../arm-none-eabi/lib/armv7e-m/fpu/libnosys.a(sbrk.o)

.debug_info     0x0000000000000000    0x1184d
 .debug_info    0x0000000000000000     0x1605 _build/nrf52840_xxaa_nrf_log_backend_serial.c.o
 .debug_info    0x0000000000001605     0x14e3 _build/nrf52840_xxaa_nrf_log_frontend.c.o
 .debug_info    0x0000000000002ae8      0xc48 _build/nrf52840_xxaa_boards.c.o
 .debug_info    0x0000000000003730      0x34f _build/nrf52840_xxaa_app_error.c.o
 .debug_info    0x0000000000003a7f      0x39e _build/nrf52840_xxaa_app_error_weak.c.o
 .debug_info    0x0000000000003e1d     0x1a80 _build/nrf52840_xxaa_app_timer.c.o
 .debug_info    0x000000000000589d      0x7c0 _build/nrf52840_xxaa_app_util_platform.c.o
 .debug_info    0x000000000000605d      0x61f _build/nrf52840_xxaa_nrf_drv_common.c.o
 .debug_info    0x000000000000667c     0x297d _build/nrf52840_xxaa_nrf_drv_gpiote.c.o
 .debug_info    0x0000000000008ff9     0x246d _build/nrf52840_xxaa_nrf_drv_spi.c.o
 .debug_info    0x000000000000b466     0x45b4 _build/nrf52840_xxaa_nrf_drv_uart.c.o
 .debug_info    0x000000000000fa1a      0xeee _build/nrf52840_xxaa_main.c.o
 .debug_info    0x0000000000010908      0xf45 _build/nrf52840_xxaa_system_nrf52840.c.o

.debug_abbrev   0x0000000000000000     0x24a4
 .debug_abbrev  0x0000000000000000      0x3db _build/nrf52840_xxaa_nrf_log_backend_serial.c.o
 .debug_abbrev  0x00000000000003db      0x35b _build/nrf52840_xxaa_nrf_log_frontend.c.o
 .debug_abbrev  0x0000000000000736      0x294 _build/nrf52840_xxaa_boards.c.o
 .debug_abbrev  0x00000000000009ca      0x13a _build/nrf52840_xxaa_app_error.c.o
 .debug_abbrev  0x0000000000000b04      0x16d _build/nrf52840_xxaa_app_error_weak.c.o
 .debug_abbrev  0x0000000000000c71      0x3ec _build/nrf52840_xxaa_app_timer.c.o
 .debug_abbrev  0x000000000000105d      0x22d _build/nrf52840_xxaa_app_util_platform.c.o
 .debug_abbrev  0x000000000000128a      0x191 _build/nrf52840_xxaa_nrf_drv_common.c.o
 .debug_abbrev  0x000000000000141b      0x3fe _build/nrf52840_xxaa_nrf_drv_gpiote.c.o
 .debug_abbrev  0x0000000000001819      0x3eb _build/nrf52840_xxaa_nrf_drv_spi.c.o
 .debug_abbrev  0x0000000000001c04      0x3ce _build/nrf52840_xxaa_nrf_drv_uart.c.o
 .debug_abbrev  0x0000000000001fd2      0x2fc _build/nrf52840_xxaa_main.c.o
 .debug_abbrev  0x00000000000022ce      0x1d6 _build/nrf52840_xxaa_system_nrf52840.c.o

.debug_loc      0x0000000000000000     0xadc9
 .debug_loc     0x0000000000000000      0xfe9 _build/nrf52840_xxaa_nrf_log_backend_serial.c.o
 .debug_loc     0x0000000000000fe9     0x1e67 _build/nrf52840_xxaa_nrf_log_frontend.c.o
 .debug_loc     0x0000000000002e50      0x60f _build/nrf52840_xxaa_boards.c.o
 .debug_loc     0x000000000000345f      0x145 _build/nrf52840_xxaa_app_error.c.o
 .debug_loc     0x00000000000035a4       0x63 _build/nrf52840_xxaa_app_error_weak.c.o
 .debug_loc     0x0000000000003607      0xf0b _build/nrf52840_xxaa_app_timer.c.o
 .debug_loc     0x0000000000004512       0xa0 _build/nrf52840_xxaa_app_util_platform.c.o
 .debug_loc     0x00000000000045b2       0xd6 _build/nrf52840_xxaa_nrf_drv_common.c.o
 .debug_loc     0x0000000000004688     0x2bd3 _build/nrf52840_xxaa_nrf_drv_gpiote.c.o
 .debug_loc     0x000000000000725b     0x10d3 _build/nrf52840_xxaa_nrf_drv_spi.c.o
 .debug_loc     0x000000000000832e     0x29d0 _build/nrf52840_xxaa_nrf_drv_uart.c.o
 .debug_loc     0x000000000000acfe       0xcb _build/nrf52840_xxaa_main.c.o

.debug_aranges  0x0000000000000000      0x488
 .debug_aranges
                0x0000000000000000       0x50 _build/nrf52840_xxaa_nrf_log_backend_serial.c.o
 .debug_aranges
                0x0000000000000050       0x98 _build/nrf52840_xxaa_nrf_log_frontend.c.o
 .debug_aranges
                0x00000000000000e8       0x80 _build/nrf52840_xxaa_boards.c.o
 .debug_aranges
                0x0000000000000168       0x30 _build/nrf52840_xxaa_app_error.c.o
 .debug_aranges
                0x0000000000000198       0x20 _build/nrf52840_xxaa_app_error_weak.c.o
 .debug_aranges
                0x00000000000001b8       0x70 _build/nrf52840_xxaa_app_timer.c.o
 .debug_aranges
                0x0000000000000228       0x48 _build/nrf52840_xxaa_app_util_platform.c.o
 .debug_aranges
                0x0000000000000270       0x20 _build/nrf52840_xxaa_nrf_drv_common.c.o
 .debug_aranges
                0x0000000000000290       0xd8 _build/nrf52840_xxaa_nrf_drv_gpiote.c.o
 .debug_aranges
                0x0000000000000368       0x58 _build/nrf52840_xxaa_nrf_drv_spi.c.o
 .debug_aranges
                0x00000000000003c0       0x78 _build/nrf52840_xxaa_nrf_drv_uart.c.o
 .debug_aranges
                0x0000000000000438       0x28 _build/nrf52840_xxaa_main.c.o
 .debug_aranges
                0x0000000000000460       0x28 _build/nrf52840_xxaa_system_nrf52840.c.o

.debug_ranges   0x0000000000000000     0x20f8
 .debug_ranges  0x0000000000000000      0x178 _build/nrf52840_xxaa_nrf_log_backend_serial.c.o
 .debug_ranges  0x0000000000000178      0x240 _build/nrf52840_xxaa_nrf_log_frontend.c.o
 .debug_ranges  0x00000000000003b8       0xe8 _build/nrf52840_xxaa_boards.c.o
 .debug_ranges  0x00000000000004a0       0x20 _build/nrf52840_xxaa_app_error.c.o
 .debug_ranges  0x00000000000004c0       0x10 _build/nrf52840_xxaa_app_error_weak.c.o
 .debug_ranges  0x00000000000004d0      0x418 _build/nrf52840_xxaa_app_timer.c.o
 .debug_ranges  0x00000000000008e8       0x50 _build/nrf52840_xxaa_app_util_platform.c.o
 .debug_ranges  0x0000000000000938       0x30 _build/nrf52840_xxaa_nrf_drv_common.c.o
 .debug_ranges  0x0000000000000968      0xc58 _build/nrf52840_xxaa_nrf_drv_gpiote.c.o
 .debug_ranges  0x00000000000015c0      0x2a8 _build/nrf52840_xxaa_nrf_drv_spi.c.o
 .debug_ranges  0x0000000000001868      0x7f0 _build/nrf52840_xxaa_nrf_drv_uart.c.o
 .debug_ranges  0x0000000000002058       0x70 _build/nrf52840_xxaa_main.c.o
 .debug_ranges  0x00000000000020c8       0x30 _build/nrf52840_xxaa_system_nrf52840.c.o

.debug_macro    0x0000000000000000    0x16323
 .debug_macro   0x0000000000000000      0x321 _build/nrf52840_xxaa_nrf_log_backend_serial.c.o
 .debug_macro   0x0000000000000321      0x892 _build/nrf52840_xxaa_nrf_log_backend_serial.c.o
 .debug_macro   0x0000000000000bb3       0x22 _build/nrf52840_xxaa_nrf_log_backend_serial.c.o
 .debug_macro   0x0000000000000bd5       0x4f _build/nrf52840_xxaa_nrf_log_backend_serial.c.o
 .debug_macro   0x0000000000000c24       0x44 _build/nrf52840_xxaa_nrf_log_backend_serial.c.o
 .debug_macro   0x0000000000000c68       0xfd _build/nrf52840_xxaa_nrf_log_backend_serial.c.o
 .debug_macro   0x0000000000000d65       0x5e _build/nrf52840_xxaa_nrf_log_backend_serial.c.o
 .debug_macro   0x0000000000000dc3      0x1df _build/nrf52840_xxaa_nrf_log_backend_serial.c.o
 .debug_macro   0x0000000000000fa2       0x22 _build/nrf52840_xxaa_nrf_log_backend_serial.c.o
 .debug_macro   0x0000000000000fc4       0x52 _build/nrf52840_xxaa_nrf_log_backend_serial.c.o
 .debug_macro   0x0000000000001016       0x35 _build/nrf52840_xxaa_nrf_log_backend_serial.c.o
 .debug_macro   0x000000000000104b       0x9c _build/nrf52840_xxaa_nrf_log_backend_serial.c.o
 .debug_macro   0x00000000000010e7      0x16d _build/nrf52840_xxaa_nrf_log_backend_serial.c.o
 .debug_macro   0x0000000000001254       0x52 _build/nrf52840_xxaa_nrf_log_backend_serial.c.o
 .debug_macro   0x00000000000012a6       0x1f _build/nrf52840_xxaa_nrf_log_backend_serial.c.o
 .debug_macro   0x00000000000012c5       0x43 _build/nrf52840_xxaa_nrf_log_backend_serial.c.o
 .debug_macro   0x0000000000001308       0x20 _build/nrf52840_xxaa_nrf_log_backend_serial.c.o
 .debug_macro   0x0000000000001328      0x187 _build/nrf52840_xxaa_nrf_log_backend_serial.c.o
 .debug_macro   0x00000000000014af      0x330 _build/nrf52840_xxaa_nrf_log_backend_serial.c.o
 .debug_macro   0x00000000000017df       0x10 _build/nrf52840_xxaa_nrf_log_backend_serial.c.o
 .debug_macro   0x00000000000017ef       0x35 _build/nrf52840_xxaa_nrf_log_backend_serial.c.o
 .debug_macro   0x0000000000001824      0x1c8 _build/nrf52840_xxaa_nrf_log_backend_serial.c.o
 .debug_macro   0x00000000000019ec      0x16d _build/nrf52840_xxaa_nrf_log_backend_serial.c.o
 .debug_macro   0x0000000000001b59       0x2e _build/nrf52840_xxaa_nrf_log_backend_serial.c.o
 .debug_macro   0x0000000000001b87       0x22 _build/nrf52840_xxaa_nrf_log_backend_serial.c.o
 .debug_macro   0x0000000000001ba9       0x8e _build/nrf52840_xxaa_nrf_log_backend_serial.c.o
 .debug_macro   0x0000000000001c37       0x78 _build/nrf52840_xxaa_nrf_log_backend_serial.c.o
 .debug_macro   0x0000000000001caf       0x22 _build/nrf52840_xxaa_nrf_log_backend_serial.c.o
 .debug_macro   0x0000000000001cd1       0x2d _build/nrf52840_xxaa_nrf_log_backend_serial.c.o
 .debug_macro   0x0000000000001cfe       0x3b _build/nrf52840_xxaa_nrf_log_backend_serial.c.o
 .debug_macro   0x0000000000001d39       0x50 _build/nrf52840_xxaa_nrf_log_backend_serial.c.o
 .debug_macro   0x0000000000001d89      0xe66 _build/nrf52840_xxaa_nrf_log_backend_serial.c.o
 .debug_macro   0x0000000000002bef      0x3f4 _build/nrf52840_xxaa_nrf_log_backend_serial.c.o
 .debug_macro   0x0000000000002fe3     0xeabd _build/nrf52840_xxaa_nrf_log_backend_serial.c.o
 .debug_macro   0x0000000000011aa0      0xa4c _build/nrf52840_xxaa_nrf_log_backend_serial.c.o
 .debug_macro   0x00000000000124ec       0xa6 _build/nrf52840_xxaa_nrf_log_backend_serial.c.o
 .debug_macro   0x0000000000012592      0x491 _build/nrf52840_xxaa_nrf_log_backend_serial.c.o
 .debug_macro   0x0000000000012a23       0x4b _build/nrf52840_xxaa_nrf_log_backend_serial.c.o
 .debug_macro   0x0000000000012a6e       0x1c _build/nrf52840_xxaa_nrf_log_backend_serial.c.o
 .debug_macro   0x0000000000012a8a       0x10 _build/nrf52840_xxaa_nrf_log_backend_serial.c.o
 .debug_macro   0x0000000000012a9a       0x10 _build/nrf52840_xxaa_nrf_log_backend_serial.c.o
 .debug_macro   0x0000000000012aaa       0xb6 _build/nrf52840_xxaa_nrf_log_backend_serial.c.o
 .debug_macro   0x0000000000012b60       0x16 _build/nrf52840_xxaa_nrf_log_backend_serial.c.o
 .debug_macro   0x0000000000012b76      0x145 _build/nrf52840_xxaa_nrf_log_backend_serial.c.o
 .debug_macro   0x0000000000012cbb       0x2b _build/nrf52840_xxaa_nrf_log_backend_serial.c.o
 .debug_macro   0x0000000000012ce6       0x10 _build/nrf52840_xxaa_nrf_log_backend_serial.c.o
 .debug_macro   0x0000000000012cf6       0x7f _build/nrf52840_xxaa_nrf_log_backend_serial.c.o
 .debug_macro   0x0000000000012d75       0x28 _build/nrf52840_xxaa_nrf_log_backend_serial.c.o
 .debug_macro   0x0000000000012d9d       0x22 _build/nrf52840_xxaa_nrf_log_backend_serial.c.o
 .debug_macro   0x0000000000012dbf       0x52 _build/nrf52840_xxaa_nrf_log_backend_serial.c.o
 .debug_macro   0x0000000000012e11       0x9c _build/nrf52840_xxaa_nrf_log_backend_serial.c.o
 .debug_macro   0x0000000000012ead      0x30d _build/nrf52840_xxaa_nrf_log_backend_serial.c.o
 .debug_macro   0x00000000000131ba       0x10 _build/nrf52840_xxaa_nrf_log_backend_serial.c.o
 .debug_macro   0x00000000000131ca       0x3d _build/nrf52840_xxaa_nrf_log_backend_serial.c.o
 .debug_macro   0x0000000000013207      0x30d _build/nrf52840_xxaa_nrf_log_frontend.c.o
 .debug_macro   0x0000000000013514       0x22 _build/nrf52840_xxaa_nrf_log_frontend.c.o
 .debug_macro   0x0000000000013536      0x16a _build/nrf52840_xxaa_nrf_log_frontend.c.o
 .debug_macro   0x00000000000136a0       0x5e _build/nrf52840_xxaa_nrf_log_frontend.c.o
 .debug_macro   0x00000000000136fe       0x2e _build/nrf52840_xxaa_nrf_log_frontend.c.o
 .debug_macro   0x000000000001372c      0x292 _build/nrf52840_xxaa_boards.c.o
 .debug_macro   0x00000000000139be       0x35 _build/nrf52840_xxaa_boards.c.o
 .debug_macro   0x00000000000139f3       0x22 _build/nrf52840_xxaa_boards.c.o
 .debug_macro   0x0000000000013a15       0x16 _build/nrf52840_xxaa_boards.c.o
 .debug_macro   0x0000000000013a2b       0x97 _build/nrf52840_xxaa_boards.c.o
 .debug_macro   0x0000000000013ac2       0xf6 _build/nrf52840_xxaa_boards.c.o
 .debug_macro   0x0000000000013bb8       0x16 _build/nrf52840_xxaa_boards.c.o
 .debug_macro   0x0000000000013bce       0x22 _build/nrf52840_xxaa_boards.c.o
 .debug_macro   0x0000000000013bf0       0x16 _build/nrf52840_xxaa_boards.c.o
 .debug_macro   0x0000000000013c06      0x202 _build/nrf52840_xxaa_boards.c.o
 .debug_macro   0x0000000000013e08      0x115 _build/nrf52840_xxaa_boards.c.o
 .debug_macro   0x0000000000013f1d      0x2c9 _build/nrf52840_xxaa_app_error.c.o
 .debug_macro   0x00000000000141e6       0x16 _build/nrf52840_xxaa_app_error.c.o
 .debug_macro   0x00000000000141fc      0x497 _build/nrf52840_xxaa_app_error.c.o
 .debug_macro   0x0000000000014693      0x164 _build/nrf52840_xxaa_app_error.c.o
 .debug_macro   0x00000000000147f7       0x16 _build/nrf52840_xxaa_app_error.c.o
 .debug_macro   0x000000000001480d      0x2c3 _build/nrf52840_xxaa_app_error_weak.c.o
 .debug_macro   0x0000000000014ad0      0x308 _build/nrf52840_xxaa_app_timer.c.o
 .debug_macro   0x0000000000014dd8       0x16 _build/nrf52840_xxaa_app_timer.c.o
 .debug_macro   0x0000000000014dee      0x23a _build/nrf52840_xxaa_app_util_platform.c.o
 .debug_macro   0x0000000000015028      0x2a4 _build/nrf52840_xxaa_nrf_drv_common.c.o
 .debug_macro   0x00000000000152cc       0x22 _build/nrf52840_xxaa_nrf_drv_common.c.o
 .debug_macro   0x00000000000152ee      0x396 _build/nrf52840_xxaa_nrf_drv_gpiote.c.o
 .debug_macro   0x0000000000015684       0x28 _build/nrf52840_xxaa_nrf_drv_gpiote.c.o
 .debug_macro   0x00000000000156ac       0x16 _build/nrf52840_xxaa_nrf_drv_gpiote.c.o
 .debug_macro   0x00000000000156c2       0x16 _build/nrf52840_xxaa_nrf_drv_gpiote.c.o
 .debug_macro   0x00000000000156d8      0x39b _build/nrf52840_xxaa_nrf_drv_spi.c.o
 .debug_macro   0x0000000000015a73       0x92 _build/nrf52840_xxaa_nrf_drv_spi.c.o
 .debug_macro   0x0000000000015b05      0x383 _build/nrf52840_xxaa_nrf_drv_uart.c.o
 .debug_macro   0x0000000000015e88      0x38a _build/nrf52840_xxaa_main.c.o
 .debug_macro   0x0000000000016212       0x1c _build/nrf52840_xxaa_main.c.o
 .debug_macro   0x000000000001622e       0xf5 _build/nrf52840_xxaa_system_nrf52840.c.o

.debug_line     0x0000000000000000     0x77e8
 .debug_line    0x0000000000000000      0x885 _build/nrf52840_xxaa_nrf_log_backend_serial.c.o
 .debug_line    0x0000000000000885      0xa90 _build/nrf52840_xxaa_nrf_log_frontend.c.o
 .debug_line    0x0000000000001315      0x715 _build/nrf52840_xxaa_boards.c.o
 .debug_line    0x0000000000001a2a      0x67c _build/nrf52840_xxaa_app_error.c.o
 .debug_line    0x00000000000020a6      0x664 _build/nrf52840_xxaa_app_error_weak.c.o
 .debug_line    0x000000000000270a      0xa4a _build/nrf52840_xxaa_app_timer.c.o
 .debug_line    0x0000000000003154      0x590 _build/nrf52840_xxaa_app_util_platform.c.o
 .debug_line    0x00000000000036e4      0x600 _build/nrf52840_xxaa_nrf_drv_common.c.o
 .debug_line    0x0000000000003ce4     0x1216 _build/nrf52840_xxaa_nrf_drv_gpiote.c.o
 .debug_line    0x0000000000004efa      0xaf1 _build/nrf52840_xxaa_nrf_drv_spi.c.o
 .debug_line    0x00000000000059eb     0x1200 _build/nrf52840_xxaa_nrf_drv_uart.c.o
 .debug_line    0x0000000000006beb      0x815 _build/nrf52840_xxaa_main.c.o
 .debug_line    0x0000000000007400      0x3e8 _build/nrf52840_xxaa_system_nrf52840.c.o

.debug_str      0x0000000000000000    0x74a08
 .debug_str     0x0000000000000000    0x6c85e _build/nrf52840_xxaa_nrf_log_backend_serial.c.o
                                      0x6d5cc (size before relaxing)
 .debug_str     0x000000000006c85e     0x1cfe _build/nrf52840_xxaa_nrf_log_frontend.c.o
                                      0x6d923 (size before relaxing)
 .debug_str     0x000000000006e55c     0x170e _build/nrf52840_xxaa_boards.c.o
                                      0x68ee6 (size before relaxing)
 .debug_str     0x000000000006fc6a      0x11d _build/nrf52840_xxaa_app_error.c.o
                                      0x6d272 (size before relaxing)
 .debug_str     0x000000000006fd87       0xae _build/nrf52840_xxaa_app_error_weak.c.o
                                      0x6d23f (size before relaxing)
 .debug_str     0x000000000006fe35      0xcb3 _build/nrf52840_xxaa_app_timer.c.o
                                      0x6c70d (size before relaxing)
 .debug_str     0x0000000000070ae8      0x1ba _build/nrf52840_xxaa_app_util_platform.c.o
                                      0x67813 (size before relaxing)
 .debug_str     0x0000000000070ca2      0x1b7 _build/nrf52840_xxaa_nrf_drv_common.c.o
                                      0x6c474 (size before relaxing)
 .debug_str     0x0000000000070e59     0x1652 _build/nrf52840_xxaa_nrf_drv_gpiote.c.o
                                      0x6f832 (size before relaxing)
 .debug_str     0x00000000000724ab     0x1282 _build/nrf52840_xxaa_nrf_drv_spi.c.o
                                      0x6f303 (size before relaxing)
 .debug_str     0x000000000007372d      0xdf8 _build/nrf52840_xxaa_nrf_drv_uart.c.o
                                      0x6fafd (size before relaxing)
 .debug_str     0x0000000000074525       0xf7 _build/nrf52840_xxaa_main.c.o
                                      0x6fc14 (size before relaxing)
 .debug_str     0x000000000007461c      0x3ec _build/nrf52840_xxaa_system_nrf52840.c.o
                                      0x62c4b (size before relaxing)
